ARM GAS  C:\Users\Nick\AppData\Local\Temp\ccGdFqd8.s 			page 1


   1              		.cpu cortex-m0
   2              		.fpu softvfp
   3              		.eabi_attribute 20, 1
   4              		.eabi_attribute 21, 1
   5              		.eabi_attribute 23, 3
   6              		.eabi_attribute 24, 1
   7              		.eabi_attribute 25, 1
   8              		.eabi_attribute 26, 1
   9              		.eabi_attribute 30, 1
  10              		.eabi_attribute 34, 0
  11              		.eabi_attribute 18, 4
  12              		.code	16
  13              		.file	"cyfitter_cfg.c"
  14              		.text
  15              	.Ltext0:
  16              		.cfi_sections	.debug_frame
  17              		.section	.text.AnalogSetDefault,"ax",%progbits
  18              		.align	2
  19              		.code	16
  20              		.thumb_func
  21              		.type	AnalogSetDefault, %function
  22              	AnalogSetDefault:
  23              	.LFB6:
  24              		.file 1 "Generated_Source\\PSoC4\\cyfitter_cfg.c"
   1:Generated_Source\PSoC4/cyfitter_cfg.c **** /*******************************************************************************
   2:Generated_Source\PSoC4/cyfitter_cfg.c **** * File Name: cyfitter_cfg.c
   3:Generated_Source\PSoC4/cyfitter_cfg.c **** * 
   4:Generated_Source\PSoC4/cyfitter_cfg.c **** * PSoC Creator  4.0
   5:Generated_Source\PSoC4/cyfitter_cfg.c **** *
   6:Generated_Source\PSoC4/cyfitter_cfg.c **** * Description:
   7:Generated_Source\PSoC4/cyfitter_cfg.c **** * This file contains device initialization code.
   8:Generated_Source\PSoC4/cyfitter_cfg.c **** * Except for the user defined sections in CyClockStartupError(), this file should not be modified.
   9:Generated_Source\PSoC4/cyfitter_cfg.c **** * This file is automatically generated by PSoC Creator.
  10:Generated_Source\PSoC4/cyfitter_cfg.c **** *
  11:Generated_Source\PSoC4/cyfitter_cfg.c **** ********************************************************************************
  12:Generated_Source\PSoC4/cyfitter_cfg.c **** * Copyright (c) 2007-2016 Cypress Semiconductor.  All rights reserved.
  13:Generated_Source\PSoC4/cyfitter_cfg.c **** * You may use this file only in accordance with the license, terms, conditions, 
  14:Generated_Source\PSoC4/cyfitter_cfg.c **** * disclaimers, and limitations in the end user license agreement accompanying 
  15:Generated_Source\PSoC4/cyfitter_cfg.c **** * the software package with which this file was provided.
  16:Generated_Source\PSoC4/cyfitter_cfg.c **** ********************************************************************************/
  17:Generated_Source\PSoC4/cyfitter_cfg.c **** 
  18:Generated_Source\PSoC4/cyfitter_cfg.c **** #include <string.h>
  19:Generated_Source\PSoC4/cyfitter_cfg.c **** #include "cytypes.h"
  20:Generated_Source\PSoC4/cyfitter_cfg.c **** #include "cydevice_trm.h"
  21:Generated_Source\PSoC4/cyfitter_cfg.c **** #include "cyfitter.h"
  22:Generated_Source\PSoC4/cyfitter_cfg.c **** #include "CyLib.h"
  23:Generated_Source\PSoC4/cyfitter_cfg.c **** #include "cyfitter_cfg.h"
  24:Generated_Source\PSoC4/cyfitter_cfg.c **** #include "cyapicallbacks.h"
  25:Generated_Source\PSoC4/cyfitter_cfg.c **** 
  26:Generated_Source\PSoC4/cyfitter_cfg.c **** 
  27:Generated_Source\PSoC4/cyfitter_cfg.c **** #if defined(__GNUC__) || defined(__ARMCC_VERSION)
  28:Generated_Source\PSoC4/cyfitter_cfg.c ****     #define CYPACKED 
  29:Generated_Source\PSoC4/cyfitter_cfg.c ****     #define CYPACKED_ATTR __attribute__ ((packed))
  30:Generated_Source\PSoC4/cyfitter_cfg.c ****     #define CYALIGNED __attribute__ ((aligned))
  31:Generated_Source\PSoC4/cyfitter_cfg.c ****     #define CY_CFG_UNUSED __attribute__ ((unused))
  32:Generated_Source\PSoC4/cyfitter_cfg.c ****     #ifndef CY_CFG_SECTION
  33:Generated_Source\PSoC4/cyfitter_cfg.c ****         #define CY_CFG_SECTION __attribute__ ((section(".psocinit")))
ARM GAS  C:\Users\Nick\AppData\Local\Temp\ccGdFqd8.s 			page 2


  34:Generated_Source\PSoC4/cyfitter_cfg.c ****     #endif
  35:Generated_Source\PSoC4/cyfitter_cfg.c ****     
  36:Generated_Source\PSoC4/cyfitter_cfg.c ****     #if defined(__ARMCC_VERSION)
  37:Generated_Source\PSoC4/cyfitter_cfg.c ****         #define CY_CFG_MEMORY_BARRIER() __memory_changed()
  38:Generated_Source\PSoC4/cyfitter_cfg.c ****     #else
  39:Generated_Source\PSoC4/cyfitter_cfg.c ****         #define CY_CFG_MEMORY_BARRIER() __sync_synchronize()
  40:Generated_Source\PSoC4/cyfitter_cfg.c ****     #endif
  41:Generated_Source\PSoC4/cyfitter_cfg.c ****     
  42:Generated_Source\PSoC4/cyfitter_cfg.c **** #elif defined(__ICCARM__)
  43:Generated_Source\PSoC4/cyfitter_cfg.c ****     #include <intrinsics.h>
  44:Generated_Source\PSoC4/cyfitter_cfg.c **** 
  45:Generated_Source\PSoC4/cyfitter_cfg.c ****     #define CYPACKED __packed
  46:Generated_Source\PSoC4/cyfitter_cfg.c ****     #define CYPACKED_ATTR 
  47:Generated_Source\PSoC4/cyfitter_cfg.c ****     #define CYALIGNED _Pragma("data_alignment=4")
  48:Generated_Source\PSoC4/cyfitter_cfg.c ****     #define CY_CFG_UNUSED _Pragma("diag_suppress=Pe177")
  49:Generated_Source\PSoC4/cyfitter_cfg.c ****     #define CY_CFG_SECTION _Pragma("location=\".psocinit\"")
  50:Generated_Source\PSoC4/cyfitter_cfg.c ****     
  51:Generated_Source\PSoC4/cyfitter_cfg.c ****     #define CY_CFG_MEMORY_BARRIER() __DMB()
  52:Generated_Source\PSoC4/cyfitter_cfg.c ****     
  53:Generated_Source\PSoC4/cyfitter_cfg.c **** #else
  54:Generated_Source\PSoC4/cyfitter_cfg.c ****     #error Unsupported toolchain
  55:Generated_Source\PSoC4/cyfitter_cfg.c **** #endif
  56:Generated_Source\PSoC4/cyfitter_cfg.c **** 
  57:Generated_Source\PSoC4/cyfitter_cfg.c **** 
  58:Generated_Source\PSoC4/cyfitter_cfg.c **** CY_CFG_UNUSED
  59:Generated_Source\PSoC4/cyfitter_cfg.c **** static void CYMEMZERO(void *s, size_t n);
  60:Generated_Source\PSoC4/cyfitter_cfg.c **** CY_CFG_UNUSED
  61:Generated_Source\PSoC4/cyfitter_cfg.c **** static void CYMEMZERO(void *s, size_t n)
  62:Generated_Source\PSoC4/cyfitter_cfg.c **** {
  63:Generated_Source\PSoC4/cyfitter_cfg.c **** 	(void)memset(s, 0, n);
  64:Generated_Source\PSoC4/cyfitter_cfg.c **** }
  65:Generated_Source\PSoC4/cyfitter_cfg.c **** CY_CFG_UNUSED
  66:Generated_Source\PSoC4/cyfitter_cfg.c **** static void CYCONFIGCPY(void *dest, const void *src, size_t n);
  67:Generated_Source\PSoC4/cyfitter_cfg.c **** CY_CFG_UNUSED
  68:Generated_Source\PSoC4/cyfitter_cfg.c **** static void CYCONFIGCPY(void *dest, const void *src, size_t n)
  69:Generated_Source\PSoC4/cyfitter_cfg.c **** {
  70:Generated_Source\PSoC4/cyfitter_cfg.c **** 	(void)memcpy(dest, src, n);
  71:Generated_Source\PSoC4/cyfitter_cfg.c **** }
  72:Generated_Source\PSoC4/cyfitter_cfg.c **** CY_CFG_UNUSED
  73:Generated_Source\PSoC4/cyfitter_cfg.c **** static void CYCONFIGCPYCODE(void *dest, const void *src, size_t n);
  74:Generated_Source\PSoC4/cyfitter_cfg.c **** CY_CFG_UNUSED
  75:Generated_Source\PSoC4/cyfitter_cfg.c **** static void CYCONFIGCPYCODE(void *dest, const void *src, size_t n)
  76:Generated_Source\PSoC4/cyfitter_cfg.c **** {
  77:Generated_Source\PSoC4/cyfitter_cfg.c **** 	(void)memcpy(dest, src, n);
  78:Generated_Source\PSoC4/cyfitter_cfg.c **** }
  79:Generated_Source\PSoC4/cyfitter_cfg.c **** 
  80:Generated_Source\PSoC4/cyfitter_cfg.c **** 
  81:Generated_Source\PSoC4/cyfitter_cfg.c **** 
  82:Generated_Source\PSoC4/cyfitter_cfg.c **** 
  83:Generated_Source\PSoC4/cyfitter_cfg.c **** /* Clock startup error codes                                                   */
  84:Generated_Source\PSoC4/cyfitter_cfg.c **** #define CYCLOCKSTART_NO_ERROR    0u
  85:Generated_Source\PSoC4/cyfitter_cfg.c **** #define CYCLOCKSTART_XTAL_ERROR  1u
  86:Generated_Source\PSoC4/cyfitter_cfg.c **** #define CYCLOCKSTART_32KHZ_ERROR 2u
  87:Generated_Source\PSoC4/cyfitter_cfg.c **** #define CYCLOCKSTART_PLL_ERROR   3u
  88:Generated_Source\PSoC4/cyfitter_cfg.c **** 
  89:Generated_Source\PSoC4/cyfitter_cfg.c **** 
  90:Generated_Source\PSoC4/cyfitter_cfg.c **** #ifdef CY_NEED_CYCLOCKSTARTUPERROR
ARM GAS  C:\Users\Nick\AppData\Local\Temp\ccGdFqd8.s 			page 3


  91:Generated_Source\PSoC4/cyfitter_cfg.c **** /*******************************************************************************
  92:Generated_Source\PSoC4/cyfitter_cfg.c **** * Function Name: CyClockStartupError
  93:Generated_Source\PSoC4/cyfitter_cfg.c **** ********************************************************************************
  94:Generated_Source\PSoC4/cyfitter_cfg.c **** * Summary:
  95:Generated_Source\PSoC4/cyfitter_cfg.c **** *  If an error is encountered during clock configuration (crystal startup error,
  96:Generated_Source\PSoC4/cyfitter_cfg.c **** *  PLL lock error, etc.), the system will end up here.  Unless reimplemented by
  97:Generated_Source\PSoC4/cyfitter_cfg.c **** *  the customer, this function will stop in an infinite loop.
  98:Generated_Source\PSoC4/cyfitter_cfg.c **** *
  99:Generated_Source\PSoC4/cyfitter_cfg.c **** * Parameters:
 100:Generated_Source\PSoC4/cyfitter_cfg.c **** *   void
 101:Generated_Source\PSoC4/cyfitter_cfg.c **** *
 102:Generated_Source\PSoC4/cyfitter_cfg.c **** * Return:
 103:Generated_Source\PSoC4/cyfitter_cfg.c **** *   void
 104:Generated_Source\PSoC4/cyfitter_cfg.c **** *
 105:Generated_Source\PSoC4/cyfitter_cfg.c **** *******************************************************************************/
 106:Generated_Source\PSoC4/cyfitter_cfg.c **** CY_CFG_UNUSED
 107:Generated_Source\PSoC4/cyfitter_cfg.c **** static void CyClockStartupError(uint8 errorCode);
 108:Generated_Source\PSoC4/cyfitter_cfg.c **** CY_CFG_UNUSED
 109:Generated_Source\PSoC4/cyfitter_cfg.c **** static void CyClockStartupError(uint8 errorCode)
 110:Generated_Source\PSoC4/cyfitter_cfg.c **** {
 111:Generated_Source\PSoC4/cyfitter_cfg.c ****     /* To remove the compiler warning if errorCode not used.                */
 112:Generated_Source\PSoC4/cyfitter_cfg.c ****     errorCode = errorCode;
 113:Generated_Source\PSoC4/cyfitter_cfg.c **** 
 114:Generated_Source\PSoC4/cyfitter_cfg.c ****     /* If we have a clock startup error (bad MHz crystal, PLL lock, etc.),  */
 115:Generated_Source\PSoC4/cyfitter_cfg.c ****     /* we will end up here to allow the customer to implement something to  */
 116:Generated_Source\PSoC4/cyfitter_cfg.c ****     /* deal with the clock condition.                                       */
 117:Generated_Source\PSoC4/cyfitter_cfg.c **** 
 118:Generated_Source\PSoC4/cyfitter_cfg.c **** #ifdef CY_CFG_CLOCK_STARTUP_ERROR_CALLBACK
 119:Generated_Source\PSoC4/cyfitter_cfg.c **** 	CY_CFG_Clock_Startup_ErrorCallback();
 120:Generated_Source\PSoC4/cyfitter_cfg.c **** #else
 121:Generated_Source\PSoC4/cyfitter_cfg.c **** 	/*  If not using CY_CFG_CLOCK_STARTUP_ERROR_CALLBACK, place your clock startup code here. */
 122:Generated_Source\PSoC4/cyfitter_cfg.c ****     /* `#START CyClockStartupError` */
 123:Generated_Source\PSoC4/cyfitter_cfg.c **** 
 124:Generated_Source\PSoC4/cyfitter_cfg.c **** 
 125:Generated_Source\PSoC4/cyfitter_cfg.c **** 
 126:Generated_Source\PSoC4/cyfitter_cfg.c ****     /* `#END` */
 127:Generated_Source\PSoC4/cyfitter_cfg.c **** 
 128:Generated_Source\PSoC4/cyfitter_cfg.c ****     /* If nothing else, stop here since the clocks have not started         */
 129:Generated_Source\PSoC4/cyfitter_cfg.c ****     /* correctly.                                                           */
 130:Generated_Source\PSoC4/cyfitter_cfg.c ****     while(1) {}
 131:Generated_Source\PSoC4/cyfitter_cfg.c **** #endif /* CY_CFG_CLOCK_STARTUP_ERROR_CALLBACK */ 
 132:Generated_Source\PSoC4/cyfitter_cfg.c **** }
 133:Generated_Source\PSoC4/cyfitter_cfg.c **** #endif
 134:Generated_Source\PSoC4/cyfitter_cfg.c **** 
 135:Generated_Source\PSoC4/cyfitter_cfg.c **** 
 136:Generated_Source\PSoC4/cyfitter_cfg.c **** 
 137:Generated_Source\PSoC4/cyfitter_cfg.c **** /*******************************************************************************
 138:Generated_Source\PSoC4/cyfitter_cfg.c **** * Function Name: ClockSetup
 139:Generated_Source\PSoC4/cyfitter_cfg.c **** ********************************************************************************
 140:Generated_Source\PSoC4/cyfitter_cfg.c **** *
 141:Generated_Source\PSoC4/cyfitter_cfg.c **** * Summary:
 142:Generated_Source\PSoC4/cyfitter_cfg.c **** *   Performs the initialization of all of the clocks in the device based on the
 143:Generated_Source\PSoC4/cyfitter_cfg.c **** *   settings in the Clock tab of the DWR.  This includes enabling the requested
 144:Generated_Source\PSoC4/cyfitter_cfg.c **** *   clocks and setting the necessary dividers to produce the desired frequency. 
 145:Generated_Source\PSoC4/cyfitter_cfg.c **** *
 146:Generated_Source\PSoC4/cyfitter_cfg.c **** * Parameters:
 147:Generated_Source\PSoC4/cyfitter_cfg.c **** *   void
ARM GAS  C:\Users\Nick\AppData\Local\Temp\ccGdFqd8.s 			page 4


 148:Generated_Source\PSoC4/cyfitter_cfg.c **** *
 149:Generated_Source\PSoC4/cyfitter_cfg.c **** * Return:
 150:Generated_Source\PSoC4/cyfitter_cfg.c **** *   void
 151:Generated_Source\PSoC4/cyfitter_cfg.c **** *
 152:Generated_Source\PSoC4/cyfitter_cfg.c **** *******************************************************************************/
 153:Generated_Source\PSoC4/cyfitter_cfg.c **** static void ClockSetup(void);
 154:Generated_Source\PSoC4/cyfitter_cfg.c **** CY_CFG_SECTION
 155:Generated_Source\PSoC4/cyfitter_cfg.c **** static void ClockSetup(void)
 156:Generated_Source\PSoC4/cyfitter_cfg.c **** {
 157:Generated_Source\PSoC4/cyfitter_cfg.c **** 
 158:Generated_Source\PSoC4/cyfitter_cfg.c **** 	/* Set Flash Cycles based on max possible frequency in case a glitch occurs during ClockSetup(). *
 159:Generated_Source\PSoC4/cyfitter_cfg.c **** 	CY_SET_REG32((void CYXDATA *)(CYREG_CPUSS_FLASH_CTL), (0x0012u));
 160:Generated_Source\PSoC4/cyfitter_cfg.c **** 
 161:Generated_Source\PSoC4/cyfitter_cfg.c **** 	/* Start the WCO */
 162:Generated_Source\PSoC4/cyfitter_cfg.c **** 	CySysClkWcoStart();
 163:Generated_Source\PSoC4/cyfitter_cfg.c **** 	CyDelayCycles(12000000u); /* WCO may take up to 500ms to start */
 164:Generated_Source\PSoC4/cyfitter_cfg.c **** 	(void)CySysClkWcoSetPowerMode(CY_SYS_CLK_WCO_LPM);    /* Switch to the low power mode */
 165:Generated_Source\PSoC4/cyfitter_cfg.c **** 
 166:Generated_Source\PSoC4/cyfitter_cfg.c **** 	/* Setup and trim IMO based on desired frequency. */
 167:Generated_Source\PSoC4/cyfitter_cfg.c **** 	CySysClkWriteImoFreq(48u);
 168:Generated_Source\PSoC4/cyfitter_cfg.c **** 	/* CYDEV_CLK_ILO_CONFIG Starting address: CYDEV_CLK_ILO_CONFIG */
 169:Generated_Source\PSoC4/cyfitter_cfg.c **** 	CY_SET_XTND_REG32((void CYFAR *)(CYREG_CLK_ILO_CONFIG), 0x80000006u);
 170:Generated_Source\PSoC4/cyfitter_cfg.c **** 
 171:Generated_Source\PSoC4/cyfitter_cfg.c **** 	/* CYDEV_WDT_CONFIG Starting address: CYDEV_WDT_CONFIG */
 172:Generated_Source\PSoC4/cyfitter_cfg.c **** 	CY_SET_XTND_REG32((void CYFAR *)(CYREG_WDT_CONFIG), 0x40000000u);
 173:Generated_Source\PSoC4/cyfitter_cfg.c **** 
 174:Generated_Source\PSoC4/cyfitter_cfg.c **** 
 175:Generated_Source\PSoC4/cyfitter_cfg.c **** 	/* Enable fast start mode for XO */
 176:Generated_Source\PSoC4/cyfitter_cfg.c **** 	CY_SET_REG32((void*)CYREG_BLE_BLERD_BB_XO, CY_GET_REG32((void*)CYREG_BLE_BLERD_BB_XO) | (uint32)0x
 177:Generated_Source\PSoC4/cyfitter_cfg.c **** 	CY_SET_XTND_REG32((void CYFAR *)(CYREG_BLE_BLERD_BB_XO_CAPTRIM), 0x00002D6Au);
 178:Generated_Source\PSoC4/cyfitter_cfg.c **** 	/*Set XTAL(ECO) divider*/
 179:Generated_Source\PSoC4/cyfitter_cfg.c **** 	CY_SET_XTND_REG32((void CYFAR *)(CYREG_BLE_BLESS_XTAL_CLK_DIV_CONFIG), 0x00000000u);
 180:Generated_Source\PSoC4/cyfitter_cfg.c **** 	/* Disable Crystal Stable Interrupt before enabling ECO */
 181:Generated_Source\PSoC4/cyfitter_cfg.c **** 	CY_SET_REG32((void*)CYREG_BLE_BLESS_LL_DSM_CTRL, CY_GET_REG32((void*)CYREG_BLE_BLESS_LL_DSM_CTRL) 
 182:Generated_Source\PSoC4/cyfitter_cfg.c **** 	/* Start the ECO and do not check status since it is not needed for HFCLK */
 183:Generated_Source\PSoC4/cyfitter_cfg.c **** 	(void)CySysClkEcoStart(2000u);
 184:Generated_Source\PSoC4/cyfitter_cfg.c **** 	CyDelayUs(1500u); /* Wait to stabalize */
 185:Generated_Source\PSoC4/cyfitter_cfg.c **** 
 186:Generated_Source\PSoC4/cyfitter_cfg.c **** 	/* Setup phase aligned clocks */
 187:Generated_Source\PSoC4/cyfitter_cfg.c **** 
 188:Generated_Source\PSoC4/cyfitter_cfg.c **** 	/* CYDEV_CLK_IMO_CONFIG Starting address: CYDEV_CLK_IMO_CONFIG */
 189:Generated_Source\PSoC4/cyfitter_cfg.c **** 	CY_SET_XTND_REG32((void CYFAR *)(CYREG_CLK_IMO_CONFIG), 0x80000000u);
 190:Generated_Source\PSoC4/cyfitter_cfg.c **** 
 191:Generated_Source\PSoC4/cyfitter_cfg.c **** 	/* CYDEV_CLK_SELECT Starting address: CYDEV_CLK_SELECT */
 192:Generated_Source\PSoC4/cyfitter_cfg.c **** 	CY_SET_XTND_REG32((void CYFAR *)(CYREG_CLK_SELECT), 0x00080000u);
 193:Generated_Source\PSoC4/cyfitter_cfg.c **** 
 194:Generated_Source\PSoC4/cyfitter_cfg.c **** 	CY_SET_XTND_REG32((void CYFAR *)(CYREG_WDT_CONFIG), 0x40000000u);
 195:Generated_Source\PSoC4/cyfitter_cfg.c **** }
 196:Generated_Source\PSoC4/cyfitter_cfg.c **** 
 197:Generated_Source\PSoC4/cyfitter_cfg.c **** 
 198:Generated_Source\PSoC4/cyfitter_cfg.c **** /* Analog API Functions */
 199:Generated_Source\PSoC4/cyfitter_cfg.c **** 
 200:Generated_Source\PSoC4/cyfitter_cfg.c **** 
 201:Generated_Source\PSoC4/cyfitter_cfg.c **** /*******************************************************************************
 202:Generated_Source\PSoC4/cyfitter_cfg.c **** * Function Name: AnalogSetDefault
 203:Generated_Source\PSoC4/cyfitter_cfg.c **** ********************************************************************************
 204:Generated_Source\PSoC4/cyfitter_cfg.c **** *
ARM GAS  C:\Users\Nick\AppData\Local\Temp\ccGdFqd8.s 			page 5


 205:Generated_Source\PSoC4/cyfitter_cfg.c **** * Summary:
 206:Generated_Source\PSoC4/cyfitter_cfg.c **** *  Sets up the analog portions of the chip to default values based on chip
 207:Generated_Source\PSoC4/cyfitter_cfg.c **** *  configuration options from the project.
 208:Generated_Source\PSoC4/cyfitter_cfg.c **** *
 209:Generated_Source\PSoC4/cyfitter_cfg.c **** * Parameters:
 210:Generated_Source\PSoC4/cyfitter_cfg.c **** *  void
 211:Generated_Source\PSoC4/cyfitter_cfg.c **** *
 212:Generated_Source\PSoC4/cyfitter_cfg.c **** * Return:
 213:Generated_Source\PSoC4/cyfitter_cfg.c **** *  void
 214:Generated_Source\PSoC4/cyfitter_cfg.c **** *
 215:Generated_Source\PSoC4/cyfitter_cfg.c **** *******************************************************************************/
 216:Generated_Source\PSoC4/cyfitter_cfg.c **** static void AnalogSetDefault(void);
 217:Generated_Source\PSoC4/cyfitter_cfg.c **** static void AnalogSetDefault(void)
 218:Generated_Source\PSoC4/cyfitter_cfg.c **** {
  25              		.loc 1 218 0
  26              		.cfi_startproc
 219:Generated_Source\PSoC4/cyfitter_cfg.c **** 	CY_SET_XTND_REG32((void CYFAR *)CYREG_CTBM0_DFT_CTRL, 0x00000003u);
  27              		.loc 1 219 0
  28 0000 0323     		mov	r3, #3
  29 0002 044A     		ldr	r2, .L2
  30 0004 1360     		str	r3, [r2]
 220:Generated_Source\PSoC4/cyfitter_cfg.c **** 	CY_SET_XTND_REG32((void CYFAR *)CYREG_CTBM1_DFT_CTRL, 0x00000003u);
  31              		.loc 1 220 0
  32 0006 044A     		ldr	r2, .L2+4
  33 0008 1360     		str	r3, [r2]
 221:Generated_Source\PSoC4/cyfitter_cfg.c **** 	CY_SET_XTND_REG32((void CYFAR *)CYREG_PASS_DSAB_DSAB_CTRL, 0x00000000u);
  34              		.loc 1 221 0
  35 000a 0022     		mov	r2, #0
  36 000c 034B     		ldr	r3, .L2+8
  37 000e 1A60     		str	r2, [r3]
 222:Generated_Source\PSoC4/cyfitter_cfg.c **** }
  38              		.loc 1 222 0
  39              		@ sp needed
  40 0010 7047     		bx	lr
  41              	.L3:
  42 0012 C046     		.align	2
  43              	.L2:
  44 0014 30003040 		.word	1076887600
  45 0018 30003140 		.word	1076953136
  46 001c 000E3F40 		.word	1077874176
  47              		.cfi_endproc
  48              	.LFE6:
  49              		.size	AnalogSetDefault, .-AnalogSetDefault
  50              		.section	.text.CYMEMZERO,"ax",%progbits
  51              		.align	2
  52              		.code	16
  53              		.thumb_func
  54              		.type	CYMEMZERO, %function
  55              	CYMEMZERO:
  56              	.LFB2:
  62:Generated_Source\PSoC4/cyfitter_cfg.c **** 	(void)memset(s, 0, n);
  57              		.loc 1 62 0
  58              		.cfi_startproc
  59              	.LVL0:
  60 0000 08B5     		push	{r3, lr}
  61              		.cfi_def_cfa_offset 8
  62              		.cfi_offset 3, -8
ARM GAS  C:\Users\Nick\AppData\Local\Temp\ccGdFqd8.s 			page 6


  63              		.cfi_offset 14, -4
  64 0002 0A1C     		mov	r2, r1
  63:Generated_Source\PSoC4/cyfitter_cfg.c **** }
  65              		.loc 1 63 0
  66 0004 0021     		mov	r1, #0
  67              	.LVL1:
  68 0006 FFF7FEFF 		bl	memset
  69              	.LVL2:
  64:Generated_Source\PSoC4/cyfitter_cfg.c **** CY_CFG_UNUSED
  70              		.loc 1 64 0
  71              		@ sp needed
  72 000a 08BD     		pop	{r3, pc}
  73              		.cfi_endproc
  74              	.LFE2:
  75              		.size	CYMEMZERO, .-CYMEMZERO
  76              		.section	.psocinit,"ax",%progbits
  77              		.align	2
  78              		.code	16
  79              		.thumb_func
  80              		.type	ClockSetup, %function
  81              	ClockSetup:
  82              	.LFB5:
 156:Generated_Source\PSoC4/cyfitter_cfg.c **** 
  83              		.loc 1 156 0
  84              		.cfi_startproc
  85 0000 38B5     		push	{r3, r4, r5, lr}
  86              		.cfi_def_cfa_offset 16
  87              		.cfi_offset 3, -16
  88              		.cfi_offset 4, -12
  89              		.cfi_offset 5, -8
  90              		.cfi_offset 14, -4
 159:Generated_Source\PSoC4/cyfitter_cfg.c **** 
  91              		.loc 1 159 0
  92 0002 1222     		mov	r2, #18
  93 0004 1A4B     		ldr	r3, .L6
  94 0006 1A60     		str	r2, [r3]
 162:Generated_Source\PSoC4/cyfitter_cfg.c **** 	CyDelayCycles(12000000u); /* WCO may take up to 500ms to start */
  95              		.loc 1 162 0
  96 0008 FFF7FEFF 		bl	CySysClkWcoStart
  97              	.LVL3:
 163:Generated_Source\PSoC4/cyfitter_cfg.c **** 	(void)CySysClkWcoSetPowerMode(CY_SYS_CLK_WCO_LPM);    /* Switch to the low power mode */
  98              		.loc 1 163 0
  99 000c 1948     		ldr	r0, .L6+4
 100 000e FFF7FEFF 		bl	CyDelayCycles
 101              	.LVL4:
 164:Generated_Source\PSoC4/cyfitter_cfg.c **** 
 102              		.loc 1 164 0
 103 0012 0120     		mov	r0, #1
 104 0014 FFF7FEFF 		bl	CySysClkWcoSetPowerMode
 105              	.LVL5:
 167:Generated_Source\PSoC4/cyfitter_cfg.c **** 	/* CYDEV_CLK_ILO_CONFIG Starting address: CYDEV_CLK_ILO_CONFIG */
 106              		.loc 1 167 0
 107 0018 3020     		mov	r0, #48
 108 001a FFF7FEFF 		bl	CySysClkWriteImoFreq
 109              	.LVL6:
 169:Generated_Source\PSoC4/cyfitter_cfg.c **** 
 110              		.loc 1 169 0
ARM GAS  C:\Users\Nick\AppData\Local\Temp\ccGdFqd8.s 			page 7


 111 001e 164A     		ldr	r2, .L6+8
 112 0020 164B     		ldr	r3, .L6+12
 113 0022 1A60     		str	r2, [r3]
 172:Generated_Source\PSoC4/cyfitter_cfg.c **** 
 114              		.loc 1 172 0
 115 0024 164C     		ldr	r4, .L6+16
 116 0026 8025     		mov	r5, #128
 117 0028 ED05     		lsl	r5, r5, #23
 118 002a 2560     		str	r5, [r4]
 176:Generated_Source\PSoC4/cyfitter_cfg.c **** 	CY_SET_XTND_REG32((void CYFAR *)(CYREG_BLE_BLERD_BB_XO_CAPTRIM), 0x00002D6Au);
 119              		.loc 1 176 0
 120 002c 154A     		ldr	r2, .L6+20
 121 002e 1168     		ldr	r1, [r2]
 122 0030 0223     		mov	r3, #2
 123 0032 0B43     		orr	r3, r1
 124 0034 1360     		str	r3, [r2]
 177:Generated_Source\PSoC4/cyfitter_cfg.c **** 	/*Set XTAL(ECO) divider*/
 125              		.loc 1 177 0
 126 0036 144A     		ldr	r2, .L6+24
 127 0038 144B     		ldr	r3, .L6+28
 128 003a 1A60     		str	r2, [r3]
 179:Generated_Source\PSoC4/cyfitter_cfg.c **** 	/* Disable Crystal Stable Interrupt before enabling ECO */
 129              		.loc 1 179 0
 130 003c 0022     		mov	r2, #0
 131 003e 144B     		ldr	r3, .L6+32
 132 0040 1A60     		str	r2, [r3]
 181:Generated_Source\PSoC4/cyfitter_cfg.c **** 	/* Start the ECO and do not check status since it is not needed for HFCLK */
 133              		.loc 1 181 0
 134 0042 144A     		ldr	r2, .L6+36
 135 0044 1368     		ldr	r3, [r2]
 136 0046 0821     		mov	r1, #8
 137 0048 8B43     		bic	r3, r1
 138 004a 1360     		str	r3, [r2]
 183:Generated_Source\PSoC4/cyfitter_cfg.c **** 	CyDelayUs(1500u); /* Wait to stabalize */
 139              		.loc 1 183 0
 140 004c FA20     		mov	r0, #250
 141 004e C000     		lsl	r0, r0, #3
 142 0050 FFF7FEFF 		bl	CySysClkEcoStart
 143              	.LVL7:
 184:Generated_Source\PSoC4/cyfitter_cfg.c **** 
 144              		.loc 1 184 0
 145 0054 1048     		ldr	r0, .L6+40
 146 0056 FFF7FEFF 		bl	CyDelayUs
 147              	.LVL8:
 189:Generated_Source\PSoC4/cyfitter_cfg.c **** 
 148              		.loc 1 189 0
 149 005a 8022     		mov	r2, #128
 150 005c 1206     		lsl	r2, r2, #24
 151 005e 0F4B     		ldr	r3, .L6+44
 152 0060 1A60     		str	r2, [r3]
 192:Generated_Source\PSoC4/cyfitter_cfg.c **** 
 153              		.loc 1 192 0
 154 0062 8022     		mov	r2, #128
 155 0064 1203     		lsl	r2, r2, #12
 156 0066 0E4B     		ldr	r3, .L6+48
 157 0068 1A60     		str	r2, [r3]
 194:Generated_Source\PSoC4/cyfitter_cfg.c **** }
ARM GAS  C:\Users\Nick\AppData\Local\Temp\ccGdFqd8.s 			page 8


 158              		.loc 1 194 0
 159 006a 2560     		str	r5, [r4]
 195:Generated_Source\PSoC4/cyfitter_cfg.c **** 
 160              		.loc 1 195 0
 161              		@ sp needed
 162 006c 38BD     		pop	{r3, r4, r5, pc}
 163              	.L7:
 164 006e C046     		.align	2
 165              	.L6:
 166 0070 30001040 		.word	1074790448
 167 0074 001BB700 		.word	12000000
 168 0078 06000080 		.word	-2147483642
 169 007c 04010B40 		.word	1074462980
 170 0080 0C020B40 		.word	1074463244
 171 0084 78002E40 		.word	1076756600
 172 0088 6A2D0000 		.word	11626
 173 008c 7C002E40 		.word	1076756604
 174 0090 64F02E40 		.word	1076818020
 175 0094 6CF02E40 		.word	1076818028
 176 0098 DC050000 		.word	1500
 177 009c 08010B40 		.word	1074462984
 178 00a0 00010B40 		.word	1074462976
 179              		.cfi_endproc
 180              	.LFE5:
 181              		.size	ClockSetup, .-ClockSetup
 182              		.align	2
 183              		.global	cyfitter_cfg
 184              		.code	16
 185              		.thumb_func
 186              		.type	cyfitter_cfg, %function
 187              	cyfitter_cfg:
 188              	.LFB7:
 223:Generated_Source\PSoC4/cyfitter_cfg.c **** 
 224:Generated_Source\PSoC4/cyfitter_cfg.c **** #define CY_AMUX_UNUSED CYREG_CM0_ROM_DWT
 225:Generated_Source\PSoC4/cyfitter_cfg.c **** 
 226:Generated_Source\PSoC4/cyfitter_cfg.c **** 
 227:Generated_Source\PSoC4/cyfitter_cfg.c **** /*******************************************************************************
 228:Generated_Source\PSoC4/cyfitter_cfg.c **** * Function Name: cyfitter_cfg
 229:Generated_Source\PSoC4/cyfitter_cfg.c **** ********************************************************************************
 230:Generated_Source\PSoC4/cyfitter_cfg.c **** * Summary:
 231:Generated_Source\PSoC4/cyfitter_cfg.c **** *  This function is called by the start-up code for the selected device. It
 232:Generated_Source\PSoC4/cyfitter_cfg.c **** *  performs all of the necessary device configuration based on the design
 233:Generated_Source\PSoC4/cyfitter_cfg.c **** *  settings.  This includes settings from the Design Wide Resources (DWR) such
 234:Generated_Source\PSoC4/cyfitter_cfg.c **** *  as Clocks and Pins as well as any component configuration that is necessary.
 235:Generated_Source\PSoC4/cyfitter_cfg.c **** *
 236:Generated_Source\PSoC4/cyfitter_cfg.c **** * Parameters:  
 237:Generated_Source\PSoC4/cyfitter_cfg.c **** *   void
 238:Generated_Source\PSoC4/cyfitter_cfg.c **** *
 239:Generated_Source\PSoC4/cyfitter_cfg.c **** * Return:
 240:Generated_Source\PSoC4/cyfitter_cfg.c **** *   void
 241:Generated_Source\PSoC4/cyfitter_cfg.c **** *
 242:Generated_Source\PSoC4/cyfitter_cfg.c **** *******************************************************************************/
 243:Generated_Source\PSoC4/cyfitter_cfg.c **** CY_CFG_SECTION
 244:Generated_Source\PSoC4/cyfitter_cfg.c **** void cyfitter_cfg(void)
 245:Generated_Source\PSoC4/cyfitter_cfg.c **** {
 189              		.loc 1 245 0
 190              		.cfi_startproc
ARM GAS  C:\Users\Nick\AppData\Local\Temp\ccGdFqd8.s 			page 9


 191 00a4 10B5     		push	{r4, lr}
 192              		.cfi_def_cfa_offset 8
 193              		.cfi_offset 4, -8
 194              		.cfi_offset 14, -4
 246:Generated_Source\PSoC4/cyfitter_cfg.c **** 	/* Disable interrupts by default. Let user enable if/when they want. */
 247:Generated_Source\PSoC4/cyfitter_cfg.c **** 	CyGlobalIntDisable;
 195              		.loc 1 247 0
 196              	@ 247 "Generated_Source\PSoC4\cyfitter_cfg.c" 1
 197 00a6 72B6     		CPSID   i
 198              	@ 0 "" 2
 248:Generated_Source\PSoC4/cyfitter_cfg.c **** 
 249:Generated_Source\PSoC4/cyfitter_cfg.c **** 	CY_SET_XTND_REG32((void CYFAR *)(CYREG_BLE_BLESS_LL_DSM_CTRL), 0x00000000u);
 199              		.loc 1 249 0
 200              		.code	16
 201 00a8 0022     		mov	r2, #0
 202 00aa 2A4B     		ldr	r3, .L11
 203 00ac 1A60     		str	r2, [r3]
 204              	.LVL9:
 205              	.LBB2:
 250:Generated_Source\PSoC4/cyfitter_cfg.c **** 
 251:Generated_Source\PSoC4/cyfitter_cfg.c **** 	{
 252:Generated_Source\PSoC4/cyfitter_cfg.c **** 
 253:Generated_Source\PSoC4/cyfitter_cfg.c **** 		CYPACKED typedef struct {
 254:Generated_Source\PSoC4/cyfitter_cfg.c **** 			void CYFAR *address;
 255:Generated_Source\PSoC4/cyfitter_cfg.c **** 			uint16 size;
 256:Generated_Source\PSoC4/cyfitter_cfg.c **** 		} CYPACKED_ATTR cfg_memset_t;
 257:Generated_Source\PSoC4/cyfitter_cfg.c **** 
 258:Generated_Source\PSoC4/cyfitter_cfg.c **** 		static const cfg_memset_t CYCODE cfg_memset_list [] = {
 259:Generated_Source\PSoC4/cyfitter_cfg.c **** 			/* address, size */
 260:Generated_Source\PSoC4/cyfitter_cfg.c **** 			{(void CYFAR *)(CYDEV_UDB_P0_U0_BASE), 1024u},
 261:Generated_Source\PSoC4/cyfitter_cfg.c **** 			{(void CYFAR *)(CYDEV_UDB_DSI0_BASE), 1024u},
 262:Generated_Source\PSoC4/cyfitter_cfg.c **** 		};
 263:Generated_Source\PSoC4/cyfitter_cfg.c **** 
 264:Generated_Source\PSoC4/cyfitter_cfg.c **** 		uint8 CYDATA i;
 265:Generated_Source\PSoC4/cyfitter_cfg.c **** 
 266:Generated_Source\PSoC4/cyfitter_cfg.c **** 		/* Zero out critical memory blocks before beginning configuration */
 267:Generated_Source\PSoC4/cyfitter_cfg.c **** 		for (i = 0u; i < (sizeof(cfg_memset_list)/sizeof(cfg_memset_list[0])); i++)
 206              		.loc 1 267 0
 207 00ae 0024     		mov	r4, #0
 208 00b0 10E0     		b	.L9
 209              	.LVL10:
 210              	.L10:
 211              	.LBB3:
 268:Generated_Source\PSoC4/cyfitter_cfg.c **** 		{
 269:Generated_Source\PSoC4/cyfitter_cfg.c **** 			const cfg_memset_t CYCODE * CYDATA ms = &cfg_memset_list[i];
 270:Generated_Source\PSoC4/cyfitter_cfg.c **** 			CYMEMZERO(ms->address, (size_t)(uint32)(ms->size));
 212              		.loc 1 270 0 discriminator 3
 213 00b2 2948     		ldr	r0, .L11+4
 214 00b4 6300     		lsl	r3, r4, #1
 215 00b6 1A19     		add	r2, r3, r4
 216 00b8 5200     		lsl	r2, r2, #1
 217 00ba 8218     		add	r2, r0, r2
 218 00bc 9188     		ldrh	r1, [r2, #4]
 219 00be 1B19     		add	r3, r3, r4
 220 00c0 5B00     		lsl	r3, r3, #1
 221 00c2 1A5A     		ldrh	r2, [r3, r0]
 222 00c4 C318     		add	r3, r0, r3
ARM GAS  C:\Users\Nick\AppData\Local\Temp\ccGdFqd8.s 			page 10


 223 00c6 5888     		ldrh	r0, [r3, #2]
 224 00c8 0004     		lsl	r0, r0, #16
 225 00ca 1043     		orr	r0, r2
 226 00cc FFF7FEFF 		bl	CYMEMZERO
 227              	.LVL11:
 228              	.LBE3:
 267:Generated_Source\PSoC4/cyfitter_cfg.c **** 		{
 229              		.loc 1 267 0 discriminator 3
 230 00d0 0134     		add	r4, r4, #1
 231              	.LVL12:
 232 00d2 E4B2     		uxtb	r4, r4
 233              	.LVL13:
 234              	.L9:
 267:Generated_Source\PSoC4/cyfitter_cfg.c **** 		{
 235              		.loc 1 267 0 is_stmt 0 discriminator 1
 236 00d4 012C     		cmp	r4, #1
 237 00d6 ECD9     		bls	.L10
 271:Generated_Source\PSoC4/cyfitter_cfg.c **** 		}
 272:Generated_Source\PSoC4/cyfitter_cfg.c **** 
 273:Generated_Source\PSoC4/cyfitter_cfg.c **** 		/* HSIOM Starting address: CYDEV_HSIOM_BASE */
 274:Generated_Source\PSoC4/cyfitter_cfg.c **** 		CY_SET_XTND_REG32((void CYFAR *)(CYDEV_HSIOM_BASE), 0xEE000000u);
 238              		.loc 1 274 0 is_stmt 1
 239 00d8 EE22     		mov	r2, #238
 240 00da 1206     		lsl	r2, r2, #24
 241 00dc 1F4B     		ldr	r3, .L11+8
 242 00de 1A60     		str	r2, [r3]
 275:Generated_Source\PSoC4/cyfitter_cfg.c **** 
 276:Generated_Source\PSoC4/cyfitter_cfg.c **** 		/* UDB_PA_0 Starting address: CYDEV_UDB_PA0_BASE */
 277:Generated_Source\PSoC4/cyfitter_cfg.c **** 		CY_SET_XTND_REG32((void CYFAR *)(CYDEV_UDB_PA0_BASE), 0x00990000u);
 243              		.loc 1 277 0
 244 00e0 9923     		mov	r3, #153
 245 00e2 1B04     		lsl	r3, r3, #16
 246 00e4 1E4A     		ldr	r2, .L11+12
 247 00e6 1360     		str	r3, [r2]
 278:Generated_Source\PSoC4/cyfitter_cfg.c **** 
 279:Generated_Source\PSoC4/cyfitter_cfg.c **** 		/* UDB_PA_1 Starting address: CYDEV_UDB_PA1_BASE */
 280:Generated_Source\PSoC4/cyfitter_cfg.c **** 		CY_SET_XTND_REG32((void CYFAR *)(CYDEV_UDB_PA1_BASE), 0x00990000u);
 248              		.loc 1 280 0
 249 00e8 1E4A     		ldr	r2, .L11+16
 250 00ea 1360     		str	r3, [r2]
 281:Generated_Source\PSoC4/cyfitter_cfg.c **** 
 282:Generated_Source\PSoC4/cyfitter_cfg.c **** 		/* UDB_PA_2 Starting address: CYDEV_UDB_PA2_BASE */
 283:Generated_Source\PSoC4/cyfitter_cfg.c **** 		CY_SET_XTND_REG32((void CYFAR *)(CYDEV_UDB_PA2_BASE), 0x00990000u);
 251              		.loc 1 283 0
 252 00ec 1E4A     		ldr	r2, .L11+20
 253 00ee 1360     		str	r3, [r2]
 284:Generated_Source\PSoC4/cyfitter_cfg.c **** 
 285:Generated_Source\PSoC4/cyfitter_cfg.c **** 		/* UDB_PA_3 Starting address: CYDEV_UDB_PA3_BASE */
 286:Generated_Source\PSoC4/cyfitter_cfg.c **** 		CY_SET_XTND_REG32((void CYFAR *)(CYDEV_UDB_PA3_BASE), 0x00990000u);
 254              		.loc 1 286 0
 255 00f0 1E4A     		ldr	r2, .L11+24
 256 00f2 1360     		str	r3, [r2]
 287:Generated_Source\PSoC4/cyfitter_cfg.c **** 
 288:Generated_Source\PSoC4/cyfitter_cfg.c **** 		/* Enable digital routing */
 289:Generated_Source\PSoC4/cyfitter_cfg.c **** 		CY_SET_XTND_REG8((void *)CYREG_UDB_UDBIF_BANK_CTL, CY_GET_XTND_REG8((void *)CYREG_UDB_UDBIF_BANK_
 257              		.loc 1 289 0
 258 00f4 1E4B     		ldr	r3, .L11+28
ARM GAS  C:\Users\Nick\AppData\Local\Temp\ccGdFqd8.s 			page 11


 259 00f6 1978     		ldrb	r1, [r3]
 260 00f8 0222     		mov	r2, #2
 261 00fa 0A43     		orr	r2, r1
 262 00fc 1A70     		strb	r2, [r3]
 290:Generated_Source\PSoC4/cyfitter_cfg.c **** 
 291:Generated_Source\PSoC4/cyfitter_cfg.c **** 		/* Enable UDB array */
 292:Generated_Source\PSoC4/cyfitter_cfg.c **** 		CY_SET_XTND_REG8((void *)CYREG_UDB_UDBIF_WAIT_CFG, (uint8)((CY_GET_XTND_REG8((void *)CYREG_UDB_UD
 263              		.loc 1 292 0
 264 00fe 1D48     		ldr	r0, .L11+32
 265 0100 0278     		ldrb	r2, [r0]
 266 0102 3C21     		mov	r1, #60
 267 0104 8A43     		bic	r2, r1
 268 0106 2839     		sub	r1, r1, #40
 269 0108 0A43     		orr	r2, r1
 270 010a 0270     		strb	r2, [r0]
 293:Generated_Source\PSoC4/cyfitter_cfg.c **** 		CY_SET_XTND_REG8((void *)CYREG_UDB_UDBIF_BANK_CTL, (uint8)(CY_GET_XTND_REG8((void *)CYREG_UDB_UDB
 271              		.loc 1 293 0
 272 010c 1978     		ldrb	r1, [r3]
 273 010e 1622     		mov	r2, #22
 274 0110 0A43     		orr	r2, r1
 275 0112 1A70     		strb	r2, [r3]
 276              	.LBE2:
 294:Generated_Source\PSoC4/cyfitter_cfg.c **** 	}
 295:Generated_Source\PSoC4/cyfitter_cfg.c **** 
 296:Generated_Source\PSoC4/cyfitter_cfg.c **** 	/* Perform second pass device configuration. These items must be configured in specific order afte
 297:Generated_Source\PSoC4/cyfitter_cfg.c **** 	/* IOPINS0_0 Starting address: CYDEV_GPIO_PRT0_BASE */
 298:Generated_Source\PSoC4/cyfitter_cfg.c **** 	CY_SET_XTND_REG32((void CYFAR *)(CYREG_GPIO_PRT0_PC), 0x00D80000u);
 277              		.loc 1 298 0
 278 0114 D823     		mov	r3, #216
 279 0116 1B04     		lsl	r3, r3, #16
 280 0118 174A     		ldr	r2, .L11+36
 281 011a 1360     		str	r3, [r2]
 299:Generated_Source\PSoC4/cyfitter_cfg.c **** 
 300:Generated_Source\PSoC4/cyfitter_cfg.c **** 	/* IOPINS0_1 Starting address: CYDEV_GPIO_PRT1_BASE */
 301:Generated_Source\PSoC4/cyfitter_cfg.c **** 	CY_SET_XTND_REG32((void CYFAR *)(CYDEV_GPIO_PRT1_BASE), 0x00000020u);
 282              		.loc 1 301 0
 283 011c 2021     		mov	r1, #32
 284 011e 174A     		ldr	r2, .L11+40
 285 0120 1160     		str	r1, [r2]
 302:Generated_Source\PSoC4/cyfitter_cfg.c **** 	CY_SET_XTND_REG32((void CYFAR *)(CYREG_GPIO_PRT1_PC), 0x00030000u);
 286              		.loc 1 302 0
 287 0122 C021     		mov	r1, #192
 288 0124 8902     		lsl	r1, r1, #10
 289 0126 164A     		ldr	r2, .L11+44
 290 0128 1160     		str	r1, [r2]
 303:Generated_Source\PSoC4/cyfitter_cfg.c **** 
 304:Generated_Source\PSoC4/cyfitter_cfg.c **** 	/* IOPINS0_2 Starting address: CYDEV_GPIO_PRT2_BASE */
 305:Generated_Source\PSoC4/cyfitter_cfg.c **** 	CY_SET_XTND_REG32((void CYFAR *)(CYDEV_GPIO_PRT2_BASE), 0x000000C0u);
 291              		.loc 1 305 0
 292 012a C022     		mov	r2, #192
 293 012c 1549     		ldr	r1, .L11+48
 294 012e 0A60     		str	r2, [r1]
 306:Generated_Source\PSoC4/cyfitter_cfg.c **** 	CY_SET_XTND_REG32((void CYFAR *)(CYREG_GPIO_PRT2_PC), 0x00580000u);
 295              		.loc 1 306 0
 296 0130 B020     		mov	r0, #176
 297 0132 C003     		lsl	r0, r0, #15
 298 0134 1449     		ldr	r1, .L11+52
ARM GAS  C:\Users\Nick\AppData\Local\Temp\ccGdFqd8.s 			page 12


 299 0136 0860     		str	r0, [r1]
 307:Generated_Source\PSoC4/cyfitter_cfg.c **** 	CY_SET_XTND_REG32((void CYFAR *)(CYREG_GPIO_PRT2_INTR_CFG), 0x00008000u);
 300              		.loc 1 307 0
 301 0138 8020     		mov	r0, #128
 302 013a 0002     		lsl	r0, r0, #8
 303 013c 1349     		ldr	r1, .L11+56
 304 013e 0860     		str	r0, [r1]
 308:Generated_Source\PSoC4/cyfitter_cfg.c **** 
 309:Generated_Source\PSoC4/cyfitter_cfg.c **** 	/* IOPINS0_3 Starting address: CYDEV_GPIO_PRT3_BASE */
 310:Generated_Source\PSoC4/cyfitter_cfg.c **** 	CY_SET_XTND_REG32((void CYFAR *)(CYDEV_GPIO_PRT3_BASE), 0x000000C0u);
 305              		.loc 1 310 0
 306 0140 1349     		ldr	r1, .L11+60
 307 0142 0A60     		str	r2, [r1]
 311:Generated_Source\PSoC4/cyfitter_cfg.c **** 	CY_SET_XTND_REG32((void CYFAR *)(CYREG_GPIO_PRT3_PC), 0x00D80000u);
 308              		.loc 1 311 0
 309 0144 134A     		ldr	r2, .L11+64
 310 0146 1360     		str	r3, [r2]
 312:Generated_Source\PSoC4/cyfitter_cfg.c **** 
 313:Generated_Source\PSoC4/cyfitter_cfg.c **** 
 314:Generated_Source\PSoC4/cyfitter_cfg.c **** 	/* Setup clocks based on selections from Clock DWR */
 315:Generated_Source\PSoC4/cyfitter_cfg.c **** 	ClockSetup();
 311              		.loc 1 315 0
 312 0148 FFF75AFF 		bl	ClockSetup
 313              	.LVL14:
 316:Generated_Source\PSoC4/cyfitter_cfg.c **** 
 317:Generated_Source\PSoC4/cyfitter_cfg.c **** 	/* Perform basic analog initialization to defaults */
 318:Generated_Source\PSoC4/cyfitter_cfg.c **** 	AnalogSetDefault();
 314              		.loc 1 318 0
 315 014c FFF7FEFF 		bl	AnalogSetDefault
 316              	.LVL15:
 319:Generated_Source\PSoC4/cyfitter_cfg.c **** 
 320:Generated_Source\PSoC4/cyfitter_cfg.c **** }
 317              		.loc 1 320 0
 318              		@ sp needed
 319              	.LVL16:
 320 0150 10BD     		pop	{r4, pc}
 321              	.L12:
 322 0152 C046     		.align	2
 323              	.L11:
 324 0154 6CF02E40 		.word	1076818028
 325 0158 00000000 		.word	.LANCHOR0
 326 015c 00000240 		.word	1073872896
 327 0160 00500F40 		.word	1074745344
 328 0164 10500F40 		.word	1074745360
 329 0168 20500F40 		.word	1074745376
 330 016c 30500F40 		.word	1074745392
 331 0170 00700F40 		.word	1074753536
 332 0174 01700F40 		.word	1074753537
 333 0178 08000440 		.word	1074003976
 334 017c 00010440 		.word	1074004224
 335 0180 08010440 		.word	1074004232
 336 0184 00020440 		.word	1074004480
 337 0188 08020440 		.word	1074004488
 338 018c 0C020440 		.word	1074004492
 339 0190 00030440 		.word	1074004736
 340 0194 08030440 		.word	1074004744
 341              		.cfi_endproc
ARM GAS  C:\Users\Nick\AppData\Local\Temp\ccGdFqd8.s 			page 13


 342              	.LFE7:
 343              		.size	cyfitter_cfg, .-cyfitter_cfg
 344              		.section	.rodata
 345              		.align	2
 346              		.set	.LANCHOR0,. + 0
 347              		.type	cfg_memset_list.4758, %object
 348              		.size	cfg_memset_list.4758, 12
 349              	cfg_memset_list.4758:
 350 0000 00300F40 		.word	1074737152
 351 0004 0004     		.short	1024
 352 0006 00400F40 		.4byte	1074741248
 353 000a 0004     		.short	1024
 354              		.text
 355              	.Letext0:
 356              		.file 2 "c:\\program files (x86)\\cypress\\psoc creator\\4.0\\psoc creator\\import\\gnu\\arm\\4.9.
 357              		.file 3 "Generated_Source\\PSoC4\\cytypes.h"
 358              		.file 4 "Generated_Source\\PSoC4\\CyLib.h"
 359              		.file 5 "Generated_Source\\PSoC4\\CyLFClk.h"
 360              		.section	.debug_info,"",%progbits
 361              	.Ldebug_info0:
 362 0000 06030000 		.4byte	0x306
 363 0004 0400     		.2byte	0x4
 364 0006 00000000 		.4byte	.Ldebug_abbrev0
 365 000a 04       		.byte	0x4
 366 000b 01       		.uleb128 0x1
 367 000c C9010000 		.4byte	.LASF31
 368 0010 01       		.byte	0x1
 369 0011 8B020000 		.4byte	.LASF32
 370 0015 21010000 		.4byte	.LASF33
 371 0019 00000000 		.4byte	.Ldebug_ranges0+0
 372 001d 00000000 		.4byte	0
 373 0021 00000000 		.4byte	.Ldebug_line0
 374 0025 02       		.uleb128 0x2
 375 0026 04       		.byte	0x4
 376 0027 05       		.byte	0x5
 377 0028 696E7400 		.ascii	"int\000"
 378 002c 03       		.uleb128 0x3
 379 002d 14000000 		.4byte	.LASF11
 380 0031 02       		.byte	0x2
 381 0032 D4       		.byte	0xd4
 382 0033 37000000 		.4byte	0x37
 383 0037 04       		.uleb128 0x4
 384 0038 04       		.byte	0x4
 385 0039 07       		.byte	0x7
 386 003a F5000000 		.4byte	.LASF0
 387 003e 04       		.uleb128 0x4
 388 003f 01       		.byte	0x1
 389 0040 06       		.byte	0x6
 390 0041 7F020000 		.4byte	.LASF1
 391 0045 04       		.uleb128 0x4
 392 0046 01       		.byte	0x1
 393 0047 08       		.byte	0x8
 394 0048 B5000000 		.4byte	.LASF2
 395 004c 04       		.uleb128 0x4
 396 004d 02       		.byte	0x2
 397 004e 05       		.byte	0x5
 398 004f 57020000 		.4byte	.LASF3
ARM GAS  C:\Users\Nick\AppData\Local\Temp\ccGdFqd8.s 			page 14


 399 0053 04       		.uleb128 0x4
 400 0054 02       		.byte	0x2
 401 0055 07       		.byte	0x7
 402 0056 47000000 		.4byte	.LASF4
 403 005a 04       		.uleb128 0x4
 404 005b 04       		.byte	0x4
 405 005c 05       		.byte	0x5
 406 005d 76020000 		.4byte	.LASF5
 407 0061 04       		.uleb128 0x4
 408 0062 04       		.byte	0x4
 409 0063 07       		.byte	0x7
 410 0064 82000000 		.4byte	.LASF6
 411 0068 04       		.uleb128 0x4
 412 0069 08       		.byte	0x8
 413 006a 05       		.byte	0x5
 414 006b 9B010000 		.4byte	.LASF7
 415 006f 04       		.uleb128 0x4
 416 0070 08       		.byte	0x8
 417 0071 07       		.byte	0x7
 418 0072 0A010000 		.4byte	.LASF8
 419 0076 04       		.uleb128 0x4
 420 0077 04       		.byte	0x4
 421 0078 07       		.byte	0x7
 422 0079 92010000 		.4byte	.LASF9
 423 007d 05       		.uleb128 0x5
 424 007e 04       		.byte	0x4
 425 007f 04       		.uleb128 0x4
 426 0080 01       		.byte	0x1
 427 0081 08       		.byte	0x8
 428 0082 B3010000 		.4byte	.LASF10
 429 0086 06       		.uleb128 0x6
 430 0087 94000000 		.4byte	.LASF12
 431 008b 03       		.byte	0x3
 432 008c 9801     		.2byte	0x198
 433 008e 45000000 		.4byte	0x45
 434 0092 06       		.uleb128 0x6
 435 0093 DE000000 		.4byte	.LASF13
 436 0097 03       		.byte	0x3
 437 0098 9901     		.2byte	0x199
 438 009a 53000000 		.4byte	0x53
 439 009e 06       		.uleb128 0x6
 440 009f EE000000 		.4byte	.LASF14
 441 00a3 03       		.byte	0x3
 442 00a4 9A01     		.2byte	0x19a
 443 00a6 61000000 		.4byte	0x61
 444 00aa 04       		.uleb128 0x4
 445 00ab 04       		.byte	0x4
 446 00ac 04       		.byte	0x4
 447 00ad 5A000000 		.4byte	.LASF15
 448 00b1 04       		.uleb128 0x4
 449 00b2 08       		.byte	0x8
 450 00b3 04       		.byte	0x4
 451 00b4 CA000000 		.4byte	.LASF16
 452 00b8 06       		.uleb128 0x6
 453 00b9 E5000000 		.4byte	.LASF17
 454 00bd 03       		.byte	0x3
 455 00be 3A02     		.2byte	0x23a
ARM GAS  C:\Users\Nick\AppData\Local\Temp\ccGdFqd8.s 			page 15


 456 00c0 61000000 		.4byte	0x61
 457 00c4 06       		.uleb128 0x6
 458 00c5 7D000000 		.4byte	.LASF18
 459 00c9 03       		.byte	0x3
 460 00ca 4202     		.2byte	0x242
 461 00cc D0000000 		.4byte	0xd0
 462 00d0 07       		.uleb128 0x7
 463 00d1 86000000 		.4byte	0x86
 464 00d5 06       		.uleb128 0x6
 465 00d6 0E000000 		.4byte	.LASF19
 466 00da 03       		.byte	0x3
 467 00db 4402     		.2byte	0x244
 468 00dd E1000000 		.4byte	0xe1
 469 00e1 07       		.uleb128 0x7
 470 00e2 9E000000 		.4byte	0x9e
 471 00e6 08       		.uleb128 0x8
 472 00e7 1B000000 		.4byte	.LASF34
 473 00eb 01       		.byte	0x1
 474 00ec D9       		.byte	0xd9
 475 00ed 00000000 		.4byte	.LFB6
 476 00f1 20000000 		.4byte	.LFE6-.LFB6
 477 00f5 01       		.uleb128 0x1
 478 00f6 9C       		.byte	0x9c
 479 00f7 09       		.uleb128 0x9
 480 00f8 AB000000 		.4byte	.LASF20
 481 00fc 01       		.byte	0x1
 482 00fd 3D       		.byte	0x3d
 483 00fe 00000000 		.4byte	.LFB2
 484 0102 0C000000 		.4byte	.LFE2-.LFB2
 485 0106 01       		.uleb128 0x1
 486 0107 9C       		.byte	0x9c
 487 0108 44010000 		.4byte	0x144
 488 010c 0A       		.uleb128 0xa
 489 010d 7300     		.ascii	"s\000"
 490 010f 01       		.byte	0x1
 491 0110 3D       		.byte	0x3d
 492 0111 7D000000 		.4byte	0x7d
 493 0115 00000000 		.4byte	.LLST0
 494 0119 0A       		.uleb128 0xa
 495 011a 6E00     		.ascii	"n\000"
 496 011c 01       		.byte	0x1
 497 011d 3D       		.byte	0x3d
 498 011e 2C000000 		.4byte	0x2c
 499 0122 21000000 		.4byte	.LLST1
 500 0126 0B       		.uleb128 0xb
 501 0127 0A000000 		.4byte	.LVL2
 502 012b 8C020000 		.4byte	0x28c
 503 012f 0C       		.uleb128 0xc
 504 0130 01       		.uleb128 0x1
 505 0131 52       		.byte	0x52
 506 0132 03       		.uleb128 0x3
 507 0133 F3       		.byte	0xf3
 508 0134 01       		.uleb128 0x1
 509 0135 51       		.byte	0x51
 510 0136 0C       		.uleb128 0xc
 511 0137 01       		.uleb128 0x1
 512 0138 51       		.byte	0x51
ARM GAS  C:\Users\Nick\AppData\Local\Temp\ccGdFqd8.s 			page 16


 513 0139 01       		.uleb128 0x1
 514 013a 30       		.byte	0x30
 515 013b 0C       		.uleb128 0xc
 516 013c 01       		.uleb128 0x1
 517 013d 50       		.byte	0x50
 518 013e 03       		.uleb128 0x3
 519 013f F3       		.byte	0xf3
 520 0140 01       		.uleb128 0x1
 521 0141 50       		.byte	0x50
 522 0142 00       		.byte	0
 523 0143 00       		.byte	0
 524 0144 09       		.uleb128 0x9
 525 0145 3C000000 		.4byte	.LASF21
 526 0149 01       		.byte	0x1
 527 014a 9B       		.byte	0x9b
 528 014b 00000000 		.4byte	.LFB5
 529 014f A4000000 		.4byte	.LFE5-.LFB5
 530 0153 01       		.uleb128 0x1
 531 0154 9C       		.byte	0x9c
 532 0155 C7010000 		.4byte	0x1c7
 533 0159 0D       		.uleb128 0xd
 534 015a 0C000000 		.4byte	.LVL3
 535 015e A9020000 		.4byte	0x2a9
 536 0162 0E       		.uleb128 0xe
 537 0163 12000000 		.4byte	.LVL4
 538 0167 B0020000 		.4byte	0x2b0
 539 016b 79010000 		.4byte	0x179
 540 016f 0C       		.uleb128 0xc
 541 0170 01       		.uleb128 0x1
 542 0171 50       		.byte	0x50
 543 0172 05       		.uleb128 0x5
 544 0173 0C       		.byte	0xc
 545 0174 001BB700 		.4byte	0xb71b00
 546 0178 00       		.byte	0
 547 0179 0E       		.uleb128 0xe
 548 017a 18000000 		.4byte	.LVL5
 549 017e C1020000 		.4byte	0x2c1
 550 0182 8C010000 		.4byte	0x18c
 551 0186 0C       		.uleb128 0xc
 552 0187 01       		.uleb128 0x1
 553 0188 50       		.byte	0x50
 554 0189 01       		.uleb128 0x1
 555 018a 31       		.byte	0x31
 556 018b 00       		.byte	0
 557 018c 0E       		.uleb128 0xe
 558 018d 1E000000 		.4byte	.LVL6
 559 0191 D6020000 		.4byte	0x2d6
 560 0195 A0010000 		.4byte	0x1a0
 561 0199 0C       		.uleb128 0xc
 562 019a 01       		.uleb128 0x1
 563 019b 50       		.byte	0x50
 564 019c 02       		.uleb128 0x2
 565 019d 08       		.byte	0x8
 566 019e 30       		.byte	0x30
 567 019f 00       		.byte	0
 568 01a0 0E       		.uleb128 0xe
 569 01a1 54000000 		.4byte	.LVL7
ARM GAS  C:\Users\Nick\AppData\Local\Temp\ccGdFqd8.s 			page 17


 570 01a5 E7020000 		.4byte	0x2e7
 571 01a9 B5010000 		.4byte	0x1b5
 572 01ad 0C       		.uleb128 0xc
 573 01ae 01       		.uleb128 0x1
 574 01af 50       		.byte	0x50
 575 01b0 03       		.uleb128 0x3
 576 01b1 0A       		.byte	0xa
 577 01b2 D007     		.2byte	0x7d0
 578 01b4 00       		.byte	0
 579 01b5 0B       		.uleb128 0xb
 580 01b6 5A000000 		.4byte	.LVL8
 581 01ba FC020000 		.4byte	0x2fc
 582 01be 0C       		.uleb128 0xc
 583 01bf 01       		.uleb128 0x1
 584 01c0 50       		.byte	0x50
 585 01c1 03       		.uleb128 0x3
 586 01c2 0A       		.byte	0xa
 587 01c3 DC05     		.2byte	0x5dc
 588 01c5 00       		.byte	0
 589 01c6 00       		.byte	0
 590 01c7 0F       		.uleb128 0xf
 591 01c8 D1000000 		.4byte	.LASF35
 592 01cc 01       		.byte	0x1
 593 01cd F4       		.byte	0xf4
 594 01ce A4000000 		.4byte	.LFB7
 595 01d2 F4000000 		.4byte	.LFE7-.LFB7
 596 01d6 01       		.uleb128 0x1
 597 01d7 9C       		.byte	0x9c
 598 01d8 8C020000 		.4byte	0x28c
 599 01dc 10       		.uleb128 0x10
 600 01dd AE000000 		.4byte	.LBB2
 601 01e1 66000000 		.4byte	.LBE2-.LBB2
 602 01e5 79020000 		.4byte	0x279
 603 01e9 11       		.uleb128 0x11
 604 01ea 06       		.byte	0x6
 605 01eb 01       		.byte	0x1
 606 01ec FD       		.byte	0xfd
 607 01ed 0A020000 		.4byte	0x20a
 608 01f1 12       		.uleb128 0x12
 609 01f2 02010000 		.4byte	.LASF22
 610 01f6 01       		.byte	0x1
 611 01f7 FE       		.byte	0xfe
 612 01f8 7D000000 		.4byte	0x7d
 613 01fc 00       		.byte	0
 614 01fd 12       		.uleb128 0x12
 615 01fe 60000000 		.4byte	.LASF23
 616 0202 01       		.byte	0x1
 617 0203 FF       		.byte	0xff
 618 0204 92000000 		.4byte	0x92
 619 0208 04       		.byte	0x4
 620 0209 00       		.byte	0
 621 020a 06       		.uleb128 0x6
 622 020b 85010000 		.4byte	.LASF24
 623 020f 01       		.byte	0x1
 624 0210 0001     		.2byte	0x100
 625 0212 E9010000 		.4byte	0x1e9
 626 0216 13       		.uleb128 0x13
ARM GAS  C:\Users\Nick\AppData\Local\Temp\ccGdFqd8.s 			page 18


 627 0217 0A020000 		.4byte	0x20a
 628 021b 26020000 		.4byte	0x226
 629 021f 14       		.uleb128 0x14
 630 0220 76000000 		.4byte	0x76
 631 0224 01       		.byte	0x1
 632 0225 00       		.byte	0
 633 0226 15       		.uleb128 0x15
 634 0227 2C000000 		.4byte	.LASF25
 635 022b 01       		.byte	0x1
 636 022c 0201     		.2byte	0x102
 637 022e 38020000 		.4byte	0x238
 638 0232 05       		.uleb128 0x5
 639 0233 03       		.byte	0x3
 640 0234 00000000 		.4byte	cfg_memset_list.4758
 641 0238 16       		.uleb128 0x16
 642 0239 16020000 		.4byte	0x216
 643 023d 17       		.uleb128 0x17
 644 023e 6900     		.ascii	"i\000"
 645 0240 01       		.byte	0x1
 646 0241 0801     		.2byte	0x108
 647 0243 86000000 		.4byte	0x86
 648 0247 4D000000 		.4byte	.LLST2
 649 024b 18       		.uleb128 0x18
 650 024c B2000000 		.4byte	.LBB3
 651 0250 1E000000 		.4byte	.LBE3-.LBB3
 652 0254 17       		.uleb128 0x17
 653 0255 6D7300   		.ascii	"ms\000"
 654 0258 01       		.byte	0x1
 655 0259 0D01     		.2byte	0x10d
 656 025b 63020000 		.4byte	0x263
 657 025f 77000000 		.4byte	.LLST3
 658 0263 19       		.uleb128 0x19
 659 0264 04       		.byte	0x4
 660 0265 69020000 		.4byte	0x269
 661 0269 16       		.uleb128 0x16
 662 026a 0A020000 		.4byte	0x20a
 663 026e 0D       		.uleb128 0xd
 664 026f D0000000 		.4byte	.LVL11
 665 0273 F7000000 		.4byte	0xf7
 666 0277 00       		.byte	0
 667 0278 00       		.byte	0
 668 0279 0D       		.uleb128 0xd
 669 027a 4C010000 		.4byte	.LVL14
 670 027e 44010000 		.4byte	0x144
 671 0282 0D       		.uleb128 0xd
 672 0283 50010000 		.4byte	.LVL15
 673 0287 E6000000 		.4byte	0xe6
 674 028b 00       		.byte	0
 675 028c 1A       		.uleb128 0x1a
 676 028d C3000000 		.4byte	.LASF26
 677 0291 7D000000 		.4byte	0x7d
 678 0295 A9020000 		.4byte	0x2a9
 679 0299 1B       		.uleb128 0x1b
 680 029a 7D000000 		.4byte	0x7d
 681 029e 1B       		.uleb128 0x1b
 682 029f 25000000 		.4byte	0x25
 683 02a3 1B       		.uleb128 0x1b
ARM GAS  C:\Users\Nick\AppData\Local\Temp\ccGdFqd8.s 			page 19


 684 02a4 76000000 		.4byte	0x76
 685 02a8 00       		.byte	0
 686 02a9 1C       		.uleb128 0x1c
 687 02aa 9A000000 		.4byte	.LASF36
 688 02ae 05       		.byte	0x5
 689 02af 4F       		.byte	0x4f
 690 02b0 1D       		.uleb128 0x1d
 691 02b1 00000000 		.4byte	.LASF27
 692 02b5 04       		.byte	0x4
 693 02b6 DA       		.byte	0xda
 694 02b7 C1020000 		.4byte	0x2c1
 695 02bb 1B       		.uleb128 0x1b
 696 02bc 9E000000 		.4byte	0x9e
 697 02c0 00       		.byte	0
 698 02c1 1E       		.uleb128 0x1e
 699 02c2 65000000 		.4byte	.LASF29
 700 02c6 05       		.byte	0x5
 701 02c7 51       		.byte	0x51
 702 02c8 9E000000 		.4byte	0x9e
 703 02cc D6020000 		.4byte	0x2d6
 704 02d0 1B       		.uleb128 0x1b
 705 02d1 9E000000 		.4byte	0x9e
 706 02d5 00       		.byte	0
 707 02d6 1D       		.uleb128 0x1d
 708 02d7 61020000 		.4byte	.LASF28
 709 02db 04       		.byte	0x4
 710 02dc 6C       		.byte	0x6c
 711 02dd E7020000 		.4byte	0x2e7
 712 02e1 1B       		.uleb128 0x1b
 713 02e2 9E000000 		.4byte	0x9e
 714 02e6 00       		.byte	0
 715 02e7 1E       		.uleb128 0x1e
 716 02e8 B8010000 		.4byte	.LASF30
 717 02ec 04       		.byte	0x4
 718 02ed 82       		.byte	0x82
 719 02ee B8000000 		.4byte	0xb8
 720 02f2 FC020000 		.4byte	0x2fc
 721 02f6 1B       		.uleb128 0x1b
 722 02f7 9E000000 		.4byte	0x9e
 723 02fb 00       		.byte	0
 724 02fc 1F       		.uleb128 0x1f
 725 02fd A9010000 		.4byte	.LASF37
 726 0301 04       		.byte	0x4
 727 0302 D8       		.byte	0xd8
 728 0303 1B       		.uleb128 0x1b
 729 0304 92000000 		.4byte	0x92
 730 0308 00       		.byte	0
 731 0309 00       		.byte	0
 732              		.section	.debug_abbrev,"",%progbits
 733              	.Ldebug_abbrev0:
 734 0000 01       		.uleb128 0x1
 735 0001 11       		.uleb128 0x11
 736 0002 01       		.byte	0x1
 737 0003 25       		.uleb128 0x25
 738 0004 0E       		.uleb128 0xe
 739 0005 13       		.uleb128 0x13
 740 0006 0B       		.uleb128 0xb
ARM GAS  C:\Users\Nick\AppData\Local\Temp\ccGdFqd8.s 			page 20


 741 0007 03       		.uleb128 0x3
 742 0008 0E       		.uleb128 0xe
 743 0009 1B       		.uleb128 0x1b
 744 000a 0E       		.uleb128 0xe
 745 000b 55       		.uleb128 0x55
 746 000c 17       		.uleb128 0x17
 747 000d 11       		.uleb128 0x11
 748 000e 01       		.uleb128 0x1
 749 000f 10       		.uleb128 0x10
 750 0010 17       		.uleb128 0x17
 751 0011 00       		.byte	0
 752 0012 00       		.byte	0
 753 0013 02       		.uleb128 0x2
 754 0014 24       		.uleb128 0x24
 755 0015 00       		.byte	0
 756 0016 0B       		.uleb128 0xb
 757 0017 0B       		.uleb128 0xb
 758 0018 3E       		.uleb128 0x3e
 759 0019 0B       		.uleb128 0xb
 760 001a 03       		.uleb128 0x3
 761 001b 08       		.uleb128 0x8
 762 001c 00       		.byte	0
 763 001d 00       		.byte	0
 764 001e 03       		.uleb128 0x3
 765 001f 16       		.uleb128 0x16
 766 0020 00       		.byte	0
 767 0021 03       		.uleb128 0x3
 768 0022 0E       		.uleb128 0xe
 769 0023 3A       		.uleb128 0x3a
 770 0024 0B       		.uleb128 0xb
 771 0025 3B       		.uleb128 0x3b
 772 0026 0B       		.uleb128 0xb
 773 0027 49       		.uleb128 0x49
 774 0028 13       		.uleb128 0x13
 775 0029 00       		.byte	0
 776 002a 00       		.byte	0
 777 002b 04       		.uleb128 0x4
 778 002c 24       		.uleb128 0x24
 779 002d 00       		.byte	0
 780 002e 0B       		.uleb128 0xb
 781 002f 0B       		.uleb128 0xb
 782 0030 3E       		.uleb128 0x3e
 783 0031 0B       		.uleb128 0xb
 784 0032 03       		.uleb128 0x3
 785 0033 0E       		.uleb128 0xe
 786 0034 00       		.byte	0
 787 0035 00       		.byte	0
 788 0036 05       		.uleb128 0x5
 789 0037 0F       		.uleb128 0xf
 790 0038 00       		.byte	0
 791 0039 0B       		.uleb128 0xb
 792 003a 0B       		.uleb128 0xb
 793 003b 00       		.byte	0
 794 003c 00       		.byte	0
 795 003d 06       		.uleb128 0x6
 796 003e 16       		.uleb128 0x16
 797 003f 00       		.byte	0
ARM GAS  C:\Users\Nick\AppData\Local\Temp\ccGdFqd8.s 			page 21


 798 0040 03       		.uleb128 0x3
 799 0041 0E       		.uleb128 0xe
 800 0042 3A       		.uleb128 0x3a
 801 0043 0B       		.uleb128 0xb
 802 0044 3B       		.uleb128 0x3b
 803 0045 05       		.uleb128 0x5
 804 0046 49       		.uleb128 0x49
 805 0047 13       		.uleb128 0x13
 806 0048 00       		.byte	0
 807 0049 00       		.byte	0
 808 004a 07       		.uleb128 0x7
 809 004b 35       		.uleb128 0x35
 810 004c 00       		.byte	0
 811 004d 49       		.uleb128 0x49
 812 004e 13       		.uleb128 0x13
 813 004f 00       		.byte	0
 814 0050 00       		.byte	0
 815 0051 08       		.uleb128 0x8
 816 0052 2E       		.uleb128 0x2e
 817 0053 00       		.byte	0
 818 0054 03       		.uleb128 0x3
 819 0055 0E       		.uleb128 0xe
 820 0056 3A       		.uleb128 0x3a
 821 0057 0B       		.uleb128 0xb
 822 0058 3B       		.uleb128 0x3b
 823 0059 0B       		.uleb128 0xb
 824 005a 27       		.uleb128 0x27
 825 005b 19       		.uleb128 0x19
 826 005c 11       		.uleb128 0x11
 827 005d 01       		.uleb128 0x1
 828 005e 12       		.uleb128 0x12
 829 005f 06       		.uleb128 0x6
 830 0060 40       		.uleb128 0x40
 831 0061 18       		.uleb128 0x18
 832 0062 9742     		.uleb128 0x2117
 833 0064 19       		.uleb128 0x19
 834 0065 00       		.byte	0
 835 0066 00       		.byte	0
 836 0067 09       		.uleb128 0x9
 837 0068 2E       		.uleb128 0x2e
 838 0069 01       		.byte	0x1
 839 006a 03       		.uleb128 0x3
 840 006b 0E       		.uleb128 0xe
 841 006c 3A       		.uleb128 0x3a
 842 006d 0B       		.uleb128 0xb
 843 006e 3B       		.uleb128 0x3b
 844 006f 0B       		.uleb128 0xb
 845 0070 27       		.uleb128 0x27
 846 0071 19       		.uleb128 0x19
 847 0072 11       		.uleb128 0x11
 848 0073 01       		.uleb128 0x1
 849 0074 12       		.uleb128 0x12
 850 0075 06       		.uleb128 0x6
 851 0076 40       		.uleb128 0x40
 852 0077 18       		.uleb128 0x18
 853 0078 9742     		.uleb128 0x2117
 854 007a 19       		.uleb128 0x19
ARM GAS  C:\Users\Nick\AppData\Local\Temp\ccGdFqd8.s 			page 22


 855 007b 01       		.uleb128 0x1
 856 007c 13       		.uleb128 0x13
 857 007d 00       		.byte	0
 858 007e 00       		.byte	0
 859 007f 0A       		.uleb128 0xa
 860 0080 05       		.uleb128 0x5
 861 0081 00       		.byte	0
 862 0082 03       		.uleb128 0x3
 863 0083 08       		.uleb128 0x8
 864 0084 3A       		.uleb128 0x3a
 865 0085 0B       		.uleb128 0xb
 866 0086 3B       		.uleb128 0x3b
 867 0087 0B       		.uleb128 0xb
 868 0088 49       		.uleb128 0x49
 869 0089 13       		.uleb128 0x13
 870 008a 02       		.uleb128 0x2
 871 008b 17       		.uleb128 0x17
 872 008c 00       		.byte	0
 873 008d 00       		.byte	0
 874 008e 0B       		.uleb128 0xb
 875 008f 898201   		.uleb128 0x4109
 876 0092 01       		.byte	0x1
 877 0093 11       		.uleb128 0x11
 878 0094 01       		.uleb128 0x1
 879 0095 31       		.uleb128 0x31
 880 0096 13       		.uleb128 0x13
 881 0097 00       		.byte	0
 882 0098 00       		.byte	0
 883 0099 0C       		.uleb128 0xc
 884 009a 8A8201   		.uleb128 0x410a
 885 009d 00       		.byte	0
 886 009e 02       		.uleb128 0x2
 887 009f 18       		.uleb128 0x18
 888 00a0 9142     		.uleb128 0x2111
 889 00a2 18       		.uleb128 0x18
 890 00a3 00       		.byte	0
 891 00a4 00       		.byte	0
 892 00a5 0D       		.uleb128 0xd
 893 00a6 898201   		.uleb128 0x4109
 894 00a9 00       		.byte	0
 895 00aa 11       		.uleb128 0x11
 896 00ab 01       		.uleb128 0x1
 897 00ac 31       		.uleb128 0x31
 898 00ad 13       		.uleb128 0x13
 899 00ae 00       		.byte	0
 900 00af 00       		.byte	0
 901 00b0 0E       		.uleb128 0xe
 902 00b1 898201   		.uleb128 0x4109
 903 00b4 01       		.byte	0x1
 904 00b5 11       		.uleb128 0x11
 905 00b6 01       		.uleb128 0x1
 906 00b7 31       		.uleb128 0x31
 907 00b8 13       		.uleb128 0x13
 908 00b9 01       		.uleb128 0x1
 909 00ba 13       		.uleb128 0x13
 910 00bb 00       		.byte	0
 911 00bc 00       		.byte	0
ARM GAS  C:\Users\Nick\AppData\Local\Temp\ccGdFqd8.s 			page 23


 912 00bd 0F       		.uleb128 0xf
 913 00be 2E       		.uleb128 0x2e
 914 00bf 01       		.byte	0x1
 915 00c0 3F       		.uleb128 0x3f
 916 00c1 19       		.uleb128 0x19
 917 00c2 03       		.uleb128 0x3
 918 00c3 0E       		.uleb128 0xe
 919 00c4 3A       		.uleb128 0x3a
 920 00c5 0B       		.uleb128 0xb
 921 00c6 3B       		.uleb128 0x3b
 922 00c7 0B       		.uleb128 0xb
 923 00c8 27       		.uleb128 0x27
 924 00c9 19       		.uleb128 0x19
 925 00ca 11       		.uleb128 0x11
 926 00cb 01       		.uleb128 0x1
 927 00cc 12       		.uleb128 0x12
 928 00cd 06       		.uleb128 0x6
 929 00ce 40       		.uleb128 0x40
 930 00cf 18       		.uleb128 0x18
 931 00d0 9742     		.uleb128 0x2117
 932 00d2 19       		.uleb128 0x19
 933 00d3 01       		.uleb128 0x1
 934 00d4 13       		.uleb128 0x13
 935 00d5 00       		.byte	0
 936 00d6 00       		.byte	0
 937 00d7 10       		.uleb128 0x10
 938 00d8 0B       		.uleb128 0xb
 939 00d9 01       		.byte	0x1
 940 00da 11       		.uleb128 0x11
 941 00db 01       		.uleb128 0x1
 942 00dc 12       		.uleb128 0x12
 943 00dd 06       		.uleb128 0x6
 944 00de 01       		.uleb128 0x1
 945 00df 13       		.uleb128 0x13
 946 00e0 00       		.byte	0
 947 00e1 00       		.byte	0
 948 00e2 11       		.uleb128 0x11
 949 00e3 13       		.uleb128 0x13
 950 00e4 01       		.byte	0x1
 951 00e5 0B       		.uleb128 0xb
 952 00e6 0B       		.uleb128 0xb
 953 00e7 3A       		.uleb128 0x3a
 954 00e8 0B       		.uleb128 0xb
 955 00e9 3B       		.uleb128 0x3b
 956 00ea 0B       		.uleb128 0xb
 957 00eb 01       		.uleb128 0x1
 958 00ec 13       		.uleb128 0x13
 959 00ed 00       		.byte	0
 960 00ee 00       		.byte	0
 961 00ef 12       		.uleb128 0x12
 962 00f0 0D       		.uleb128 0xd
 963 00f1 00       		.byte	0
 964 00f2 03       		.uleb128 0x3
 965 00f3 0E       		.uleb128 0xe
 966 00f4 3A       		.uleb128 0x3a
 967 00f5 0B       		.uleb128 0xb
 968 00f6 3B       		.uleb128 0x3b
ARM GAS  C:\Users\Nick\AppData\Local\Temp\ccGdFqd8.s 			page 24


 969 00f7 0B       		.uleb128 0xb
 970 00f8 49       		.uleb128 0x49
 971 00f9 13       		.uleb128 0x13
 972 00fa 38       		.uleb128 0x38
 973 00fb 0B       		.uleb128 0xb
 974 00fc 00       		.byte	0
 975 00fd 00       		.byte	0
 976 00fe 13       		.uleb128 0x13
 977 00ff 01       		.uleb128 0x1
 978 0100 01       		.byte	0x1
 979 0101 49       		.uleb128 0x49
 980 0102 13       		.uleb128 0x13
 981 0103 01       		.uleb128 0x1
 982 0104 13       		.uleb128 0x13
 983 0105 00       		.byte	0
 984 0106 00       		.byte	0
 985 0107 14       		.uleb128 0x14
 986 0108 21       		.uleb128 0x21
 987 0109 00       		.byte	0
 988 010a 49       		.uleb128 0x49
 989 010b 13       		.uleb128 0x13
 990 010c 2F       		.uleb128 0x2f
 991 010d 0B       		.uleb128 0xb
 992 010e 00       		.byte	0
 993 010f 00       		.byte	0
 994 0110 15       		.uleb128 0x15
 995 0111 34       		.uleb128 0x34
 996 0112 00       		.byte	0
 997 0113 03       		.uleb128 0x3
 998 0114 0E       		.uleb128 0xe
 999 0115 3A       		.uleb128 0x3a
 1000 0116 0B       		.uleb128 0xb
 1001 0117 3B       		.uleb128 0x3b
 1002 0118 05       		.uleb128 0x5
 1003 0119 49       		.uleb128 0x49
 1004 011a 13       		.uleb128 0x13
 1005 011b 02       		.uleb128 0x2
 1006 011c 18       		.uleb128 0x18
 1007 011d 00       		.byte	0
 1008 011e 00       		.byte	0
 1009 011f 16       		.uleb128 0x16
 1010 0120 26       		.uleb128 0x26
 1011 0121 00       		.byte	0
 1012 0122 49       		.uleb128 0x49
 1013 0123 13       		.uleb128 0x13
 1014 0124 00       		.byte	0
 1015 0125 00       		.byte	0
 1016 0126 17       		.uleb128 0x17
 1017 0127 34       		.uleb128 0x34
 1018 0128 00       		.byte	0
 1019 0129 03       		.uleb128 0x3
 1020 012a 08       		.uleb128 0x8
 1021 012b 3A       		.uleb128 0x3a
 1022 012c 0B       		.uleb128 0xb
 1023 012d 3B       		.uleb128 0x3b
 1024 012e 05       		.uleb128 0x5
 1025 012f 49       		.uleb128 0x49
ARM GAS  C:\Users\Nick\AppData\Local\Temp\ccGdFqd8.s 			page 25


 1026 0130 13       		.uleb128 0x13
 1027 0131 02       		.uleb128 0x2
 1028 0132 17       		.uleb128 0x17
 1029 0133 00       		.byte	0
 1030 0134 00       		.byte	0
 1031 0135 18       		.uleb128 0x18
 1032 0136 0B       		.uleb128 0xb
 1033 0137 01       		.byte	0x1
 1034 0138 11       		.uleb128 0x11
 1035 0139 01       		.uleb128 0x1
 1036 013a 12       		.uleb128 0x12
 1037 013b 06       		.uleb128 0x6
 1038 013c 00       		.byte	0
 1039 013d 00       		.byte	0
 1040 013e 19       		.uleb128 0x19
 1041 013f 0F       		.uleb128 0xf
 1042 0140 00       		.byte	0
 1043 0141 0B       		.uleb128 0xb
 1044 0142 0B       		.uleb128 0xb
 1045 0143 49       		.uleb128 0x49
 1046 0144 13       		.uleb128 0x13
 1047 0145 00       		.byte	0
 1048 0146 00       		.byte	0
 1049 0147 1A       		.uleb128 0x1a
 1050 0148 2E       		.uleb128 0x2e
 1051 0149 01       		.byte	0x1
 1052 014a 3F       		.uleb128 0x3f
 1053 014b 19       		.uleb128 0x19
 1054 014c 03       		.uleb128 0x3
 1055 014d 0E       		.uleb128 0xe
 1056 014e 27       		.uleb128 0x27
 1057 014f 19       		.uleb128 0x19
 1058 0150 49       		.uleb128 0x49
 1059 0151 13       		.uleb128 0x13
 1060 0152 34       		.uleb128 0x34
 1061 0153 19       		.uleb128 0x19
 1062 0154 3C       		.uleb128 0x3c
 1063 0155 19       		.uleb128 0x19
 1064 0156 01       		.uleb128 0x1
 1065 0157 13       		.uleb128 0x13
 1066 0158 00       		.byte	0
 1067 0159 00       		.byte	0
 1068 015a 1B       		.uleb128 0x1b
 1069 015b 05       		.uleb128 0x5
 1070 015c 00       		.byte	0
 1071 015d 49       		.uleb128 0x49
 1072 015e 13       		.uleb128 0x13
 1073 015f 00       		.byte	0
 1074 0160 00       		.byte	0
 1075 0161 1C       		.uleb128 0x1c
 1076 0162 2E       		.uleb128 0x2e
 1077 0163 00       		.byte	0
 1078 0164 3F       		.uleb128 0x3f
 1079 0165 19       		.uleb128 0x19
 1080 0166 03       		.uleb128 0x3
 1081 0167 0E       		.uleb128 0xe
 1082 0168 3A       		.uleb128 0x3a
ARM GAS  C:\Users\Nick\AppData\Local\Temp\ccGdFqd8.s 			page 26


 1083 0169 0B       		.uleb128 0xb
 1084 016a 3B       		.uleb128 0x3b
 1085 016b 0B       		.uleb128 0xb
 1086 016c 27       		.uleb128 0x27
 1087 016d 19       		.uleb128 0x19
 1088 016e 3C       		.uleb128 0x3c
 1089 016f 19       		.uleb128 0x19
 1090 0170 00       		.byte	0
 1091 0171 00       		.byte	0
 1092 0172 1D       		.uleb128 0x1d
 1093 0173 2E       		.uleb128 0x2e
 1094 0174 01       		.byte	0x1
 1095 0175 3F       		.uleb128 0x3f
 1096 0176 19       		.uleb128 0x19
 1097 0177 03       		.uleb128 0x3
 1098 0178 0E       		.uleb128 0xe
 1099 0179 3A       		.uleb128 0x3a
 1100 017a 0B       		.uleb128 0xb
 1101 017b 3B       		.uleb128 0x3b
 1102 017c 0B       		.uleb128 0xb
 1103 017d 27       		.uleb128 0x27
 1104 017e 19       		.uleb128 0x19
 1105 017f 3C       		.uleb128 0x3c
 1106 0180 19       		.uleb128 0x19
 1107 0181 01       		.uleb128 0x1
 1108 0182 13       		.uleb128 0x13
 1109 0183 00       		.byte	0
 1110 0184 00       		.byte	0
 1111 0185 1E       		.uleb128 0x1e
 1112 0186 2E       		.uleb128 0x2e
 1113 0187 01       		.byte	0x1
 1114 0188 3F       		.uleb128 0x3f
 1115 0189 19       		.uleb128 0x19
 1116 018a 03       		.uleb128 0x3
 1117 018b 0E       		.uleb128 0xe
 1118 018c 3A       		.uleb128 0x3a
 1119 018d 0B       		.uleb128 0xb
 1120 018e 3B       		.uleb128 0x3b
 1121 018f 0B       		.uleb128 0xb
 1122 0190 27       		.uleb128 0x27
 1123 0191 19       		.uleb128 0x19
 1124 0192 49       		.uleb128 0x49
 1125 0193 13       		.uleb128 0x13
 1126 0194 3C       		.uleb128 0x3c
 1127 0195 19       		.uleb128 0x19
 1128 0196 01       		.uleb128 0x1
 1129 0197 13       		.uleb128 0x13
 1130 0198 00       		.byte	0
 1131 0199 00       		.byte	0
 1132 019a 1F       		.uleb128 0x1f
 1133 019b 2E       		.uleb128 0x2e
 1134 019c 01       		.byte	0x1
 1135 019d 3F       		.uleb128 0x3f
 1136 019e 19       		.uleb128 0x19
 1137 019f 03       		.uleb128 0x3
 1138 01a0 0E       		.uleb128 0xe
 1139 01a1 3A       		.uleb128 0x3a
ARM GAS  C:\Users\Nick\AppData\Local\Temp\ccGdFqd8.s 			page 27


 1140 01a2 0B       		.uleb128 0xb
 1141 01a3 3B       		.uleb128 0x3b
 1142 01a4 0B       		.uleb128 0xb
 1143 01a5 27       		.uleb128 0x27
 1144 01a6 19       		.uleb128 0x19
 1145 01a7 3C       		.uleb128 0x3c
 1146 01a8 19       		.uleb128 0x19
 1147 01a9 00       		.byte	0
 1148 01aa 00       		.byte	0
 1149 01ab 00       		.byte	0
 1150              		.section	.debug_loc,"",%progbits
 1151              	.Ldebug_loc0:
 1152              	.LLST0:
 1153 0000 00000000 		.4byte	.LVL0
 1154 0004 09000000 		.4byte	.LVL2-1
 1155 0008 0100     		.2byte	0x1
 1156 000a 50       		.byte	0x50
 1157 000b 09000000 		.4byte	.LVL2-1
 1158 000f 0C000000 		.4byte	.LFE2
 1159 0013 0400     		.2byte	0x4
 1160 0015 F3       		.byte	0xf3
 1161 0016 01       		.uleb128 0x1
 1162 0017 50       		.byte	0x50
 1163 0018 9F       		.byte	0x9f
 1164 0019 00000000 		.4byte	0
 1165 001d 00000000 		.4byte	0
 1166              	.LLST1:
 1167 0021 00000000 		.4byte	.LVL0
 1168 0025 06000000 		.4byte	.LVL1
 1169 0029 0100     		.2byte	0x1
 1170 002b 51       		.byte	0x51
 1171 002c 06000000 		.4byte	.LVL1
 1172 0030 09000000 		.4byte	.LVL2-1
 1173 0034 0100     		.2byte	0x1
 1174 0036 52       		.byte	0x52
 1175 0037 09000000 		.4byte	.LVL2-1
 1176 003b 0C000000 		.4byte	.LFE2
 1177 003f 0400     		.2byte	0x4
 1178 0041 F3       		.byte	0xf3
 1179 0042 01       		.uleb128 0x1
 1180 0043 51       		.byte	0x51
 1181 0044 9F       		.byte	0x9f
 1182 0045 00000000 		.4byte	0
 1183 0049 00000000 		.4byte	0
 1184              	.LLST2:
 1185 004d AE000000 		.4byte	.LVL9
 1186 0051 B2000000 		.4byte	.LVL10
 1187 0055 0200     		.2byte	0x2
 1188 0057 30       		.byte	0x30
 1189 0058 9F       		.byte	0x9f
 1190 0059 B2000000 		.4byte	.LVL10
 1191 005d D2000000 		.4byte	.LVL12
 1192 0061 0100     		.2byte	0x1
 1193 0063 54       		.byte	0x54
 1194 0064 D4000000 		.4byte	.LVL13
 1195 0068 50010000 		.4byte	.LVL16
 1196 006c 0100     		.2byte	0x1
ARM GAS  C:\Users\Nick\AppData\Local\Temp\ccGdFqd8.s 			page 28


 1197 006e 54       		.byte	0x54
 1198 006f 00000000 		.4byte	0
 1199 0073 00000000 		.4byte	0
 1200              	.LLST3:
 1201 0077 B2000000 		.4byte	.LVL10
 1202 007b D2000000 		.4byte	.LVL12
 1203 007f 0B00     		.2byte	0xb
 1204 0081 74       		.byte	0x74
 1205 0082 00       		.sleb128 0
 1206 0083 36       		.byte	0x36
 1207 0084 1E       		.byte	0x1e
 1208 0085 03       		.byte	0x3
 1209 0086 00000000 		.4byte	cfg_memset_list.4758
 1210 008a 22       		.byte	0x22
 1211 008b 9F       		.byte	0x9f
 1212 008c D2000000 		.4byte	.LVL12
 1213 0090 D4000000 		.4byte	.LVL13
 1214 0094 0B00     		.2byte	0xb
 1215 0096 74       		.byte	0x74
 1216 0097 7F       		.sleb128 -1
 1217 0098 36       		.byte	0x36
 1218 0099 1E       		.byte	0x1e
 1219 009a 03       		.byte	0x3
 1220 009b 00000000 		.4byte	cfg_memset_list.4758
 1221 009f 22       		.byte	0x22
 1222 00a0 9F       		.byte	0x9f
 1223 00a1 00000000 		.4byte	0
 1224 00a5 00000000 		.4byte	0
 1225              		.section	.debug_aranges,"",%progbits
 1226 0000 34000000 		.4byte	0x34
 1227 0004 0200     		.2byte	0x2
 1228 0006 00000000 		.4byte	.Ldebug_info0
 1229 000a 04       		.byte	0x4
 1230 000b 00       		.byte	0
 1231 000c 0000     		.2byte	0
 1232 000e 0000     		.2byte	0
 1233 0010 00000000 		.4byte	.LFB6
 1234 0014 20000000 		.4byte	.LFE6-.LFB6
 1235 0018 00000000 		.4byte	.LFB2
 1236 001c 0C000000 		.4byte	.LFE2-.LFB2
 1237 0020 00000000 		.4byte	.LFB5
 1238 0024 A4000000 		.4byte	.LFE5-.LFB5
 1239 0028 A4000000 		.4byte	.LFB7
 1240 002c F4000000 		.4byte	.LFE7-.LFB7
 1241 0030 00000000 		.4byte	0
 1242 0034 00000000 		.4byte	0
 1243              		.section	.debug_ranges,"",%progbits
 1244              	.Ldebug_ranges0:
 1245 0000 00000000 		.4byte	.LFB6
 1246 0004 20000000 		.4byte	.LFE6
 1247 0008 00000000 		.4byte	.LFB2
 1248 000c 0C000000 		.4byte	.LFE2
 1249 0010 00000000 		.4byte	.LFB5
 1250 0014 A4000000 		.4byte	.LFE5
 1251 0018 A4000000 		.4byte	.LFB7
 1252 001c 98010000 		.4byte	.LFE7
 1253 0020 00000000 		.4byte	0
ARM GAS  C:\Users\Nick\AppData\Local\Temp\ccGdFqd8.s 			page 29


 1254 0024 00000000 		.4byte	0
 1255              		.section	.debug_line,"",%progbits
 1256              	.Ldebug_line0:
 1257 0000 5C010000 		.section	.debug_str,"MS",%progbits,1
 1257      0200E300 
 1257      00000201 
 1257      FB0E0D00 
 1257      01010101 
 1258              	.LASF27:
 1259 0000 43794465 		.ascii	"CyDelayCycles\000"
 1259      6C617943 
 1259      79636C65 
 1259      7300
 1260              	.LASF19:
 1261 000e 72656733 		.ascii	"reg32\000"
 1261      3200
 1262              	.LASF11:
 1263 0014 73697A65 		.ascii	"size_t\000"
 1263      5F7400
 1264              	.LASF34:
 1265 001b 416E616C 		.ascii	"AnalogSetDefault\000"
 1265      6F675365 
 1265      74446566 
 1265      61756C74 
 1265      00
 1266              	.LASF25:
 1267 002c 6366675F 		.ascii	"cfg_memset_list\000"
 1267      6D656D73 
 1267      65745F6C 
 1267      69737400 
 1268              	.LASF21:
 1269 003c 436C6F63 		.ascii	"ClockSetup\000"
 1269      6B536574 
 1269      757000
 1270              	.LASF4:
 1271 0047 73686F72 		.ascii	"short unsigned int\000"
 1271      7420756E 
 1271      7369676E 
 1271      65642069 
 1271      6E7400
 1272              	.LASF15:
 1273 005a 666C6F61 		.ascii	"float\000"
 1273      7400
 1274              	.LASF23:
 1275 0060 73697A65 		.ascii	"size\000"
 1275      00
 1276              	.LASF29:
 1277 0065 43795379 		.ascii	"CySysClkWcoSetPowerMode\000"
 1277      73436C6B 
 1277      57636F53 
 1277      6574506F 
 1277      7765724D 
 1278              	.LASF18:
 1279 007d 72656738 		.ascii	"reg8\000"
 1279      00
 1280              	.LASF6:
 1281 0082 6C6F6E67 		.ascii	"long unsigned int\000"
ARM GAS  C:\Users\Nick\AppData\Local\Temp\ccGdFqd8.s 			page 30


 1281      20756E73 
 1281      69676E65 
 1281      6420696E 
 1281      7400
 1282              	.LASF12:
 1283 0094 75696E74 		.ascii	"uint8\000"
 1283      3800
 1284              	.LASF36:
 1285 009a 43795379 		.ascii	"CySysClkWcoStart\000"
 1285      73436C6B 
 1285      57636F53 
 1285      74617274 
 1285      00
 1286              	.LASF20:
 1287 00ab 43594D45 		.ascii	"CYMEMZERO\000"
 1287      4D5A4552 
 1287      4F00
 1288              	.LASF2:
 1289 00b5 756E7369 		.ascii	"unsigned char\000"
 1289      676E6564 
 1289      20636861 
 1289      7200
 1290              	.LASF26:
 1291 00c3 6D656D73 		.ascii	"memset\000"
 1291      657400
 1292              	.LASF16:
 1293 00ca 646F7562 		.ascii	"double\000"
 1293      6C6500
 1294              	.LASF35:
 1295 00d1 63796669 		.ascii	"cyfitter_cfg\000"
 1295      74746572 
 1295      5F636667 
 1295      00
 1296              	.LASF13:
 1297 00de 75696E74 		.ascii	"uint16\000"
 1297      313600
 1298              	.LASF17:
 1299 00e5 63797374 		.ascii	"cystatus\000"
 1299      61747573 
 1299      00
 1300              	.LASF14:
 1301 00ee 75696E74 		.ascii	"uint32\000"
 1301      333200
 1302              	.LASF0:
 1303 00f5 756E7369 		.ascii	"unsigned int\000"
 1303      676E6564 
 1303      20696E74 
 1303      00
 1304              	.LASF22:
 1305 0102 61646472 		.ascii	"address\000"
 1305      65737300 
 1306              	.LASF8:
 1307 010a 6C6F6E67 		.ascii	"long long unsigned int\000"
 1307      206C6F6E 
 1307      6720756E 
 1307      7369676E 
 1307      65642069 
ARM GAS  C:\Users\Nick\AppData\Local\Temp\ccGdFqd8.s 			page 31


 1308              	.LASF33:
 1309 0121 433A5C55 		.ascii	"C:\\Users\\Nick\\Documents\\PSoC Creator\\capsensel"
 1309      73657273 
 1309      5C4E6963 
 1309      6B5C446F 
 1309      63756D65 
 1310 014f 6564315C 		.ascii	"ed1\\capsenseled\\BLE_OTA_FixedStack_Bootloader01.c"
 1310      63617073 
 1310      656E7365 
 1310      6C65645C 
 1310      424C455F 
 1311 0180 7964736E 		.ascii	"ydsn\000"
 1311      00
 1312              	.LASF24:
 1313 0185 6366675F 		.ascii	"cfg_memset_t\000"
 1313      6D656D73 
 1313      65745F74 
 1313      00
 1314              	.LASF9:
 1315 0192 73697A65 		.ascii	"sizetype\000"
 1315      74797065 
 1315      00
 1316              	.LASF7:
 1317 019b 6C6F6E67 		.ascii	"long long int\000"
 1317      206C6F6E 
 1317      6720696E 
 1317      7400
 1318              	.LASF37:
 1319 01a9 43794465 		.ascii	"CyDelayUs\000"
 1319      6C617955 
 1319      7300
 1320              	.LASF10:
 1321 01b3 63686172 		.ascii	"char\000"
 1321      00
 1322              	.LASF30:
 1323 01b8 43795379 		.ascii	"CySysClkEcoStart\000"
 1323      73436C6B 
 1323      45636F53 
 1323      74617274 
 1323      00
 1324              	.LASF31:
 1325 01c9 474E5520 		.ascii	"GNU C 4.9.3 20150303 (release) [ARM/embedded-4_9-br"
 1325      4320342E 
 1325      392E3320 
 1325      32303135 
 1325      30333033 
 1326 01fc 616E6368 		.ascii	"anch revision 221220] -mcpu=cortex-m0 -mthumb -g -O"
 1326      20726576 
 1326      6973696F 
 1326      6E203232 
 1326      31323230 
 1327 022f 67202D66 		.ascii	"g -ffunction-sections -ffat-lto-objects\000"
 1327      66756E63 
 1327      74696F6E 
 1327      2D736563 
 1327      74696F6E 
 1328              	.LASF3:
ARM GAS  C:\Users\Nick\AppData\Local\Temp\ccGdFqd8.s 			page 32


 1329 0257 73686F72 		.ascii	"short int\000"
 1329      7420696E 
 1329      7400
 1330              	.LASF28:
 1331 0261 43795379 		.ascii	"CySysClkWriteImoFreq\000"
 1331      73436C6B 
 1331      57726974 
 1331      65496D6F 
 1331      46726571 
 1332              	.LASF5:
 1333 0276 6C6F6E67 		.ascii	"long int\000"
 1333      20696E74 
 1333      00
 1334              	.LASF1:
 1335 027f 7369676E 		.ascii	"signed char\000"
 1335      65642063 
 1335      68617200 
 1336              	.LASF32:
 1337 028b 47656E65 		.ascii	"Generated_Source\\PSoC4\\cyfitter_cfg.c\000"
 1337      72617465 
 1337      645F536F 
 1337      75726365 
 1337      5C50536F 
 1338              		.ident	"GCC: (GNU Tools for ARM Embedded Processors) 4.9.3 20150303 (release) [ARM/embedded-4_9-br
