Archive member included because of file (symbol)

.\CortexM0\ARM_GCC_493\Debug\capsenseled.a(cyfitter_cfg.o)
                              .\CortexM0\ARM_GCC_493\Debug\Cm0Start.o (cyfitter_cfg)
.\CortexM0\ARM_GCC_493\Debug\capsenseled.a(CyLib.o)
                              .\CortexM0\ARM_GCC_493\Debug\capsenseled.a(cyfitter_cfg.o) (CySysClkWriteImoFreq)
.\CortexM0\ARM_GCC_493\Debug\capsenseled.a(CyLFClk.o)
                              .\CortexM0\ARM_GCC_493\Debug\capsenseled.a(cyfitter_cfg.o) (CySysClkWcoStart)
.\CortexM0\ARM_GCC_493\Debug\capsenseled.a(UART.o)
                              .\CortexM0\ARM_GCC_493\Debug\main.o (UART_Start)
.\CortexM0\ARM_GCC_493\Debug\capsenseled.a(WDT_Interrupt.o)
                              .\CortexM0\ARM_GCC_493\Debug\OTAOptional.o (WDT_Interrupt_StartEx)
.\CortexM0\ARM_GCC_493\Debug\capsenseled.a(Bootloadable.o)
                              .\CortexM0\ARM_GCC_493\Debug\OTAMandatory.o (Bootloadable_Load)
.\CortexM0\ARM_GCC_493\Debug\capsenseled.a(PWM_High_Thresh.o)
                              .\CortexM0\ARM_GCC_493\Debug\PWM.o (PWM_High_Thresh_WriteCompare)
.\CortexM0\ARM_GCC_493\Debug\capsenseled.a(PWM_Mid_Thresh.o)
                              .\CortexM0\ARM_GCC_493\Debug\PWM.o (PWM_Mid_Thresh_WriteCompare)
.\CortexM0\ARM_GCC_493\Debug\capsenseled.a(PWM_Low_Thresh.o)
                              .\CortexM0\ARM_GCC_493\Debug\PWM.o (PWM_Low_Thresh_WriteCompare)
.\CortexM0\ARM_GCC_493\Debug\capsenseled.a(TC_CC_ISR.o)
                              .\CortexM0\ARM_GCC_493\Debug\main.o (TC_CC_ISR_StartEx)
.\CortexM0\ARM_GCC_493\Debug\capsenseled.a(Timer.o)
                              .\CortexM0\ARM_GCC_493\Debug\main.o (Timer_Start)
.\CortexM0\ARM_GCC_493\Debug\capsenseled.a(LED_GREEN.o)
                              .\CortexM0\ARM_GCC_493\Debug\main.o (LED_GREEN_Write)
.\CortexM0\ARM_GCC_493\Debug\capsenseled.a(LED_BLUE.o)
                              .\CortexM0\ARM_GCC_493\Debug\main.o (LED_BLUE_Write)
.\CortexM0\ARM_GCC_493\Debug\capsenseled.a(LOW_FILTER_INPUT.o)
                              .\CortexM0\ARM_GCC_493\Debug\main.o (LOW_FILTER_INPUT_Read)
.\CortexM0\ARM_GCC_493\Debug\capsenseled.a(MED_FILTER_INPUT.o)
                              .\CortexM0\ARM_GCC_493\Debug\main.o (MED_FILTER_INPUT_Read)
.\CortexM0\ARM_GCC_493\Debug\capsenseled.a(HIGH_FILTER_INPUT.o)
                              .\CortexM0\ARM_GCC_493\Debug\main.o (HIGH_FILTER_INPUT_Read)
.\CortexM0\ARM_GCC_493\Debug\capsenseled.a(LED_RED.o)
                              .\CortexM0\ARM_GCC_493\Debug\main.o (LED_RED_Write)
.\CortexM0\ARM_GCC_493\Debug\capsenseled.a(FIRE_FILTER_INPUT.o)
                              .\CortexM0\ARM_GCC_493\Debug\main.o (FIRE_FILTER_INPUT_Read)
.\CortexM0\ARM_GCC_493\Debug\capsenseled.a(IDAC_Fire_Thresh.o)
                              .\CortexM0\ARM_GCC_493\Debug\IDAC.o (IDAC_Fire_Thresh_Enable)
.\CortexM0\ARM_GCC_493\Debug\capsenseled.a(ADC_SAR_Seq_1.o)
                              .\CortexM0\ARM_GCC_493\Debug\adc.o (ADC_SAR_Seq_1_Enable)
.\CortexM0\ARM_GCC_493\Debug\capsenseled.a(ADC_SAR_Seq_1_PM.o)
                              .\CortexM0\ARM_GCC_493\Debug\adc.o (ADC_SAR_Seq_1_Sleep)
.\CortexM0\ARM_GCC_493\Debug\capsenseled.a(ADC_SAR_Seq_1_INT.o)
                              .\CortexM0\ARM_GCC_493\Debug\capsenseled.a(ADC_SAR_Seq_1.o) (ADC_SAR_Seq_1_ISR)
.\CortexM0\ARM_GCC_493\Debug\capsenseled.a(motor.o)
                              .\CortexM0\ARM_GCC_493\Debug\main.o (motor_Write)
.\CortexM0\ARM_GCC_493\Debug\capsenseled.a(PGA_CS.o)
                              .\CortexM0\ARM_GCC_493\Debug\PGA.o (PGA_CS_Write)
.\CortexM0\ARM_GCC_493\Debug\capsenseled.a(PGA_U_Db.o)
                              .\CortexM0\ARM_GCC_493\Debug\PGA.o (PGA_U_Db_Write)
.\CortexM0\ARM_GCC_493\Debug\capsenseled.a(PGA_INC.o)
                              .\CortexM0\ARM_GCC_493\Debug\PGA.o (PGA_INC_Write)
.\CortexM0\ARM_GCC_493\Debug\capsenseled.a(Clock_PWM.o)
                              .\CortexM0\ARM_GCC_493\Debug\PWM.o (Clock_PWM_StartEx)
.\CortexM0\ARM_GCC_493\Debug\capsenseled.a(CyBootAsmGnu.o)
                              .\CortexM0\ARM_GCC_493\Debug\capsenseled.a(cyfitter_cfg.o) (CyDelayCycles)
.\CortexM0\ARM_GCC_493\Debug\capsenseled.a(UART_AsmGnu.o)
                              .\CortexM0\ARM_GCC_493\Debug\debug.o (UART_PutChar)
.\CortexM0\ARM_GCC_493\Debug\capsenseled.a(CyFlash.o)
                              .\CortexM0\ARM_GCC_493\Debug\capsenseled.a(Bootloadable.o) (CySysFlashWriteRow)
c:/program files (x86)/cypress/psoc creator/4.0/psoc creator/import/gnu/arm/4.9.3/bin/../lib/gcc/arm-none-eabi/4.9.3/armv6-m\libgcc.a(_udivsi3.o)
                              .\CortexM0\ARM_GCC_493\Debug\capsenseled.a(CyLib.o) (__aeabi_uidiv)
c:/program files (x86)/cypress/psoc creator/4.0/psoc creator/import/gnu/arm/4.9.3/bin/../lib/gcc/arm-none-eabi/4.9.3/armv6-m\libgcc.a(_divsi3.o)
[...]
Memory Configuration

Name             Origin             Length             Attributes
rom              0x00000000         0x00020000         xr
ram              0x20000000         0x00004000         xrw
*default*        0x00000000         0xffffffff

Linker script and memory map

LOAD c:/program files (x86)/cypress/psoc creator/4.0/psoc creator/import/gnu/arm/4.9.3/bin/../lib/gcc/arm-none-eabi/4.9.3/armv6-m/crti.o
LOAD c:/program files (x86)/cypress/psoc creator/4.0/psoc creator/import/gnu/arm/4.9.3/bin/../lib/gcc/arm-none-eabi/4.9.3/armv6-m/crtbegin.o
LOAD c:/program files (x86)/cypress/psoc creator/4.0/psoc creator/import/gnu/arm/4.9.3/bin/../lib/gcc/arm-none-eabi/4.9.3/../../../../arm-none-eabi/lib/armv6-m/crt0.o
START GROUP
LOAD .\CortexM0\ARM_GCC_493\Debug\main.o
LOAD .\CortexM0\ARM_GCC_493\Debug\debug.o
LOAD .\CortexM0\ARM_GCC_493\Debug\OTAMandatory.o
LOAD .\CortexM0\ARM_GCC_493\Debug\OTAOptional.o
LOAD .\CortexM0\ARM_GCC_493\Debug\adc.o
LOAD .\CortexM0\ARM_GCC_493\Debug\filter.o
LOAD .\CortexM0\ARM_GCC_493\Debug\IDAC.o
LOAD .\CortexM0\ARM_GCC_493\Debug\PGA.o
LOAD .\CortexM0\ARM_GCC_493\Debug\queue.o
LOAD .\CortexM0\ARM_GCC_493\Debug\PWM.o
LOAD .\CortexM0\ARM_GCC_493\Debug\cymetadata.o
LOAD .\CortexM0\ARM_GCC_493\Debug\Cm0Start.o
LOAD .\CortexM0\ARM_GCC_493\Debug\cybootloader.o
LOAD .\CortexM0\ARM_GCC_493\Debug\capsenseled.a
LOAD C:\Program Files (x86)\Cypress\PSoC Creator\4.0\PSoC Creator\psoc\content\cycomponentlibrary\CyComponentLibrary.cylib\CortexM0\ARM_GCC_493\Debug\CyComponentLibrary.a
END GROUP
START GROUP
LOAD c:/program files (x86)/cypress/psoc creator/4.0/psoc creator/import/gnu/arm/4.9.3/bin/../lib/gcc/arm-none-eabi/4.9.3/armv6-m\libgcc.a
LOAD c:/program files (x86)/cypress/psoc creator/4.0/psoc creator/import/gnu/arm/4.9.3/bin/../lib/gcc/arm-none-eabi/4.9.3/../../../../arm-none-eabi/lib/armv6-m\libg_nano.a
LOAD c:/program files (x86)/cypress/psoc creator/4.0/psoc creator/import/gnu/arm/4.9.3/bin/../lib/gcc/arm-none-eabi/4.9.3/../../../../arm-none-eabi/lib/armv6-m\libc_nano.a
END GROUP
START GROUP
LOAD c:/program files (x86)/cypress/psoc creator/4.0/psoc creator/import/gnu/arm/4.9.3/bin/../lib/gcc/arm-none-eabi/4.9.3/armv6-m\libgcc.a
LOAD c:/program files (x86)/cypress/psoc creator/4.0/psoc creator/import/gnu/arm/4.9.3/bin/../lib/gcc/arm-none-eabi/4.9.3/../../../../arm-none-eabi/lib/armv6-m\libc_nano.a
END GROUP
LOAD c:/program files (x86)/cypress/psoc creator/4.0/psoc creator/import/gnu/arm/4.9.3/bin/../lib/gcc/arm-none-eabi/4.9.3/armv6-m/crtend.o
LOAD c:/program files (x86)/cypress/psoc creator/4.0/psoc creator/import/gnu/arm/4.9.3/bin/../lib/gcc/arm-none-eabi/4.9.3/armv6-m/crtn.o
START GROUP
LOAD c:/program files (x86)/cypress/psoc creator/4.0/psoc creator/import/gnu/arm/4.9.3/bin/../lib/gcc/arm-none-eabi/4.9.3/armv6-m\libgcc.a
LOAD c:/program files (x86)/cypress/psoc creator/4.0/psoc creator/import/gnu/arm/4.9.3/bin/../lib/gcc/arm-none-eabi/4.9.3/../../../../arm-none-eabi/lib/armv6-m\libc.a
LOAD c:/program files (x86)/cypress/psoc creator/4.0/psoc creator/import/gnu/arm/4.9.3/bin/../lib/gcc/arm-none-eabi/4.9.3/../../../../arm-none-eabi/lib/armv6-m\libnosys.a
END GROUP
                0x00000000                PROVIDE (CYFLD_TCPWM_COUNTER_ENABLED__OFFSET, 0x0)
                0x00000000                PROVIDE (CYFLD_TCPWM_COUNTER_ENABLED__OFFSET, 0x0)
                0x00000001                PROVIDE (Bootloader__cy_region_num, 0x1)
                0x00000001                PROVIDE (CYDEV_USE_BUNDLED_CMSIS, 0x1)
                0x00000001                PROVIDE (CYDEV_USE_BUNDLED_CMSIS, 0x1)
                0x00000001                PROVIDE (CYFLD_CTBM_ENABLED__SIZE, 0x1)
                0x00000001                PROVIDE (CYFLD_CTBM_ENABLED__SIZE, 0x1)
                0x00000001                PROVIDE (CYFLD_PASS_DSAB_ENABLED__SIZE, 0x1)
                0x00000001                PROVIDE (CYFLD_PASS_DSAB_ENABLED__SIZE, 0x1)
                0x00000001                PROVIDE (CYFLD_SAR_ENABLED__SIZE, 0x1)
                0x00000001                PROVIDE (CYFLD_SAR_ENABLED__SIZE, 0x1)
                0x00000001                PROVIDE (CYFLD_SCB_CTS_ENABLED__SIZE, 0x1)
                0x00000001                PROVIDE (CYFLD_SCB_CTS_ENABLED__SIZE, 0x1)
                0x00000001                PROVIDE (CYFLD_SCB_ENABLED__SIZE, 0x1)
                0x00000001                PROVIDE (CYFLD_SCB_ENABLED__SIZE, 0x1)
                0x00000001                PROVIDE (CYFLD_SCB_PARITY_ENABLED__SIZE, 0x1)
                0x00000001                PROVIDE (CYFLD_SCB_PARITY_ENABLED__SIZE, 0x1)
                0x00000002                PROVIDE (Advertising_LED_1__0__PORT, 0x2)
                0x00000002                PROVIDE (Advertising_LED_1__0__PORT, 0x2)
                0x00000002                PROVIDE (Advertising_LED_1__PORT, 0x2)
                0x00000002                PROVIDE (Advertising_LED_1__PORT, 0x2)
                0x00000002                PROVIDE (Bootloader_Service_Activation__0__PORT, 0x2)
                0x00000002                PROVIDE (Bootloader_Service_Activation__0__PORT, 0x2)
                0x00000002                PROVIDE (Bootloader_Service_Activation__PORT, 0x2)
                0x00000002                PROVIDE (Bootloader_Service_Activation__PORT, 0x2)
                0x00000002                PROVIDE (Wakeup_Interrupt__INTC_NUMBER, 0x2)
                0x00000002                PROVIDE (Wakeup_Interrupt__INTC_NUMBER, 0x2)
                0x00000003                PROVIDE (Advertising_LED_2__0__PORT, 0x3)
                0x00000003                PROVIDE (Advertising_LED_2__0__PORT, 0x3)
                0x00000003                PROVIDE (Advertising_LED_2__PORT, 0x3)
                0x00000003                PROVIDE (Advertising_LED_2__PORT, 0x3)
                0x00000003                PROVIDE (Bootloading_LED__0__PORT, 0x3)
                0x00000003                PROVIDE (Bootloading_LED__0__PORT, 0x3)
                0x00000003                PROVIDE (Bootloading_LED__PORT, 0x3)
                0x00000003                PROVIDE (Bootloading_LED__PORT, 0x3)
                0x00000003                PROVIDE (CyBLE_bless_isr__INTC_PRIOR_NUM, 0x3)
                0x00000003                PROVIDE (CyBLE_bless_isr__INTC_PRIOR_NUM, 0x3)
                0x00000003                PROVIDE (Wakeup_Interrupt__INTC_PRIOR_NUM, 0x3)
                0x00000003                PROVIDE (Wakeup_Interrupt__INTC_PRIOR_NUM, 0x3)
                0x00000004                PROVIDE (CYFLD_TCPWM_COUNTER_ENABLED__SIZE, 0x4)
                0x00000004                PROVIDE (CYFLD_TCPWM_COUNTER_ENABLED__SIZE, 0x4)
                0x00000004                PROVIDE (Wakeup_Interrupt__INTC_MASK, 0x4)
                0x00000004                PROVIDE (Wakeup_Interrupt__INTC_MASK, 0x4)
                0x00000005                PROVIDE (CYFLD_SCB_PARITY_ENABLED__OFFSET, 0x5)
                0x00000005                PROVIDE (CYFLD_SCB_PARITY_ENABLED__OFFSET, 0x5)
                0x00000006                PROVIDE (Advertising_LED_1__0__SHIFT, 0x6)
                0x00000006                PROVIDE (Advertising_LED_1__0__SHIFT, 0x6)
                0x00000006                PROVIDE (Advertising_LED_1__SHIFT, 0x6)
                0x00000006                PROVIDE (Advertising_LED_1__SHIFT, 0x6)
                0x00000006                PROVIDE (Advertising_LED_2__0__SHIFT, 0x6)
                0x00000006                PROVIDE (Advertising_LED_2__0__SHIFT, 0x6)
                0x00000006                PROVIDE (Advertising_LED_2__SHIFT, 0x6)
                0x00000006                PROVIDE (Advertising_LED_2__SHIFT, 0x6)
                0x00000007                PROVIDE (Bootloader_Service_Activation__0__SHIFT, 0x7)
                0x00000007                PROVIDE (Bootloader_Service_Activation__0__SHIFT, 0x7)
                0x00000007                PROVIDE (Bootloader_Service_Activation__SHIFT, 0x7)
                0x00000007                PROVIDE (Bootloader_Service_Activation__SHIFT, 0x7)
                0x00000007                PROVIDE (Bootloading_LED__0__SHIFT, 0x7)
                0x00000007                PROVIDE (Bootloading_LED__0__SHIFT, 0x7)
                0x00000007                PROVIDE (Bootloading_LED__SHIFT, 0x7)
                0x00000007                PROVIDE (Bootloading_LED__SHIFT, 0x7)
                0x0000000c                PROVIDE (CyBLE_bless_isr__INTC_NUMBER, 0xc)
                0x0000000c                PROVIDE (CyBLE_bless_isr__INTC_NUMBER, 0xc)
                0x00000018                PROVIDE (Advertising_LED_1__0__HSIOM_SHIFT, 0x18)
                0x00000018                PROVIDE (Advertising_LED_1__0__HSIOM_SHIFT, 0x18)
                0x00000018                PROVIDE (Advertising_LED_2__0__HSIOM_SHIFT, 0x18)
                0x00000018                PROVIDE (Advertising_LED_2__0__HSIOM_SHIFT, 0x18)
                0x00000019                PROVIDE (CYFLD_SCB_CTS_ENABLED__OFFSET, 0x19)
                0x00000019                PROVIDE (CYFLD_SCB_CTS_ENABLED__OFFSET, 0x19)
                0x0000001c                PROVIDE (Bootloader_Service_Activation__0__HSIOM_SHIFT, 0x1c)
                0x0000001c                PROVIDE (Bootloader_Service_Activation__0__HSIOM_SHIFT, 0x1c)
                0x0000001c                PROVIDE (Bootloading_LED__0__HSIOM_SHIFT, 0x1c)
                0x0000001c                PROVIDE (Bootloading_LED__0__HSIOM_SHIFT, 0x1c)
                0x0000001f                PROVIDE (CYFLD_CTBM_ENABLED__OFFSET, 0x1f)
                0x0000001f                PROVIDE (CYFLD_CTBM_ENABLED__OFFSET, 0x1f)
                0x0000001f                PROVIDE (CYFLD_PASS_DSAB_ENABLED__OFFSET, 0x1f)
                0x0000001f                PROVIDE (CYFLD_PASS_DSAB_ENABLED__OFFSET, 0x1f)
                0x0000001f                PROVIDE (CYFLD_SAR_ENABLED__OFFSET, 0x1f)
                0x0000001f                PROVIDE (CYFLD_SAR_ENABLED__OFFSET, 0x1f)
                0x0000001f                PROVIDE (CYFLD_SCB_ENABLED__OFFSET, 0x1f)
                0x0000001f                PROVIDE (CYFLD_SCB_ENABLED__OFFSET, 0x1f)
                0x00000040                PROVIDE (Advertising_LED_1__0__MASK, 0x40)
                0x00000040                PROVIDE (Advertising_LED_1__0__MASK, 0x40)
                0x00000040                PROVIDE (Advertising_LED_1__MASK, 0x40)
                0x00000040                PROVIDE (Advertising_LED_1__MASK, 0x40)
                0x00000040                PROVIDE (Advertising_LED_2__0__MASK, 0x40)
                0x00000040                PROVIDE (Advertising_LED_2__0__MASK, 0x40)
                0x00000040                PROVIDE (Advertising_LED_2__MASK, 0x40)
                0x00000040                PROVIDE (Advertising_LED_2__MASK, 0x40)
                0x00000080                PROVIDE (Bootloader_Service_Activation__0__MASK, 0x80)
                0x00000080                PROVIDE (Bootloader_Service_Activation__0__MASK, 0x80)
                0x00000080                PROVIDE (Bootloader_Service_Activation__MASK, 0x80)
                0x00000080                PROVIDE (Bootloader_Service_Activation__MASK, 0x80)
                0x00000080                PROVIDE (Bootloading_LED__0__MASK, 0x80)
                0x00000080                PROVIDE (Bootloading_LED__0__MASK, 0x80)
                0x00000080                PROVIDE (Bootloading_LED__MASK, 0x80)
                0x00000080                PROVIDE (Bootloading_LED__MASK, 0x80)
                0x000000c0                PROVIDE (CyBLE_bless_isr__INTC_PRIOR_MASK, 0xc0)
                0x000000c0                PROVIDE (CyBLE_bless_isr__INTC_PRIOR_MASK, 0xc0)
                0x00000694                PROVIDE (Advertising_LED_2_SetDriveMode, 0x694)
                0x000006ac                PROVIDE (Advertising_LED_2_Write, 0x6ac)
                0x000006c4                PROVIDE (Advertising_LED_2_Read, 0x6c4)
                0x000006d4                PROVIDE (Advertising_LED_2_ReadDataReg, 0x6d4)
                0x000006e4                PROVIDE (Advertising_LED_2_SetInterruptMode, 0x6e4)
                0x000006f8                PROVIDE (Advertising_LED_2_ClearInterrupt, 0x6f8)
                0x00000774                PROVIDE (Wakeup_Interrupt_Interrupt, 0x774)
                0x00000778                PROVIDE (Wakeup_Interrupt_SetVector, 0x778)
                0x00000784                PROVIDE (Wakeup_Interrupt_SetPriority, 0x784)
                0x000007a8                PROVIDE (Wakeup_Interrupt_Enable, 0x7a8)
                0x000007b4                PROVIDE (Wakeup_Interrupt_Disable, 0x7b4)
                0x000007c0                PROVIDE (Wakeup_Interrupt_Start, 0x7c0)
                0x000007dc                PROVIDE (Wakeup_Interrupt_ClearPending, 0x7dc)
                0x000007e8                PROVIDE (Bootloader_Service_Activation_SetDriveMode, 0x7e8)
                0x00000800                PROVIDE (Bootloader_Service_Activation_Write, 0x800)
                0x00000818                PROVIDE (Bootloader_Service_Activation_Read, 0x818)
                0x00000828                PROVIDE (Bootloader_Service_Activation_ReadDataReg, 0x828)
                0x00000838                PROVIDE (Bootloader_Service_Activation_SetInterruptMode, 0x838)
                0x0000084c                PROVIDE (Bootloader_Service_Activation_ClearInterrupt, 0x84c)
                0x00000860                PROVIDE (Advertising_LED_1_SetDriveMode, 0x860)
                0x00000878                PROVIDE (Advertising_LED_1_Write, 0x878)
                0x00000890                PROVIDE (Advertising_LED_1_Read, 0x890)
                0x000008a0                PROVIDE (Advertising_LED_1_ReadDataReg, 0x8a0)
                0x000008b0                PROVIDE (Advertising_LED_1_SetInterruptMode, 0x8b0)
                0x000008c4                PROVIDE (Advertising_LED_1_ClearInterrupt, 0x8c4)
                0x000008d8                PROVIDE (Bootloading_LED_SetDriveMode, 0x8d8)
                0x000008f0                PROVIDE (Bootloading_LED_Write, 0x8f0)
                0x00000908                PROVIDE (Bootloading_LED_Read, 0x908)
                0x00000918                PROVIDE (Bootloading_LED_ReadDataReg, 0x918)
                0x00000928                PROVIDE (Bootloading_LED_SetInterruptMode, 0x928)
                0x0000093c                PROVIDE (Bootloading_LED_ClearInterrupt, 0x93c)
                0x00001000                PROVIDE (CyBLE_bless_isr__INTC_MASK, 0x1000)
                0x00001000                PROVIDE (CyBLE_bless_isr__INTC_MASK, 0x1000)
                0x0000109c                PROVIDE (CyBle_ChangeAdLocalName, 0x109c)
                0x00001114                PROVIDE (CyBle_ServiceInit, 0x1114)
                0x0000111c                PROVIDE (CyBle_Init, 0x111c)
                0x00001140                PROVIDE (CyBle_Start, 0x1140)
                0x000011e8                PROVIDE (CyBle_Stop, 0x11e8)
                0x000011fc                PROVIDE (CyBle_GappStartAdvertisement, 0x11fc)
                0x00001280                PROVIDE (CyBle_GappStopAdvertisement, 0x1280)
                0x00001298                PROVIDE (CyBle_ChangeAdDeviceAddress, 0x1298)
                0x0000129c                PROVIDE (CyBle_GapSetLocalName, 0x129c)
                0x000012e8                PROVIDE (CyBle_GapGetLocalName, 0x12e8)
                0x0000131c                PROVIDE (CyBle_Get16ByPtr, 0x131c)
                0x00001328                PROVIDE (CyBle_Set16ByPtr, 0x1328)
                0x00001330                PROVIDE (CyBle_GattsWriteEventHandler, 0x1330)
                0x00001388                PROVIDE (CyBle_GattDisconnectEventHandler, 0x1388)
                0x00001398                PROVIDE (CyBle_WriteReqHandler, 0x1398)
                0x000013e0                PROVIDE (CyBle_IsDeviceAddressValid, 0x13e0)
                0x00001404                PROVIDE (CyBle_EventHandler, 0x1404)
                0x00001630                PROVIDE (CyBle_CustomInit, 0x1630)
                0x00001634                PROVIDE (CyBle_BtsWriteEventHandler, 0x1634)
                0x000016b0                PROVIDE (CyBle_BtssPrepareWriteRequestEventHandler, 0x16b0)
                0x000016e0                PROVIDE (CyBle_BtssExecuteWriteRequestEventHandler, 0x16e0)
                0x00001730                PROVIDE (CyBLE_CyBtldrCommStart, 0x1730)
                0x00001734                PROVIDE (CyBLE_CyBtldrCommStop, 0x1734)
                0x00001760                PROVIDE (CyBLE_CyBtldrCommWrite, 0x1760)
                0x000017c8                PROVIDE (CyBLE_CyBtldrCommRead, 0x17c8)
                0x00002080                PROVIDE (CyBLE_Bless_LlRegWrite, 0x2080)
                0x00002084                PROVIDE (CyBLE_Bless_RfRegWrite, 0x2084)
                0x00002088                PROVIDE (CyBLE_BlessDeviceConfig, 0x2088)
                0x000021d4                PROVIDE (CyBle_HalInit, 0x21d4)
                0x000021ec                PROVIDE (CYBLE_BlessStart, 0x21ec)
                0x000021fc                PROVIDE (CyBLE_GetIpBlockVersion, 0x21fc)
                0x00002204                PROVIDE (CyBle_Hal_pairing_local_public_key_handler, 0x2204)
                0x00002208                PROVIDE (CyBle_Hal_pairing_remote_key_handler, 0x2208)
                0x0000220c                PROVIDE (CyBle_Hal_pairing_dhkey_handler, 0x220c)
                0x00002210                PROVIDE (CyBle_Hal_pairing_dhkey_check_handler, 0x2210)
                0x00002214                PROVIDE (CyBle_Hal_pairing_keypress_notification_handler, 0x2214)
                0x00002218                PROVIDE (CyBle_Hal_pairing_rand_handler, 0x2218)
                0x0000221c                PROVIDE (CyBle_Hal_pairing_confirm_handler, 0x221c)
                0x00002220                PROVIDE (CyBle_Hal_pairing_lr_confirming_handler, 0x2220)
                0x00002224                PROVIDE (CyBle_Hal_pairing_sc_tbx_local_pubkey_generate_complete, 0x2224)
                0x00002228                PROVIDE (CyBle_Hal_pairing_sc_tbx_generate_local_P256_public_key, 0x2228)
                0x0000222c                PROVIDE (CyBle_Hal_se_smp_sc_user_passkey_handler, 0x222c)
                0x00002230                PROVIDE (CyBle_Hal_EccPointMult, 0x2230)
                0x00002234                PROVIDE (CyBLE_bless_isr_SetVector, 0x2234)
                0x00002240                PROVIDE (CyBLE_bless_isr_SetPriority, 0x2240)
                0x00002260                PROVIDE (CyBLE_bless_isr_Enable, 0x2260)
                0x00002270                PROVIDE (CyBLE_bless_isr_Disable, 0x2270)
                0x00002280                PROVIDE (CyBLE_bless_isr_StartEx, 0x2280)
                0x0000229c                PROVIDE (CyBLE_Bless_Interrupt, 0x229c)
                0x000025b4                PROVIDE (Bootloader__libc_init_array, 0x25b4)
                0x00003570                PROVIDE (CyBle_StackSetFeatureConfig, 0x3570)
                0x0000364c                PROVIDE (CyBle_StackInit, 0x364c)
                0x00003794                PROVIDE (CyBle_Shutdown, 0x3794)
                0x000037b8                PROVIDE (CyBle_SoftReset, 0x37b8)
                0x000037f0                PROVIDE (CyBle_EnterLPM, 0x37f0)
                0x000037f8                PROVIDE (CyBle_ExitLPM, 0x37f8)
                0x00003800                PROVIDE (CyBle_ProcessEvents, 0x3800)
                0x00003808                PROVIDE (CyBle_SetDeviceAddress, 0x3808)
                0x0000382c                PROVIDE (CyBle_GetDeviceAddress, 0x382c)
                0x00003834                PROVIDE (CyBle_GetRssi, 0x3834)
                0x00003858                PROVIDE (CyBle_GetTxPowerLevel, 0x3858)
                0x000038ac                PROVIDE (CyBle_SetTxPowerLevel, 0x38ac)
                0x00003934                PROVIDE (CyBle_GetBleClockCfgParam, 0x3934)
                0x00003954                PROVIDE (CyBle_SetBleClockCfgParam, 0x3954)
                0x00003a14                PROVIDE (CyBle_GenerateRandomNumber, 0x3a14)
                0x00003a30                PROVIDE (CyBle_SetCeLengthParam, 0x3a30)
                0x00003acc                PROVIDE (CyBle_WriteAuthPayloadTimeout, 0x3acc)
                0x00003b50                PROVIDE (CyBle_ReadAuthPayloadTimeout, 0x3b50)
                0x00003bb4                PROVIDE (CyBle_GetStackLibraryVersion, 0x3bb4)
                0x00003bce                PROVIDE (CyBle_GetBleSsState, 0x3bce)
                0x00003bde                PROVIDE (CyBle_AesEncrypt, 0x3bde)
                0x00003c3c                PROVIDE (CyBle_AesCcmInit, 0x3c3c)
                0x00003cac                PROVIDE (CyBle_AesCcmEncrypt, 0x3cac)
                0x00003ce6                PROVIDE (CyBle_AesCcmDecrypt, 0x3ce6)
                0x00003d2c                PROVIDE (CyBle_SetTxGainMode, 0x3d2c)
                0x00003d64                PROVIDE (CyBle_SetRxGainMode, 0x3d64)
                0x00003d84                PROVIDE (CyBle_GattGetMtuSize, 0x3d84)
                0x00003d9c                PROVIDE (CyBle_GattsEnableAttribute, 0x3d9c)
                0x00003df8                PROVIDE (CyBle_StartTimer, 0x3df8)
                0x00003e2c                PROVIDE (CyBle_StopTimer, 0x3e2c)
                0x00003e54                PROVIDE (CyBle_ControllerGetFeatureHeapReq, 0x3e54)
                0x00003eac                PROVIDE (CyBle_StackGetFeatureConfig, 0x3eac)
                0x00003ee4                PROVIDE (CyBle_StackValidateInputParams, 0x3ee4)
                0x0000416c                PROVIDE (CyBle_GetHeapMemory, 0x416c)
                0x00004194                PROVIDE (CyBle_GetNumAppBufferPools, 0x4194)
                0x000041a0                PROVIDE (CyBle_HostStackBufferPoolInit, 0x41a0)
                0x00004690                PROVIDE (CyBle_CheckBleStackTaskStatus, 0x4690)
                0x00004694                PROVIDE (CyBle_CreateBleStackTask, 0x4694)
                0x000046c0                PROVIDE (CyBle_SignalBleStackTask, 0x46c0)
                0x00004710                PROVIDE (CyBle_StackTaskHandler, 0x4710)
                0x00004f00                PROVIDE (CyBle_EnterDsmMode, 0x4f00)
                0x00004f3c                PROVIDE (CyBle_ExitDsmMode, 0x4f3c)
                0x00004f68                PROVIDE (CyBle_GetBleSsOperationalMode, 0x4f68)
                0x00004f74                PROVIDE (CyBle_GetEventCloseState, 0x4f74)
                0x00004f84                PROVIDE (CyBle_GetLpMode, 0x4f84)
                0x00004fac                PROVIDE (CyBle_GetTxGainMode, 0x4fac)
                0x00004fd8                PROVIDE (CyBle_SetAutoWakeUp, 0x4fd8)
                0x00004fe4                PROVIDE (CyBle_SetBleSsOperationalMode, 0x4fe4)
                0x00005004                PROVIDE (CyBle_SetEventCloseState, 0x5004)
                0x0000758c                PROVIDE (ll_handle_conn_failed_indication, 0x758c)
                0x0000b1f8                PROVIDE (CyBle_BluetoothOnCmptCB, 0xb1f8)
                0x0000b2ac                PROVIDE (CyBle_HostStackInit, 0xb2ac)
                0x0000b2e8                PROVIDE (CyBle_HostStackOff, 0xb2e8)
                0x0000b2f8                PROVIDE (CyBle_HostStackOn, 0xb2f8)
                0x0000b33c                PROVIDE (CyBle_SendEvToApp, 0xb33c)
                0x0000b350                PROVIDE (CyBle_TimerExpiryHandler, 0xb350)
                0x0000c44c                PROVIDE (CyBle_L2capCB, 0xc44c)
                0x0000c480                PROVIDE (CyBle_L2capCheckErrCode, 0xc480)
                0x0000c53c                PROVIDE (CyBle_L2capFreeBuffers, 0xc53c)
                0x0000c570                PROVIDE (CyBle_L2capInit, 0xc570)
                0x0000c6d4                PROVIDE (CyBle_L2capLeConnectionParamUpdateRequest, 0xc6d4)
                0x0000c704                PROVIDE (CyBle_L2capMemsetBuffers, 0xc704)
                0x0000c758                PROVIDE (CyBle_L2capShutdown, 0xc758)
                0x0000c764                PROVIDE (CyBle_L2capTxQueueFlowCb, 0xc764)
                0x0000df30                PROVIDE (CyBle_Dummy_GapHciEvent, 0xdf30)
                0x0000df34                PROVIDE (CyBle_GapAdvTimerExpiryHandler, 0xdf34)
                0x0000df5c                PROVIDE (CyBle_GapCheckErrCode, 0xdf5c)
                0x0000e030                PROVIDE (CyBle_GapDisconnect, 0xe030)
                0x0000e060                PROVIDE (CyBle_GapFixAuthPassKey, 0xe060)
                0x0000e072                PROVIDE (CyBle_GapGetBondedDevicesList, 0xe072)
                0x0000e102                PROVIDE (CyBle_GapGetPeerConnHandle, 0xe102)
                0x0000e134                PROVIDE (CyBle_GapHciCommandCompleteEvent, 0xe134)
                0x0000e1f8                PROVIDE (CyBle_GapHciMetaEvent, 0xe1f8)
                0x0000e2bc                PROVIDE (CyBle_GapInit, 0xe2bc)
                0x0000e2e8                PROVIDE (CyBle_GapSetIdAddress, 0xe2e8)
                0x0000e310                PROVIDE (CyBle_GapSetIoCap, 0xe310)
                0x0000e34c                PROVIDE (CyBle_GapSetLeEventMask, 0xe34c)
                0x0000e364                PROVIDE (CyBle_GapSetScanRspData, 0xe364)
                0x0000e38c                PROVIDE (CyBle_GapSignData, 0xe38c)
                0x0000e4dc                PROVIDE (CyBle_GapStartAdvertising, 0xe4dc)
                0x0000e4fc                PROVIDE (CyBle_GapUpdateBdAddress, 0xe4fc)
                0x0000e530                PROVIDE (CyBle_GappAuthReqReply, 0xe530)
                0x0000e5b0                PROVIDE (CyBle_GappEnterDiscoveryMode, 0xe5b0)
                0x0000e714                PROVIDE (CyBle_GappExitDiscoveryMode, 0xe714)
                0x0000e73c                PROVIDE (CyBle_HciCb, 0xe73c)
                0x0000e7c8                PROVIDE (CyBle_SmpCb, 0xe7c8)
                0x0000e994                PROVIDE (CyBle_GattCB, 0xe994)
                0x0000f030                PROVIDE (CyBle_GattDBGet16BitUUID, 0xf030)
                0x0000f0a0                PROVIDE (CyBle_GattInit, 0xf0a0)
                0x0000f0c0                PROVIDE (CyBle_GattResetGlobals, 0xf0c0)
                0x0000f0dc                PROVIDE (CyBle_GattShutdown, 0xf0dc)
                0x0000f0e4                PROVIDE (CyBle_SendPDU, 0xf0e4)
                0x0000f170                PROVIDE (CyBle_GattClientInit, 0xf170)
                0x0000f178                PROVIDE (CyBle_GattSendPrepWriteReq, 0xf178)
                0x0000f208                PROVIDE (CyBle_GattcResetGlobals, 0xf208)
                0x0000f274                PROVIDE (CyBle_GattcSendSignedWriteCmd, 0xf274)
                0x0000f2b4                PROVIDE (CyBle_HandleGattErrorRsp, 0xf2b4)
                0x0000f2e8                PROVIDE (CyBle_HandleGattExecWriteRsp, 0xf2e8)
                0x0000f308                PROVIDE (CyBle_HandleGattFindByTypeValRsp, 0xf308)
                0x0000f3d0                PROVIDE (CyBle_HandleGattFindInfoRsp, 0xf3d0)
                0x0000f470                PROVIDE (CyBle_HandleGattPrepWriteRsp, 0xf470)
                0x0000f514                PROVIDE (CyBle_HandleGattReadBlobRsp, 0xf514)
                0x0000f574                PROVIDE (CyBle_HandleGattReadByGrpTypeRsp, 0xf574)
                0x0000f604                PROVIDE (CyBle_HandleGattReadByTypeRsp, 0xf604)
                0x0000f708                PROVIDE (CyBle_SendGattReadByTypeRspToApp, 0xf708)
                0x0000f724                PROVIDE (CyBle_GattEventMemFromApp, 0xf724)
                0x0000f744                PROVIDE (CyBle_GattFreeWriteQueue, 0xf744)
                0x0000f768                PROVIDE (CyBle_GattGetRemainingLocalMtuSize, 0xf768)
                0x0000f798                PROVIDE (CyBle_GattPrepareWriteEnqueue, 0xf798)
                0x0000f7fc                PROVIDE (CyBle_GattServerInit, 0xf7fc)
                0x0000f824                PROVIDE (CyBle_GattServerShutdown, 0xf824)
                0x0000f838                PROVIDE (CyBle_GattsErrorRsp, 0xf838)
                0x0000f84c                PROVIDE (CyBle_GattsExchangeMtuRsp, 0xf84c)
                0x0000f86c                PROVIDE (CyBle_GattsGetPrepWriteMemFromApp, 0xf86c)
                0x0000f8b4                PROVIDE (CyBle_GattsNotification, 0xf8b4)
                0x0000f8d8                PROVIDE (CyBle_GattsPrepWriteReqSupport, 0xf8d8)
                0x0000f8e8                PROVIDE (CyBle_GattsResetGlobals, 0xf8e8)
                0x0000f904                PROVIDE (CyBle_GattsSendSignedWriteEvent, 0xf904)
                0x0000f970                PROVIDE (CyBle_GattsWriteRsp, 0xf970)
                0x0000f980                PROVIDE (CyBle_HandleGattExecuteWriteReq, 0xf980)
                0x0000fa48                PROVIDE (CyBle_HandleGattFindByTypeValReq, 0xfa48)
                0x0000fac4                PROVIDE (CyBle_HandleGattFindInfoReq, 0xfac4)
                0x0000fb5c                PROVIDE (CyBle_HandleGattPrepWriteReq, 0xfb5c)
                0x0000fc40                PROVIDE (CyBle_HandleGattReadByGrpTypeReq, 0xfc40)
                0x0000fce8                PROVIDE (CyBle_HandleGattReadByTypeReq, 0xfce8)
                0x0000fdcc                PROVIDE (CyBle_HandleGattReadMultiReq, 0xfdcc)
                0x0000fe9c                PROVIDE (CyBle_HandleGattReadReq, 0xfe9c)
                0x0000ff50                PROVIDE (CyBle_GattDBAccessHandle, 0xff50)
                0x0001004c                PROVIDE (CyBle_GattDBGetGroupRangeValpair, 0x1004c)
                0x000101e4                PROVIDE (CyBle_GattDBGetHandleUUIDValuePair, 0x101e4)
                0x000103b0                PROVIDE (CyBle_GattsDbRegister, 0x103b0)
                0x000103e0                PROVIDE (CyBle_GattsWriteAttributeValue, 0x103e0)
                0x000115ac                PROVIDE (CyBle_SmpGetConfig, 0x115ac)
                0x000115b8                PROVIDE (CyBle_SmpSetConfig, 0x115b8)
                0x000118b0                PROVIDE (CyBle_SmpGetFeatureHeapReq, 0x118b0)
                0x000118cc                PROVIDE (CyBle_SmpHeapInit, 0x118cc)
                0x0001193c                PROVIDE (CyBle_SmpIsDeviceSecureConnectionOnly, 0x1193c)
                0x00011d8e                PROVIDE (CyBle_SmpScTbGetFeatureHeapReq, 0x11d8e)
                0x00011d94                PROVIDE (CyBle_SmpScTbHeapInit, 0x11d94)
                0x000125f0                PROVIDE (CyBle_EccGetFeatureHeapReq, 0x125f0)
                0x000125f8                PROVIDE (CyBle_EccHeapInit, 0x125f8)
                0x000138e4                PROVIDE (CyBle_GattDbCheckPermission, 0x138e4)
                0x000139e8                PROVIDE (CyBle_GattDbCompareCharValue, 0x139e8)
                0x00013a2c                PROVIDE (CyBle_GattDbFetchAttrType, 0x13a2c)
                0x00013b40                PROVIDE (CyBle_GattDbFetchAttrValue, 0x13b40)
                0x00013bdc                PROVIDE (CyBle_GattDbFindCharHandle, 0x13bdc)
                0x00013c6c                PROVIDE (CyBle_GattDbFindLastGrpEntryInService, 0x13c6c)
                0x00013cc8                PROVIDE (CyBle_GattDbFindNearestServiceHandle, 0x13cc8)
                0x00013d18                PROVIDE (CyBle_GattDbIsCharHandleValid, 0x13d18)
                0x00013d48                PROVIDE (CyBle_GattDbPackAttrUuidValue, 0x13d48)
                0x00013e00                PROVIDE (CyBle_GattDbPackAttrValue, 0x13e00)
                0x00013ebc                PROVIDE (CyBle_GattDbPackSerAttrUuidValue, 0x13ebc)
                0x00013fbc                PROVIDE (CyBle_IsAttrEnabled, 0x13fbc)
                0x000144c0                PROVIDE (CyBle_Hal_pairing_dhkey_check_handler_wrapper, 0x144c0)
                0x000144dc                PROVIDE (CyBle_Hal_pairing_dhkey_handler_wrapper, 0x144dc)
                0x000144f8                PROVIDE (CyBle_Hal_pairing_keypress_notification_handler_wrapper, 0x144f8)
                0x00014514                PROVIDE (CyBle_Hal_pairing_local_public_key_handler_wrapper, 0x14514)
                0x00014530                PROVIDE (CyBle_Hal_pairing_remote_key_handler_wrapper, 0x14530)
                0x000151e4                PROVIDE (CyBle_BleSSInterruptHandler, 0x151e4)
                0x00015704                PROVIDE (cyBle_gattDB, 0x15704)
                0x00015a10                PROVIDE (cyBle_attUuid128, 0x15a10)
                0x00015ab0                PROVIDE (cyBle_gatts, 0x15ab0)
                0x00015bfc                PROVIDE (cyBle_btss, 0x15bfc)
                0x00015cf4                PROVIDE (Bootloader__cy_regions, 0x15cf4)
                0x00015d04                PROVIDE (Bootloader__cy_regions_end, 0x15d04)
                0x00c00000                PROVIDE (Wakeup_Interrupt__INTC_PRIOR_MASK, 0xc00000)
                0x00c00000                PROVIDE (Wakeup_Interrupt__INTC_PRIOR_MASK, 0xc00000)
                0x0f000000                PROVIDE (Advertising_LED_1__0__HSIOM_MASK, 0xf000000)
                0x0f000000                PROVIDE (Advertising_LED_1__0__HSIOM_MASK, 0xf000000)
                0x0f000000                PROVIDE (Advertising_LED_2__0__HSIOM_MASK, 0xf000000)
                0x0f000000                PROVIDE (Advertising_LED_2__0__HSIOM_MASK, 0xf000000)
                0x200000d0                PROVIDE (cyBle_stackMemoryRam, 0x200000d0)
                0x20000ce4                PROVIDE (cyBle_discoveryData, 0x20000ce4)
                0x20000d04                PROVIDE (cyBle_discoveryModeInfo, 0x20000d04)
                0x20000d18                PROVIDE (cyBle_sflashDeviceAddress, 0x20000d18)
                0x20000d1c                PROVIDE (cyBle_deviceAddress, 0x20000d1c)
                0x20000d24                PROVIDE (cyBle_discoveryParam, 0x20000d24)
                0x20000d34                PROVIDE (cyBle_attValuesLen, 0x20000d34)
                0x20000e3c                PROVIDE (cyBle_attValues, 0x20000e3c)
                0x20000f54                PROVIDE (cyBle_authInfo, 0x20000f54)
                0x20000f6c                PROVIDE (CyBle_StackState, 0x20000f6c)
                0x20001138                PROVIDE (CyBle_GattDbTotalEntries, 0x20001138)
                0x2000113a                PROVIDE (CyBle_GattDbMaxValLength, 0x2000113a)
                0x2000113c                PROVIDE (CyBle_GattDbInternal, 0x2000113c)
                0x200012e0                PROVIDE (cyBle_scanRspData, 0x200012e0)
                0x20001300                PROVIDE (cyBle_initVar, 0x20001300)
                0x2000130c                PROVIDE (cyBle_cmdLength, 0x2000130c)
                0x2000130e                PROVIDE (cyBle_cmdReceivedFlag, 0x2000130e)
                0x2000254c                PROVIDE (CyBle_ApplCallback, 0x2000254c)
                0x20002550                PROVIDE (cyBle_attValuesCCCD, 0x20002550)
                0x20002558                PROVIDE (cyBle_state, 0x20002558)
                0x2000255c                PROVIDE (cyBle_busyStatus, 0x2000255c)
                0x20002560                PROVIDE (cyBle_connHandle, 0x20002560)
                0x20002562                PROVIDE (cyBle_advertisingIntervalType, 0x20002562)
                0x20002563                PROVIDE (cyBle_eventHandlerFlag, 0x20002563)
                0x20002564                PROVIDE (cyBle_btsBuffPtr, 0x20002564)
                0x00002570                BOOTLOADER_RAM_SIZE = 0x2570
                0x40020200                PROVIDE (Advertising_LED_1__0__HSIOM, 0x40020200)
                0x40020200                PROVIDE (Advertising_LED_1__0__HSIOM, 0x40020200)
                0x40020200                PROVIDE (Bootloader_Service_Activation__0__HSIOM, 0x40020200)
                0x40020200                PROVIDE (Bootloader_Service_Activation__0__HSIOM, 0x40020200)
                0x40020300                PROVIDE (Advertising_LED_2__0__HSIOM, 0x40020300)
                0x40020300                PROVIDE (Advertising_LED_2__0__HSIOM, 0x40020300)
                0x40020300                PROVIDE (Bootloading_LED__0__HSIOM, 0x40020300)
                0x40020300                PROVIDE (Bootloading_LED__0__HSIOM, 0x40020300)
                0x40040200                PROVIDE (Advertising_LED_1__0__DR, 0x40040200)
                0x40040200                PROVIDE (Advertising_LED_1__0__DR, 0x40040200)
                0x40040200                PROVIDE (Advertising_LED_1__DR, 0x40040200)
                0x40040200                PROVIDE (Advertising_LED_1__DR, 0x40040200)
                0x40040200                PROVIDE (Bootloader_Service_Activation__0__DR, 0x40040200)
                0x40040200                PROVIDE (Bootloader_Service_Activation__0__DR, 0x40040200)
                0x40040200                PROVIDE (Bootloader_Service_Activation__DR, 0x40040200)
                0x40040200                PROVIDE (Bootloader_Service_Activation__DR, 0x40040200)
                0x40040204                PROVIDE (Advertising_LED_1__0__PS, 0x40040204)
                0x40040204                PROVIDE (Advertising_LED_1__0__PS, 0x40040204)
                0x40040204                PROVIDE (Advertising_LED_1__PS, 0x40040204)
                0x40040204                PROVIDE (Advertising_LED_1__PS, 0x40040204)
                0x40040204                PROVIDE (Bootloader_Service_Activation__0__PS, 0x40040204)
                0x40040204                PROVIDE (Bootloader_Service_Activation__0__PS, 0x40040204)
                0x40040204                PROVIDE (Bootloader_Service_Activation__PS, 0x40040204)
                0x40040204                PROVIDE (Bootloader_Service_Activation__PS, 0x40040204)
                0x40040208                PROVIDE (Advertising_LED_1__0__PC, 0x40040208)
                0x40040208                PROVIDE (Advertising_LED_1__0__PC, 0x40040208)
                0x40040208                PROVIDE (Advertising_LED_1__PC, 0x40040208)
                0x40040208                PROVIDE (Advertising_LED_1__PC, 0x40040208)
                0x40040208                PROVIDE (Bootloader_Service_Activation__0__PC, 0x40040208)
                0x40040208                PROVIDE (Bootloader_Service_Activation__0__PC, 0x40040208)
                0x40040208                PROVIDE (Bootloader_Service_Activation__PC, 0x40040208)
                0x40040208                PROVIDE (Bootloader_Service_Activation__PC, 0x40040208)
                0x4004020c                PROVIDE (Advertising_LED_1__0__INTCFG, 0x4004020c)
                0x4004020c                PROVIDE (Advertising_LED_1__0__INTCFG, 0x4004020c)
                0x4004020c                PROVIDE (Advertising_LED_1__0__INTR_CFG, 0x4004020c)
                0x4004020c                PROVIDE (Advertising_LED_1__0__INTR_CFG, 0x4004020c)
                0x4004020c                PROVIDE (Advertising_LED_1__INTCFG, 0x4004020c)
                0x4004020c                PROVIDE (Advertising_LED_1__INTCFG, 0x4004020c)
                0x4004020c                PROVIDE (Advertising_LED_1__INTR_CFG, 0x4004020c)
                0x4004020c                PROVIDE (Advertising_LED_1__INTR_CFG, 0x4004020c)
                0x4004020c                PROVIDE (Bootloader_Service_Activation__0__INTCFG, 0x4004020c)
                0x4004020c                PROVIDE (Bootloader_Service_Activation__0__INTCFG, 0x4004020c)
                0x4004020c                PROVIDE (Bootloader_Service_Activation__0__INTR_CFG, 0x4004020c)
                0x4004020c                PROVIDE (Bootloader_Service_Activation__0__INTR_CFG, 0x4004020c)
                0x4004020c                PROVIDE (Bootloader_Service_Activation__INTCFG, 0x4004020c)
                0x4004020c                PROVIDE (Bootloader_Service_Activation__INTCFG, 0x4004020c)
                0x4004020c                PROVIDE (Bootloader_Service_Activation__INTR_CFG, 0x4004020c)
                0x4004020c                PROVIDE (Bootloader_Service_Activation__INTR_CFG, 0x4004020c)
                0x40040210                PROVIDE (Advertising_LED_1__0__INTR, 0x40040210)
                0x40040210                PROVIDE (Advertising_LED_1__0__INTR, 0x40040210)
                0x40040210                PROVIDE (Advertising_LED_1__0__INTSTAT, 0x40040210)
                0x40040210                PROVIDE (Advertising_LED_1__0__INTSTAT, 0x40040210)
                0x40040210                PROVIDE (Advertising_LED_1__INTR, 0x40040210)
                0x40040210                PROVIDE (Advertising_LED_1__INTR, 0x40040210)
                0x40040210                PROVIDE (Advertising_LED_1__INTSTAT, 0x40040210)
                0x40040210                PROVIDE (Advertising_LED_1__INTSTAT, 0x40040210)
                0x40040210                PROVIDE (Bootloader_Service_Activation__0__INTR, 0x40040210)
                0x40040210                PROVIDE (Bootloader_Service_Activation__0__INTR, 0x40040210)
                0x40040210                PROVIDE (Bootloader_Service_Activation__0__INTSTAT, 0x40040210)
                0x40040210                PROVIDE (Bootloader_Service_Activation__0__INTSTAT, 0x40040210)
                0x40040210                PROVIDE (Bootloader_Service_Activation__INTR, 0x40040210)
                0x40040210                PROVIDE (Bootloader_Service_Activation__INTR, 0x40040210)
                0x40040210                PROVIDE (Bootloader_Service_Activation__INTSTAT, 0x40040210)
                0x40040210                PROVIDE (Bootloader_Service_Activation__INTSTAT, 0x40040210)
                0x40040210                PROVIDE (Bootloader_Service_Activation__SNAP, 0x40040210)
                0x40040210                PROVIDE (Bootloader_Service_Activation__SNAP, 0x40040210)
                0x40040218                PROVIDE (Advertising_LED_1__0__PC2, 0x40040218)
                0x40040218                PROVIDE (Advertising_LED_1__0__PC2, 0x40040218)
                0x40040218                PROVIDE (Advertising_LED_1__PC2, 0x40040218)
                0x40040218                PROVIDE (Advertising_LED_1__PC2, 0x40040218)
                0x40040218                PROVIDE (Bootloader_Service_Activation__0__PC2, 0x40040218)
                0x40040218                PROVIDE (Bootloader_Service_Activation__0__PC2, 0x40040218)
                0x40040218                PROVIDE (Bootloader_Service_Activation__PC2, 0x40040218)
                0x40040218                PROVIDE (Bootloader_Service_Activation__PC2, 0x40040218)
                0x40040240                PROVIDE (Advertising_LED_1__0__DR_SET, 0x40040240)
                0x40040240                PROVIDE (Advertising_LED_1__0__DR_SET, 0x40040240)
                0x40040240                PROVIDE (Advertising_LED_1__DR_SET, 0x40040240)
                0x40040240                PROVIDE (Advertising_LED_1__DR_SET, 0x40040240)
                0x40040240                PROVIDE (Bootloader_Service_Activation__0__DR_SET, 0x40040240)
                0x40040240                PROVIDE (Bootloader_Service_Activation__0__DR_SET, 0x40040240)
                0x40040240                PROVIDE (Bootloader_Service_Activation__DR_SET, 0x40040240)
                0x40040240                PROVIDE (Bootloader_Service_Activation__DR_SET, 0x40040240)
                0x40040244                PROVIDE (Advertising_LED_1__0__DR_CLR, 0x40040244)
                0x40040244                PROVIDE (Advertising_LED_1__0__DR_CLR, 0x40040244)
                0x40040244                PROVIDE (Advertising_LED_1__DR_CLR, 0x40040244)
                0x40040244                PROVIDE (Advertising_LED_1__DR_CLR, 0x40040244)
                0x40040244                PROVIDE (Bootloader_Service_Activation__0__DR_CLR, 0x40040244)
                0x40040244                PROVIDE (Bootloader_Service_Activation__0__DR_CLR, 0x40040244)
                0x40040244                PROVIDE (Bootloader_Service_Activation__DR_CLR, 0x40040244)
                0x40040244                PROVIDE (Bootloader_Service_Activation__DR_CLR, 0x40040244)
                0x40040248                PROVIDE (Advertising_LED_1__0__DR_INV, 0x40040248)
                0x40040248                PROVIDE (Advertising_LED_1__0__DR_INV, 0x40040248)
                0x40040248                PROVIDE (Advertising_LED_1__DR_INV, 0x40040248)
                0x40040248                PROVIDE (Advertising_LED_1__DR_INV, 0x40040248)
                0x40040248                PROVIDE (Bootloader_Service_Activation__0__DR_INV, 0x40040248)
                0x40040248                PROVIDE (Bootloader_Service_Activation__0__DR_INV, 0x40040248)
                0x40040248                PROVIDE (Bootloader_Service_Activation__DR_INV, 0x40040248)
                0x40040248                PROVIDE (Bootloader_Service_Activation__DR_INV, 0x40040248)
                0x40040300                PROVIDE (Advertising_LED_2__0__DR, 0x40040300)
                0x40040300                PROVIDE (Advertising_LED_2__0__DR, 0x40040300)
                0x40040300                PROVIDE (Advertising_LED_2__DR, 0x40040300)
                0x40040300                PROVIDE (Advertising_LED_2__DR, 0x40040300)
                0x40040300                PROVIDE (Bootloading_LED__0__DR, 0x40040300)
                0x40040300                PROVIDE (Bootloading_LED__0__DR, 0x40040300)
                0x40040300                PROVIDE (Bootloading_LED__DR, 0x40040300)
                0x40040300                PROVIDE (Bootloading_LED__DR, 0x40040300)
                0x40040304                PROVIDE (Advertising_LED_2__0__PS, 0x40040304)
                0x40040304                PROVIDE (Advertising_LED_2__0__PS, 0x40040304)
                0x40040304                PROVIDE (Advertising_LED_2__PS, 0x40040304)
                0x40040304                PROVIDE (Advertising_LED_2__PS, 0x40040304)
                0x40040304                PROVIDE (Bootloading_LED__0__PS, 0x40040304)
                0x40040304                PROVIDE (Bootloading_LED__0__PS, 0x40040304)
                0x40040304                PROVIDE (Bootloading_LED__PS, 0x40040304)
                0x40040304                PROVIDE (Bootloading_LED__PS, 0x40040304)
                0x40040308                PROVIDE (Advertising_LED_2__0__PC, 0x40040308)
                0x40040308                PROVIDE (Advertising_LED_2__0__PC, 0x40040308)
                0x40040308                PROVIDE (Advertising_LED_2__PC, 0x40040308)
                0x40040308                PROVIDE (Advertising_LED_2__PC, 0x40040308)
                0x40040308                PROVIDE (Bootloading_LED__0__PC, 0x40040308)
                0x40040308                PROVIDE (Bootloading_LED__0__PC, 0x40040308)
                0x40040308                PROVIDE (Bootloading_LED__PC, 0x40040308)
                0x40040308                PROVIDE (Bootloading_LED__PC, 0x40040308)
                0x4004030c                PROVIDE (Advertising_LED_2__0__INTCFG, 0x4004030c)
                0x4004030c                PROVIDE (Advertising_LED_2__0__INTCFG, 0x4004030c)
                0x4004030c                PROVIDE (Advertising_LED_2__0__INTR_CFG, 0x4004030c)
                0x4004030c                PROVIDE (Advertising_LED_2__0__INTR_CFG, 0x4004030c)
                0x4004030c                PROVIDE (Advertising_LED_2__INTCFG, 0x4004030c)
                0x4004030c                PROVIDE (Advertising_LED_2__INTCFG, 0x4004030c)
                0x4004030c                PROVIDE (Advertising_LED_2__INTR_CFG, 0x4004030c)
                0x4004030c                PROVIDE (Advertising_LED_2__INTR_CFG, 0x4004030c)
                0x4004030c                PROVIDE (Bootloading_LED__0__INTCFG, 0x4004030c)
                0x4004030c                PROVIDE (Bootloading_LED__0__INTCFG, 0x4004030c)
                0x4004030c                PROVIDE (Bootloading_LED__0__INTR_CFG, 0x4004030c)
                0x4004030c                PROVIDE (Bootloading_LED__0__INTR_CFG, 0x4004030c)
                0x4004030c                PROVIDE (Bootloading_LED__INTCFG, 0x4004030c)
                0x4004030c                PROVIDE (Bootloading_LED__INTCFG, 0x4004030c)
                0x4004030c                PROVIDE (Bootloading_LED__INTR_CFG, 0x4004030c)
                0x4004030c                PROVIDE (Bootloading_LED__INTR_CFG, 0x4004030c)
                0x40040310                PROVIDE (Advertising_LED_2__0__INTR, 0x40040310)
                0x40040310                PROVIDE (Advertising_LED_2__0__INTR, 0x40040310)
                0x40040310                PROVIDE (Advertising_LED_2__0__INTSTAT, 0x40040310)
                0x40040310                PROVIDE (Advertising_LED_2__0__INTSTAT, 0x40040310)
                0x40040310                PROVIDE (Advertising_LED_2__INTR, 0x40040310)
                0x40040310                PROVIDE (Advertising_LED_2__INTR, 0x40040310)
                0x40040310                PROVIDE (Advertising_LED_2__INTSTAT, 0x40040310)
                0x40040310                PROVIDE (Advertising_LED_2__INTSTAT, 0x40040310)
                0x40040310                PROVIDE (Bootloading_LED__0__INTR, 0x40040310)
                0x40040310                PROVIDE (Bootloading_LED__0__INTR, 0x40040310)
                0x40040310                PROVIDE (Bootloading_LED__0__INTSTAT, 0x40040310)
                0x40040310                PROVIDE (Bootloading_LED__0__INTSTAT, 0x40040310)
                0x40040310                PROVIDE (Bootloading_LED__INTR, 0x40040310)
                0x40040310                PROVIDE (Bootloading_LED__INTR, 0x40040310)
                0x40040310                PROVIDE (Bootloading_LED__INTSTAT, 0x40040310)
                0x40040310                PROVIDE (Bootloading_LED__INTSTAT, 0x40040310)
                0x40040318                PROVIDE (Advertising_LED_2__0__PC2, 0x40040318)
                0x40040318                PROVIDE (Advertising_LED_2__0__PC2, 0x40040318)
                0x40040318                PROVIDE (Advertising_LED_2__PC2, 0x40040318)
                0x40040318                PROVIDE (Advertising_LED_2__PC2, 0x40040318)
                0x40040318                PROVIDE (Bootloading_LED__0__PC2, 0x40040318)
                0x40040318                PROVIDE (Bootloading_LED__0__PC2, 0x40040318)
                0x40040318                PROVIDE (Bootloading_LED__PC2, 0x40040318)
                0x40040318                PROVIDE (Bootloading_LED__PC2, 0x40040318)
                0x40040340                PROVIDE (Advertising_LED_2__0__DR_SET, 0x40040340)
                0x40040340                PROVIDE (Advertising_LED_2__0__DR_SET, 0x40040340)
                0x40040340                PROVIDE (Advertising_LED_2__DR_SET, 0x40040340)
                0x40040340                PROVIDE (Advertising_LED_2__DR_SET, 0x40040340)
                0x40040340                PROVIDE (Bootloading_LED__0__DR_SET, 0x40040340)
                0x40040340                PROVIDE (Bootloading_LED__0__DR_SET, 0x40040340)
                0x40040340                PROVIDE (Bootloading_LED__DR_SET, 0x40040340)
                0x40040340                PROVIDE (Bootloading_LED__DR_SET, 0x40040340)
                0x40040344                PROVIDE (Advertising_LED_2__0__DR_CLR, 0x40040344)
                0x40040344                PROVIDE (Advertising_LED_2__0__DR_CLR, 0x40040344)
                0x40040344                PROVIDE (Advertising_LED_2__DR_CLR, 0x40040344)
                0x40040344                PROVIDE (Advertising_LED_2__DR_CLR, 0x40040344)
                0x40040344                PROVIDE (Bootloading_LED__0__DR_CLR, 0x40040344)
                0x40040344                PROVIDE (Bootloading_LED__0__DR_CLR, 0x40040344)
                0x40040344                PROVIDE (Bootloading_LED__DR_CLR, 0x40040344)
                0x40040344                PROVIDE (Bootloading_LED__DR_CLR, 0x40040344)
                0x40040348                PROVIDE (Advertising_LED_2__0__DR_INV, 0x40040348)
                0x40040348                PROVIDE (Advertising_LED_2__0__DR_INV, 0x40040348)
                0x40040348                PROVIDE (Advertising_LED_2__DR_INV, 0x40040348)
                0x40040348                PROVIDE (Advertising_LED_2__DR_INV, 0x40040348)
                0x40040348                PROVIDE (Bootloading_LED__0__DR_INV, 0x40040348)
                0x40040348                PROVIDE (Bootloading_LED__0__DR_INV, 0x40040348)
                0x40040348                PROVIDE (Bootloading_LED__DR_INV, 0x40040348)
                0x40040348                PROVIDE (Bootloading_LED__DR_INV, 0x40040348)
                0x400f5020                PROVIDE (Advertising_LED_1__0__PA__CFG0, 0x400f5020)
                0x400f5020                PROVIDE (Advertising_LED_1__0__PA__CFG0, 0x400f5020)
                0x400f5020                PROVIDE (Advertising_LED_1__PA__CFG0, 0x400f5020)
                0x400f5020                PROVIDE (Advertising_LED_1__PA__CFG0, 0x400f5020)
                0x400f5020                PROVIDE (Bootloader_Service_Activation__0__PA__CFG0, 0x400f5020)
                0x400f5020                PROVIDE (Bootloader_Service_Activation__0__PA__CFG0, 0x400f5020)
                0x400f5020                PROVIDE (Bootloader_Service_Activation__PA__CFG0, 0x400f5020)
                0x400f5020                PROVIDE (Bootloader_Service_Activation__PA__CFG0, 0x400f5020)
                0x400f5021                PROVIDE (Advertising_LED_1__0__PA__CFG1, 0x400f5021)
                0x400f5021                PROVIDE (Advertising_LED_1__0__PA__CFG1, 0x400f5021)
                0x400f5021                PROVIDE (Advertising_LED_1__PA__CFG1, 0x400f5021)
                0x400f5021                PROVIDE (Advertising_LED_1__PA__CFG1, 0x400f5021)
                0x400f5021                PROVIDE (Bootloader_Service_Activation__0__PA__CFG1, 0x400f5021)
                0x400f5021                PROVIDE (Bootloader_Service_Activation__0__PA__CFG1, 0x400f5021)
                0x400f5021                PROVIDE (Bootloader_Service_Activation__PA__CFG1, 0x400f5021)
                0x400f5021                PROVIDE (Bootloader_Service_Activation__PA__CFG1, 0x400f5021)
                0x400f5022                PROVIDE (Advertising_LED_1__0__PA__CFG2, 0x400f5022)
                0x400f5022                PROVIDE (Advertising_LED_1__0__PA__CFG2, 0x400f5022)
                0x400f5022                PROVIDE (Advertising_LED_1__PA__CFG2, 0x400f5022)
                0x400f5022                PROVIDE (Advertising_LED_1__PA__CFG2, 0x400f5022)
                0x400f5022                PROVIDE (Bootloader_Service_Activation__0__PA__CFG2, 0x400f5022)
                0x400f5022                PROVIDE (Bootloader_Service_Activation__0__PA__CFG2, 0x400f5022)
                0x400f5022                PROVIDE (Bootloader_Service_Activation__PA__CFG2, 0x400f5022)
                0x400f5022                PROVIDE (Bootloader_Service_Activation__PA__CFG2, 0x400f5022)
                0x400f5023                PROVIDE (Advertising_LED_1__0__PA__CFG3, 0x400f5023)
                0x400f5023                PROVIDE (Advertising_LED_1__0__PA__CFG3, 0x400f5023)
                0x400f5023                PROVIDE (Advertising_LED_1__PA__CFG3, 0x400f5023)
                0x400f5023                PROVIDE (Advertising_LED_1__PA__CFG3, 0x400f5023)
                0x400f5023                PROVIDE (Bootloader_Service_Activation__0__PA__CFG3, 0x400f5023)
                0x400f5023                PROVIDE (Bootloader_Service_Activation__0__PA__CFG3, 0x400f5023)
                0x400f5023                PROVIDE (Bootloader_Service_Activation__PA__CFG3, 0x400f5023)
                0x400f5023                PROVIDE (Bootloader_Service_Activation__PA__CFG3, 0x400f5023)
                0x400f5024                PROVIDE (Advertising_LED_1__0__PA__CFG4, 0x400f5024)
                0x400f5024                PROVIDE (Advertising_LED_1__0__PA__CFG4, 0x400f5024)
                0x400f5024                PROVIDE (Advertising_LED_1__PA__CFG4, 0x400f5024)
                0x400f5024                PROVIDE (Advertising_LED_1__PA__CFG4, 0x400f5024)
                0x400f5024                PROVIDE (Bootloader_Service_Activation__0__PA__CFG4, 0x400f5024)
                0x400f5024                PROVIDE (Bootloader_Service_Activation__0__PA__CFG4, 0x400f5024)
                0x400f5024                PROVIDE (Bootloader_Service_Activation__PA__CFG4, 0x400f5024)
                0x400f5024                PROVIDE (Bootloader_Service_Activation__PA__CFG4, 0x400f5024)
                0x400f5025                PROVIDE (Advertising_LED_1__0__PA__CFG5, 0x400f5025)
                0x400f5025                PROVIDE (Advertising_LED_1__0__PA__CFG5, 0x400f5025)
                0x400f5025                PROVIDE (Advertising_LED_1__PA__CFG5, 0x400f5025)
                0x400f5025                PROVIDE (Advertising_LED_1__PA__CFG5, 0x400f5025)
                0x400f5025                PROVIDE (Bootloader_Service_Activation__0__PA__CFG5, 0x400f5025)
                0x400f5025                PROVIDE (Bootloader_Service_Activation__0__PA__CFG5, 0x400f5025)
                0x400f5025                PROVIDE (Bootloader_Service_Activation__PA__CFG5, 0x400f5025)
                0x400f5025                PROVIDE (Bootloader_Service_Activation__PA__CFG5, 0x400f5025)
                0x400f5026                PROVIDE (Advertising_LED_1__0__PA__CFG6, 0x400f5026)
                0x400f5026                PROVIDE (Advertising_LED_1__0__PA__CFG6, 0x400f5026)
                0x400f5026                PROVIDE (Advertising_LED_1__PA__CFG6, 0x400f5026)
                0x400f5026                PROVIDE (Advertising_LED_1__PA__CFG6, 0x400f5026)
                0x400f5026                PROVIDE (Bootloader_Service_Activation__0__PA__CFG6, 0x400f5026)
                0x400f5026                PROVIDE (Bootloader_Service_Activation__0__PA__CFG6, 0x400f5026)
                0x400f5026                PROVIDE (Bootloader_Service_Activation__PA__CFG6, 0x400f5026)
                0x400f5026                PROVIDE (Bootloader_Service_Activation__PA__CFG6, 0x400f5026)
                0x400f5027                PROVIDE (Advertising_LED_1__0__PA__CFG7, 0x400f5027)
                0x400f5027                PROVIDE (Advertising_LED_1__0__PA__CFG7, 0x400f5027)
                0x400f5027                PROVIDE (Advertising_LED_1__PA__CFG7, 0x400f5027)
                0x400f5027                PROVIDE (Advertising_LED_1__PA__CFG7, 0x400f5027)
                0x400f5027                PROVIDE (Bootloader_Service_Activation__0__PA__CFG7, 0x400f5027)
                0x400f5027                PROVIDE (Bootloader_Service_Activation__0__PA__CFG7, 0x400f5027)
                0x400f5027                PROVIDE (Bootloader_Service_Activation__PA__CFG7, 0x400f5027)
                0x400f5027                PROVIDE (Bootloader_Service_Activation__PA__CFG7, 0x400f5027)
                0x400f5028                PROVIDE (Advertising_LED_1__0__PA__CFG8, 0x400f5028)
                0x400f5028                PROVIDE (Advertising_LED_1__0__PA__CFG8, 0x400f5028)
                0x400f5028                PROVIDE (Advertising_LED_1__PA__CFG8, 0x400f5028)
                0x400f5028                PROVIDE (Advertising_LED_1__PA__CFG8, 0x400f5028)
                0x400f5028                PROVIDE (Bootloader_Service_Activation__0__PA__CFG8, 0x400f5028)
                0x400f5028                PROVIDE (Bootloader_Service_Activation__0__PA__CFG8, 0x400f5028)
                0x400f5028                PROVIDE (Bootloader_Service_Activation__PA__CFG8, 0x400f5028)
                0x400f5028                PROVIDE (Bootloader_Service_Activation__PA__CFG8, 0x400f5028)
                0x400f5029                PROVIDE (Advertising_LED_1__0__PA__CFG9, 0x400f5029)
                0x400f5029                PROVIDE (Advertising_LED_1__0__PA__CFG9, 0x400f5029)
                0x400f5029                PROVIDE (Advertising_LED_1__PA__CFG9, 0x400f5029)
                0x400f5029                PROVIDE (Advertising_LED_1__PA__CFG9, 0x400f5029)
                0x400f5029                PROVIDE (Bootloader_Service_Activation__0__PA__CFG9, 0x400f5029)
                0x400f5029                PROVIDE (Bootloader_Service_Activation__0__PA__CFG9, 0x400f5029)
                0x400f5029                PROVIDE (Bootloader_Service_Activation__PA__CFG9, 0x400f5029)
                0x400f5029                PROVIDE (Bootloader_Service_Activation__PA__CFG9, 0x400f5029)
                0x400f502a                PROVIDE (Advertising_LED_1__0__PA__CFG10, 0x400f502a)
                0x400f502a                PROVIDE (Advertising_LED_1__0__PA__CFG10, 0x400f502a)
                0x400f502a                PROVIDE (Advertising_LED_1__PA__CFG10, 0x400f502a)
                0x400f502a                PROVIDE (Advertising_LED_1__PA__CFG10, 0x400f502a)
                0x400f502a                PROVIDE (Bootloader_Service_Activation__0__PA__CFG10, 0x400f502a)
                0x400f502a                PROVIDE (Bootloader_Service_Activation__0__PA__CFG10, 0x400f502a)
                0x400f502a                PROVIDE (Bootloader_Service_Activation__PA__CFG10, 0x400f502a)
                0x400f502a                PROVIDE (Bootloader_Service_Activation__PA__CFG10, 0x400f502a)
                0x400f502b                PROVIDE (Advertising_LED_1__0__PA__CFG11, 0x400f502b)
                0x400f502b                PROVIDE (Advertising_LED_1__0__PA__CFG11, 0x400f502b)
                0x400f502b                PROVIDE (Advertising_LED_1__PA__CFG11, 0x400f502b)
                0x400f502b                PROVIDE (Advertising_LED_1__PA__CFG11, 0x400f502b)
                0x400f502b                PROVIDE (Bootloader_Service_Activation__0__PA__CFG11, 0x400f502b)
                0x400f502b                PROVIDE (Bootloader_Service_Activation__0__PA__CFG11, 0x400f502b)
                0x400f502b                PROVIDE (Bootloader_Service_Activation__PA__CFG11, 0x400f502b)
                0x400f502b                PROVIDE (Bootloader_Service_Activation__PA__CFG11, 0x400f502b)
                0x400f502c                PROVIDE (Advertising_LED_1__0__PA__CFG12, 0x400f502c)
                0x400f502c                PROVIDE (Advertising_LED_1__0__PA__CFG12, 0x400f502c)
                0x400f502c                PROVIDE (Advertising_LED_1__PA__CFG12, 0x400f502c)
                0x400f502c                PROVIDE (Advertising_LED_1__PA__CFG12, 0x400f502c)
                0x400f502c                PROVIDE (Bootloader_Service_Activation__0__PA__CFG12, 0x400f502c)
                0x400f502c                PROVIDE (Bootloader_Service_Activation__0__PA__CFG12, 0x400f502c)
                0x400f502c                PROVIDE (Bootloader_Service_Activation__PA__CFG12, 0x400f502c)
                0x400f502c                PROVIDE (Bootloader_Service_Activation__PA__CFG12, 0x400f502c)
                0x400f502d                PROVIDE (Advertising_LED_1__0__PA__CFG13, 0x400f502d)
                0x400f502d                PROVIDE (Advertising_LED_1__0__PA__CFG13, 0x400f502d)
                0x400f502d                PROVIDE (Advertising_LED_1__PA__CFG13, 0x400f502d)
                0x400f502d                PROVIDE (Advertising_LED_1__PA__CFG13, 0x400f502d)
                0x400f502d                PROVIDE (Bootloader_Service_Activation__0__PA__CFG13, 0x400f502d)
                0x400f502d                PROVIDE (Bootloader_Service_Activation__0__PA__CFG13, 0x400f502d)
                0x400f502d                PROVIDE (Bootloader_Service_Activation__PA__CFG13, 0x400f502d)
                0x400f502d                PROVIDE (Bootloader_Service_Activation__PA__CFG13, 0x400f502d)
                0x400f502e                PROVIDE (Advertising_LED_1__0__PA__CFG14, 0x400f502e)
                0x400f502e                PROVIDE (Advertising_LED_1__0__PA__CFG14, 0x400f502e)
                0x400f502e                PROVIDE (Advertising_LED_1__PA__CFG14, 0x400f502e)
                0x400f502e                PROVIDE (Advertising_LED_1__PA__CFG14, 0x400f502e)
                0x400f502e                PROVIDE (Bootloader_Service_Activation__0__PA__CFG14, 0x400f502e)
                0x400f502e                PROVIDE (Bootloader_Service_Activation__0__PA__CFG14, 0x400f502e)
                0x400f502e                PROVIDE (Bootloader_Service_Activation__PA__CFG14, 0x400f502e)
                0x400f502e                PROVIDE (Bootloader_Service_Activation__PA__CFG14, 0x400f502e)
                0x400f5030                PROVIDE (Advertising_LED_2__0__PA__CFG0, 0x400f5030)
                0x400f5030                PROVIDE (Advertising_LED_2__0__PA__CFG0, 0x400f5030)
                0x400f5030                PROVIDE (Advertising_LED_2__PA__CFG0, 0x400f5030)
                0x400f5030                PROVIDE (Advertising_LED_2__PA__CFG0, 0x400f5030)
                0x400f5030                PROVIDE (Bootloading_LED__0__PA__CFG0, 0x400f5030)
                0x400f5030                PROVIDE (Bootloading_LED__0__PA__CFG0, 0x400f5030)
                0x400f5030                PROVIDE (Bootloading_LED__PA__CFG0, 0x400f5030)
                0x400f5030                PROVIDE (Bootloading_LED__PA__CFG0, 0x400f5030)
                0x400f5031                PROVIDE (Advertising_LED_2__0__PA__CFG1, 0x400f5031)
                0x400f5031                PROVIDE (Advertising_LED_2__0__PA__CFG1, 0x400f5031)
                0x400f5031                PROVIDE (Advertising_LED_2__PA__CFG1, 0x400f5031)
                0x400f5031                PROVIDE (Advertising_LED_2__PA__CFG1, 0x400f5031)
                0x400f5031                PROVIDE (Bootloading_LED__0__PA__CFG1, 0x400f5031)
                0x400f5031                PROVIDE (Bootloading_LED__0__PA__CFG1, 0x400f5031)
                0x400f5031                PROVIDE (Bootloading_LED__PA__CFG1, 0x400f5031)
                0x400f5031                PROVIDE (Bootloading_LED__PA__CFG1, 0x400f5031)
                0x400f5032                PROVIDE (Advertising_LED_2__0__PA__CFG2, 0x400f5032)
                0x400f5032                PROVIDE (Advertising_LED_2__0__PA__CFG2, 0x400f5032)
                0x400f5032                PROVIDE (Advertising_LED_2__PA__CFG2, 0x400f5032)
                0x400f5032                PROVIDE (Advertising_LED_2__PA__CFG2, 0x400f5032)
                0x400f5032                PROVIDE (Bootloading_LED__0__PA__CFG2, 0x400f5032)
                0x400f5032                PROVIDE (Bootloading_LED__0__PA__CFG2, 0x400f5032)
                0x400f5032                PROVIDE (Bootloading_LED__PA__CFG2, 0x400f5032)
                0x400f5032                PROVIDE (Bootloading_LED__PA__CFG2, 0x400f5032)
                0x400f5033                PROVIDE (Advertising_LED_2__0__PA__CFG3, 0x400f5033)
                0x400f5033                PROVIDE (Advertising_LED_2__0__PA__CFG3, 0x400f5033)
                0x400f5033                PROVIDE (Advertising_LED_2__PA__CFG3, 0x400f5033)
                0x400f5033                PROVIDE (Advertising_LED_2__PA__CFG3, 0x400f5033)
                0x400f5033                PROVIDE (Bootloading_LED__0__PA__CFG3, 0x400f5033)
                0x400f5033                PROVIDE (Bootloading_LED__0__PA__CFG3, 0x400f5033)
                0x400f5033                PROVIDE (Bootloading_LED__PA__CFG3, 0x400f5033)
                0x400f5033                PROVIDE (Bootloading_LED__PA__CFG3, 0x400f5033)
                0x400f5034                PROVIDE (Advertising_LED_2__0__PA__CFG4, 0x400f5034)
                0x400f5034                PROVIDE (Advertising_LED_2__0__PA__CFG4, 0x400f5034)
                0x400f5034                PROVIDE (Advertising_LED_2__PA__CFG4, 0x400f5034)
                0x400f5034                PROVIDE (Advertising_LED_2__PA__CFG4, 0x400f5034)
                0x400f5034                PROVIDE (Bootloading_LED__0__PA__CFG4, 0x400f5034)
                0x400f5034                PROVIDE (Bootloading_LED__0__PA__CFG4, 0x400f5034)
                0x400f5034                PROVIDE (Bootloading_LED__PA__CFG4, 0x400f5034)
                0x400f5034                PROVIDE (Bootloading_LED__PA__CFG4, 0x400f5034)
                0x400f5035                PROVIDE (Advertising_LED_2__0__PA__CFG5, 0x400f5035)
                0x400f5035                PROVIDE (Advertising_LED_2__0__PA__CFG5, 0x400f5035)
                0x400f5035                PROVIDE (Advertising_LED_2__PA__CFG5, 0x400f5035)
                0x400f5035                PROVIDE (Advertising_LED_2__PA__CFG5, 0x400f5035)
                0x400f5035                PROVIDE (Bootloading_LED__0__PA__CFG5, 0x400f5035)
                0x400f5035                PROVIDE (Bootloading_LED__0__PA__CFG5, 0x400f5035)
                0x400f5035                PROVIDE (Bootloading_LED__PA__CFG5, 0x400f5035)
                0x400f5035                PROVIDE (Bootloading_LED__PA__CFG5, 0x400f5035)
                0x400f5036                PROVIDE (Advertising_LED_2__0__PA__CFG6, 0x400f5036)
                0x400f5036                PROVIDE (Advertising_LED_2__0__PA__CFG6, 0x400f5036)
                0x400f5036                PROVIDE (Advertising_LED_2__PA__CFG6, 0x400f5036)
                0x400f5036                PROVIDE (Advertising_LED_2__PA__CFG6, 0x400f5036)
                0x400f5036                PROVIDE (Bootloading_LED__0__PA__CFG6, 0x400f5036)
                0x400f5036                PROVIDE (Bootloading_LED__0__PA__CFG6, 0x400f5036)
                0x400f5036                PROVIDE (Bootloading_LED__PA__CFG6, 0x400f5036)
                0x400f5036                PROVIDE (Bootloading_LED__PA__CFG6, 0x400f5036)
                0x400f5037                PROVIDE (Advertising_LED_2__0__PA__CFG7, 0x400f5037)
                0x400f5037                PROVIDE (Advertising_LED_2__0__PA__CFG7, 0x400f5037)
                0x400f5037                PROVIDE (Advertising_LED_2__PA__CFG7, 0x400f5037)
                0x400f5037                PROVIDE (Advertising_LED_2__PA__CFG7, 0x400f5037)
                0x400f5037                PROVIDE (Bootloading_LED__0__PA__CFG7, 0x400f5037)
                0x400f5037                PROVIDE (Bootloading_LED__0__PA__CFG7, 0x400f5037)
                0x400f5037                PROVIDE (Bootloading_LED__PA__CFG7, 0x400f5037)
                0x400f5037                PROVIDE (Bootloading_LED__PA__CFG7, 0x400f5037)
                0x400f5038                PROVIDE (Advertising_LED_2__0__PA__CFG8, 0x400f5038)
                0x400f5038                PROVIDE (Advertising_LED_2__0__PA__CFG8, 0x400f5038)
                0x400f5038                PROVIDE (Advertising_LED_2__PA__CFG8, 0x400f5038)
                0x400f5038                PROVIDE (Advertising_LED_2__PA__CFG8, 0x400f5038)
                0x400f5038                PROVIDE (Bootloading_LED__0__PA__CFG8, 0x400f5038)
                0x400f5038                PROVIDE (Bootloading_LED__0__PA__CFG8, 0x400f5038)
                0x400f5038                PROVIDE (Bootloading_LED__PA__CFG8, 0x400f5038)
                0x400f5038                PROVIDE (Bootloading_LED__PA__CFG8, 0x400f5038)
                0x400f5039                PROVIDE (Advertising_LED_2__0__PA__CFG9, 0x400f5039)
                0x400f5039                PROVIDE (Advertising_LED_2__0__PA__CFG9, 0x400f5039)
                0x400f5039                PROVIDE (Advertising_LED_2__PA__CFG9, 0x400f5039)
                0x400f5039                PROVIDE (Advertising_LED_2__PA__CFG9, 0x400f5039)
                0x400f5039                PROVIDE (Bootloading_LED__0__PA__CFG9, 0x400f5039)
                0x400f5039                PROVIDE (Bootloading_LED__0__PA__CFG9, 0x400f5039)
                0x400f5039                PROVIDE (Bootloading_LED__PA__CFG9, 0x400f5039)
                0x400f5039                PROVIDE (Bootloading_LED__PA__CFG9, 0x400f5039)
                0x400f503a                PROVIDE (Advertising_LED_2__0__PA__CFG10, 0x400f503a)
                0x400f503a                PROVIDE (Advertising_LED_2__0__PA__CFG10, 0x400f503a)
                0x400f503a                PROVIDE (Advertising_LED_2__PA__CFG10, 0x400f503a)
                0x400f503a                PROVIDE (Advertising_LED_2__PA__CFG10, 0x400f503a)
                0x400f503a                PROVIDE (Bootloading_LED__0__PA__CFG10, 0x400f503a)
                0x400f503a                PROVIDE (Bootloading_LED__0__PA__CFG10, 0x400f503a)
                0x400f503a                PROVIDE (Bootloading_LED__PA__CFG10, 0x400f503a)
                0x400f503a                PROVIDE (Bootloading_LED__PA__CFG10, 0x400f503a)
                0x400f503b                PROVIDE (Advertising_LED_2__0__PA__CFG11, 0x400f503b)
                0x400f503b                PROVIDE (Advertising_LED_2__0__PA__CFG11, 0x400f503b)
                0x400f503b                PROVIDE (Advertising_LED_2__PA__CFG11, 0x400f503b)
                0x400f503b                PROVIDE (Advertising_LED_2__PA__CFG11, 0x400f503b)
                0x400f503b                PROVIDE (Bootloading_LED__0__PA__CFG11, 0x400f503b)
                0x400f503b                PROVIDE (Bootloading_LED__0__PA__CFG11, 0x400f503b)
                0x400f503b                PROVIDE (Bootloading_LED__PA__CFG11, 0x400f503b)
                0x400f503b                PROVIDE (Bootloading_LED__PA__CFG11, 0x400f503b)
                0x400f503c                PROVIDE (Advertising_LED_2__0__PA__CFG12, 0x400f503c)
                0x400f503c                PROVIDE (Advertising_LED_2__0__PA__CFG12, 0x400f503c)
                0x400f503c                PROVIDE (Advertising_LED_2__PA__CFG12, 0x400f503c)
                0x400f503c                PROVIDE (Advertising_LED_2__PA__CFG12, 0x400f503c)
                0x400f503c                PROVIDE (Bootloading_LED__0__PA__CFG12, 0x400f503c)
                0x400f503c                PROVIDE (Bootloading_LED__0__PA__CFG12, 0x400f503c)
                0x400f503c                PROVIDE (Bootloading_LED__PA__CFG12, 0x400f503c)
                0x400f503c                PROVIDE (Bootloading_LED__PA__CFG12, 0x400f503c)
                0x400f503d                PROVIDE (Advertising_LED_2__0__PA__CFG13, 0x400f503d)
                0x400f503d                PROVIDE (Advertising_LED_2__0__PA__CFG13, 0x400f503d)
                0x400f503d                PROVIDE (Advertising_LED_2__PA__CFG13, 0x400f503d)
                0x400f503d                PROVIDE (Advertising_LED_2__PA__CFG13, 0x400f503d)
                0x400f503d                PROVIDE (Bootloading_LED__0__PA__CFG13, 0x400f503d)
                0x400f503d                PROVIDE (Bootloading_LED__0__PA__CFG13, 0x400f503d)
                0x400f503d                PROVIDE (Bootloading_LED__PA__CFG13, 0x400f503d)
                0x400f503d                PROVIDE (Bootloading_LED__PA__CFG13, 0x400f503d)
                0x400f503e                PROVIDE (Advertising_LED_2__0__PA__CFG14, 0x400f503e)
                0x400f503e                PROVIDE (Advertising_LED_2__0__PA__CFG14, 0x400f503e)
                0x400f503e                PROVIDE (Advertising_LED_2__PA__CFG14, 0x400f503e)
                0x400f503e                PROVIDE (Advertising_LED_2__PA__CFG14, 0x400f503e)
                0x400f503e                PROVIDE (Bootloading_LED__0__PA__CFG14, 0x400f503e)
                0x400f503e                PROVIDE (Bootloading_LED__0__PA__CFG14, 0x400f503e)
                0x400f503e                PROVIDE (Bootloading_LED__PA__CFG14, 0x400f503e)
                0x400f503e                PROVIDE (Bootloading_LED__PA__CFG14, 0x400f503e)
                0x402e0000                PROVIDE (CyBLE_cy_m0s8_ble__CFG1, 0x402e0000)
                0x402e0000                PROVIDE (CyBLE_cy_m0s8_ble__CFG1, 0x402e0000)
                0x402e0004                PROVIDE (CyBLE_cy_m0s8_ble__CFG2, 0x402e0004)
                0x402e0004                PROVIDE (CyBLE_cy_m0s8_ble__CFG2, 0x402e0004)
                0x402e0008                PROVIDE (CyBLE_cy_m0s8_ble__MODEM, 0x402e0008)
                0x402e0008                PROVIDE (CyBLE_cy_m0s8_ble__MODEM, 0x402e0008)
                0x402e000c                PROVIDE (CyBLE_cy_m0s8_ble__FSM, 0x402e000c)
                0x402e000c                PROVIDE (CyBLE_cy_m0s8_ble__FSM, 0x402e000c)
                0x402e0010                PROVIDE (CyBLE_cy_m0s8_ble__DBUS, 0x402e0010)
                0x402e0010                PROVIDE (CyBLE_cy_m0s8_ble__DBUS, 0x402e0010)
                0x402e0014                PROVIDE (CyBLE_cy_m0s8_ble__CFGCTRL, 0x402e0014)
                0x402e0014                PROVIDE (CyBLE_cy_m0s8_ble__CFGCTRL, 0x402e0014)
                0x402e0018                PROVIDE (CyBLE_cy_m0s8_ble__RSSI, 0x402e0018)
                0x402e0018                PROVIDE (CyBLE_cy_m0s8_ble__RSSI, 0x402e0018)
                0x402e0024                PROVIDE (CyBLE_cy_m0s8_ble__RMAP, 0x402e0024)
                0x402e0024                PROVIDE (CyBLE_cy_m0s8_ble__RMAP, 0x402e0024)
                0x402e0028                PROVIDE (CyBLE_cy_m0s8_ble__KVCAL, 0x402e0028)
                0x402e0028                PROVIDE (CyBLE_cy_m0s8_ble__KVCAL, 0x402e0028)
                0x402e002c                PROVIDE (CyBLE_cy_m0s8_ble__CFG_1_FCAL, 0x402e002c)
                0x402e002c                PROVIDE (CyBLE_cy_m0s8_ble__CFG_1_FCAL, 0x402e002c)
                0x402e0030                PROVIDE (CyBLE_cy_m0s8_ble__CFG_2_FCAL, 0x402e0030)
                0x402e0030                PROVIDE (CyBLE_cy_m0s8_ble__CFG_2_FCAL, 0x402e0030)
                0x402e0034                PROVIDE (CyBLE_cy_m0s8_ble__CFG_3_FCAL, 0x402e0034)
                0x402e0034                PROVIDE (CyBLE_cy_m0s8_ble__CFG_3_FCAL, 0x402e0034)
                0x402e0038                PROVIDE (CyBLE_cy_m0s8_ble__CFG_4_FCAL, 0x402e0038)
                0x402e0038                PROVIDE (CyBLE_cy_m0s8_ble__CFG_4_FCAL, 0x402e0038)
                0x402e003c                PROVIDE (CyBLE_cy_m0s8_ble__CFG_5_FCAL, 0x402e003c)
                0x402e003c                PROVIDE (CyBLE_cy_m0s8_ble__CFG_5_FCAL, 0x402e003c)
                0x402e0040                PROVIDE (CyBLE_cy_m0s8_ble__CFG_6_FCAL, 0x402e0040)
                0x402e0040                PROVIDE (CyBLE_cy_m0s8_ble__CFG_6_FCAL, 0x402e0040)
                0x402e0044                PROVIDE (CyBLE_cy_m0s8_ble__FCAL_TEST, 0x402e0044)
                0x402e0044                PROVIDE (CyBLE_cy_m0s8_ble__FCAL_TEST, 0x402e0044)
                0x402e0048                PROVIDE (CyBLE_cy_m0s8_ble__TEST, 0x402e0048)
                0x402e0048                PROVIDE (CyBLE_cy_m0s8_ble__TEST, 0x402e0048)
                0x402e004c                PROVIDE (CyBLE_cy_m0s8_ble__FPD_TEST, 0x402e004c)
                0x402e004c                PROVIDE (CyBLE_cy_m0s8_ble__FPD_TEST, 0x402e004c)
                0x402e0050                PROVIDE (CyBLE_cy_m0s8_ble__SY, 0x402e0050)
                0x402e0050                PROVIDE (CyBLE_cy_m0s8_ble__SY, 0x402e0050)
                0x402e0054                PROVIDE (CyBLE_cy_m0s8_ble__TEST2_SY, 0x402e0054)
                0x402e0054                PROVIDE (CyBLE_cy_m0s8_ble__TEST2_SY, 0x402e0054)
                0x402e0058                PROVIDE (CyBLE_cy_m0s8_ble__TX, 0x402e0058)
                0x402e0058                PROVIDE (CyBLE_cy_m0s8_ble__TX, 0x402e0058)
                0x402e005c                PROVIDE (CyBLE_cy_m0s8_ble__RX, 0x402e005c)
                0x402e005c                PROVIDE (CyBLE_cy_m0s8_ble__RX, 0x402e005c)
                0x402e0060                PROVIDE (CyBLE_cy_m0s8_ble__DIAG1, 0x402e0060)
                0x402e0060                PROVIDE (CyBLE_cy_m0s8_ble__DIAG1, 0x402e0060)
                0x402e0064                PROVIDE (CyBLE_cy_m0s8_ble__IM, 0x402e0064)
                0x402e0064                PROVIDE (CyBLE_cy_m0s8_ble__IM, 0x402e0064)
                0x402e0068                PROVIDE (CyBLE_cy_m0s8_ble__LDO_BYPASS, 0x402e0068)
                0x402e0068                PROVIDE (CyBLE_cy_m0s8_ble__LDO_BYPASS, 0x402e0068)
                0x402e006c                PROVIDE (CyBLE_cy_m0s8_ble__LDO, 0x402e006c)
                0x402e006c                PROVIDE (CyBLE_cy_m0s8_ble__LDO, 0x402e006c)
                0x402e0070                PROVIDE (CyBLE_cy_m0s8_ble__BB_BUMP1, 0x402e0070)
                0x402e0070                PROVIDE (CyBLE_cy_m0s8_ble__BB_BUMP1, 0x402e0070)
                0x402e0074                PROVIDE (CyBLE_cy_m0s8_ble__BB_BUMP2, 0x402e0074)
                0x402e0074                PROVIDE (CyBLE_cy_m0s8_ble__BB_BUMP2, 0x402e0074)
                0x402e0078                PROVIDE (CyBLE_cy_m0s8_ble__BB_XO, 0x402e0078)
                0x402e0078                PROVIDE (CyBLE_cy_m0s8_ble__BB_XO, 0x402e0078)
                0x402e007c                PROVIDE (CyBLE_cy_m0s8_ble__BB_XO_CAPTRIM, 0x402e007c)
                0x402e007c                PROVIDE (CyBLE_cy_m0s8_ble__BB_XO_CAPTRIM, 0x402e007c)
                0x402e0080                PROVIDE (CyBLE_cy_m0s8_ble__SY_BUMP1, 0x402e0080)
                0x402e0080                PROVIDE (CyBLE_cy_m0s8_ble__SY_BUMP1, 0x402e0080)
                0x402e0084                PROVIDE (CyBLE_cy_m0s8_ble__SY_BUMP2, 0x402e0084)
                0x402e0084                PROVIDE (CyBLE_cy_m0s8_ble__SY_BUMP2, 0x402e0084)
                0x402e0088                PROVIDE (CyBLE_cy_m0s8_ble__TX_BUMP1, 0x402e0088)
                0x402e0088                PROVIDE (CyBLE_cy_m0s8_ble__TX_BUMP1, 0x402e0088)
                0x402e008c                PROVIDE (CyBLE_cy_m0s8_ble__TX_BUMP2, 0x402e008c)
                0x402e008c                PROVIDE (CyBLE_cy_m0s8_ble__TX_BUMP2, 0x402e008c)
                0x402e0090                PROVIDE (CyBLE_cy_m0s8_ble__RX_BUMP1, 0x402e0090)
                0x402e0090                PROVIDE (CyBLE_cy_m0s8_ble__RX_BUMP1, 0x402e0090)
                0x402e0094                PROVIDE (CyBLE_cy_m0s8_ble__RX_BUMP2, 0x402e0094)
                0x402e0094                PROVIDE (CyBLE_cy_m0s8_ble__RX_BUMP2, 0x402e0094)
                0x402e0098                PROVIDE (CyBLE_cy_m0s8_ble__ADC_BUMP1, 0x402e0098)
                0x402e0098                PROVIDE (CyBLE_cy_m0s8_ble__ADC_BUMP1, 0x402e0098)
                0x402e009c                PROVIDE (CyBLE_cy_m0s8_ble__ADC_BUMP2, 0x402e009c)
                0x402e009c                PROVIDE (CyBLE_cy_m0s8_ble__ADC_BUMP2, 0x402e009c)
                0x402e00a0                PROVIDE (CyBLE_cy_m0s8_ble__BALUN, 0x402e00a0)
                0x402e00a0                PROVIDE (CyBLE_cy_m0s8_ble__BALUN, 0x402e00a0)
                0x402e00a4                PROVIDE (CyBLE_cy_m0s8_ble__CTR1, 0x402e00a4)
                0x402e00a4                PROVIDE (CyBLE_cy_m0s8_ble__CTR1, 0x402e00a4)
                0x402e00a8                PROVIDE (CyBLE_cy_m0s8_ble__AGC, 0x402e00a8)
                0x402e00a8                PROVIDE (CyBLE_cy_m0s8_ble__AGC, 0x402e00a8)
                0x402e00ac                PROVIDE (CyBLE_cy_m0s8_ble__THRSHD1, 0x402e00ac)
                0x402e00ac                PROVIDE (CyBLE_cy_m0s8_ble__THRSHD1, 0x402e00ac)
                0x402e00b0                PROVIDE (CyBLE_cy_m0s8_ble__THRSHD2, 0x402e00b0)
                0x402e00b0                PROVIDE (CyBLE_cy_m0s8_ble__THRSHD2, 0x402e00b0)
                0x402e00b4                PROVIDE (CyBLE_cy_m0s8_ble__THRSHD3, 0x402e00b4)
                0x402e00b4                PROVIDE (CyBLE_cy_m0s8_ble__THRSHD3, 0x402e00b4)
                0x402e00b8                PROVIDE (CyBLE_cy_m0s8_ble__THRSHD4, 0x402e00b8)
                0x402e00b8                PROVIDE (CyBLE_cy_m0s8_ble__THRSHD4, 0x402e00b8)
                0x402e00bc                PROVIDE (CyBLE_cy_m0s8_ble__THRSHD5, 0x402e00bc)
                0x402e00bc                PROVIDE (CyBLE_cy_m0s8_ble__THRSHD5, 0x402e00bc)
                0x402e00c0                PROVIDE (CyBLE_cy_m0s8_ble__DC, 0x402e00c0)
                0x402e00c0                PROVIDE (CyBLE_cy_m0s8_ble__DC, 0x402e00c0)
                0x402e00c4                PROVIDE (CyBLE_cy_m0s8_ble__IQMIS, 0x402e00c4)
                0x402e00c4                PROVIDE (CyBLE_cy_m0s8_ble__IQMIS, 0x402e00c4)
                0x402e00c8                PROVIDE (CyBLE_cy_m0s8_ble__DCCAL, 0x402e00c8)
                0x402e00c8                PROVIDE (CyBLE_cy_m0s8_ble__DCCAL, 0x402e00c8)
                0x402e00cc                PROVIDE (CyBLE_cy_m0s8_ble__RCCAL, 0x402e00cc)
                0x402e00cc                PROVIDE (CyBLE_cy_m0s8_ble__RCCAL, 0x402e00cc)
                0x402e00d0                PROVIDE (CyBLE_cy_m0s8_ble__DSM1, 0x402e00d0)
                0x402e00d0                PROVIDE (CyBLE_cy_m0s8_ble__DSM1, 0x402e00d0)
                0x402e00d4                PROVIDE (CyBLE_cy_m0s8_ble__DSM2, 0x402e00d4)
                0x402e00d4                PROVIDE (CyBLE_cy_m0s8_ble__DSM2, 0x402e00d4)
                0x402e00d8                PROVIDE (CyBLE_cy_m0s8_ble__DSM3, 0x402e00d8)
                0x402e00d8                PROVIDE (CyBLE_cy_m0s8_ble__DSM3, 0x402e00d8)
                0x402e00dc                PROVIDE (CyBLE_cy_m0s8_ble__DSM4, 0x402e00dc)
                0x402e00dc                PROVIDE (CyBLE_cy_m0s8_ble__DSM4, 0x402e00dc)
                0x402e00e0                PROVIDE (CyBLE_cy_m0s8_ble__DSM5, 0x402e00e0)
                0x402e00e0                PROVIDE (CyBLE_cy_m0s8_ble__DSM5, 0x402e00e0)
                0x402e00e4                PROVIDE (CyBLE_cy_m0s8_ble__DSM6, 0x402e00e4)
                0x402e00e4                PROVIDE (CyBLE_cy_m0s8_ble__DSM6, 0x402e00e4)
                0x402e00e8                PROVIDE (CyBLE_cy_m0s8_ble__MONI, 0x402e00e8)
                0x402e00e8                PROVIDE (CyBLE_cy_m0s8_ble__MONI, 0x402e00e8)
                0x402e00ec                PROVIDE (CyBLE_cy_m0s8_ble__DBG_BB, 0x402e00ec)
                0x402e00ec                PROVIDE (CyBLE_cy_m0s8_ble__DBG_BB, 0x402e00ec)
                0x402e00f0                PROVIDE (CyBLE_cy_m0s8_ble__DBG_1, 0x402e00f0)
                0x402e00f0                PROVIDE (CyBLE_cy_m0s8_ble__DBG_1, 0x402e00f0)
                0x402e00f4                PROVIDE (CyBLE_cy_m0s8_ble__DBG_2, 0x402e00f4)
                0x402e00f4                PROVIDE (CyBLE_cy_m0s8_ble__DBG_2, 0x402e00f4)
                0x402e00f8                PROVIDE (CyBLE_cy_m0s8_ble__DBG_3, 0x402e00f8)
                0x402e00f8                PROVIDE (CyBLE_cy_m0s8_ble__DBG_3, 0x402e00f8)
                0x402e0100                PROVIDE (CyBLE_cy_m0s8_ble__READ_IQ_1, 0x402e0100)
                0x402e0100                PROVIDE (CyBLE_cy_m0s8_ble__READ_IQ_1, 0x402e0100)
                0x402e0104                PROVIDE (CyBLE_cy_m0s8_ble__READ_IQ_2, 0x402e0104)
                0x402e0104                PROVIDE (CyBLE_cy_m0s8_ble__READ_IQ_2, 0x402e0104)
                0x402e0108                PROVIDE (CyBLE_cy_m0s8_ble__READ_IQ_3, 0x402e0108)
                0x402e0108                PROVIDE (CyBLE_cy_m0s8_ble__READ_IQ_3, 0x402e0108)
                0x402e010c                PROVIDE (CyBLE_cy_m0s8_ble__READ_IQ_4, 0x402e010c)
                0x402e010c                PROVIDE (CyBLE_cy_m0s8_ble__READ_IQ_4, 0x402e010c)
                0x402e1000                PROVIDE (CyBLE_cy_m0s8_ble__COMMAND_REGISTER, 0x402e1000)
                0x402e1000                PROVIDE (CyBLE_cy_m0s8_ble__COMMAND_REGISTER, 0x402e1000)
                0x402e1008                PROVIDE (CyBLE_cy_m0s8_ble__EVENT_INTR, 0x402e1008)
                0x402e1008                PROVIDE (CyBLE_cy_m0s8_ble__EVENT_INTR, 0x402e1008)
                0x402e1010                PROVIDE (CyBLE_cy_m0s8_ble__EVENT_ENABLE, 0x402e1010)
                0x402e1010                PROVIDE (CyBLE_cy_m0s8_ble__EVENT_ENABLE, 0x402e1010)
                0x402e1018                PROVIDE (CyBLE_cy_m0s8_ble__ADV_PARAMS, 0x402e1018)
                0x402e1018                PROVIDE (CyBLE_cy_m0s8_ble__ADV_PARAMS, 0x402e1018)
                0x402e101c                PROVIDE (CyBLE_cy_m0s8_ble__ADV_INTERVAL_TIMEOUT, 0x402e101c)
                0x402e101c                PROVIDE (CyBLE_cy_m0s8_ble__ADV_INTERVAL_TIMEOUT, 0x402e101c)
                0x402e1020                PROVIDE (CyBLE_cy_m0s8_ble__ADV_INTR, 0x402e1020)
                0x402e1020                PROVIDE (CyBLE_cy_m0s8_ble__ADV_INTR, 0x402e1020)
                0x402e1024                PROVIDE (CyBLE_cy_m0s8_ble__ADV_NEXT_INSTANT, 0x402e1024)
                0x402e1024                PROVIDE (CyBLE_cy_m0s8_ble__ADV_NEXT_INSTANT, 0x402e1024)
                0x402e1028                PROVIDE (CyBLE_cy_m0s8_ble__SCAN_INTERVAL, 0x402e1028)
                0x402e1028                PROVIDE (CyBLE_cy_m0s8_ble__SCAN_INTERVAL, 0x402e1028)
                0x402e102c                PROVIDE (CyBLE_cy_m0s8_ble__SCAN_WINDOW, 0x402e102c)
                0x402e102c                PROVIDE (CyBLE_cy_m0s8_ble__SCAN_WINDOW, 0x402e102c)
                0x402e1030                PROVIDE (CyBLE_cy_m0s8_ble__SCAN_PARAM, 0x402e1030)
                0x402e1030                PROVIDE (CyBLE_cy_m0s8_ble__SCAN_PARAM, 0x402e1030)
                0x402e1038                PROVIDE (CyBLE_cy_m0s8_ble__SCAN_INTR, 0x402e1038)
                0x402e1038                PROVIDE (CyBLE_cy_m0s8_ble__SCAN_INTR, 0x402e1038)
                0x402e103c                PROVIDE (CyBLE_cy_m0s8_ble__SCAN_NEXT_INSTANT, 0x402e103c)
                0x402e103c                PROVIDE (CyBLE_cy_m0s8_ble__SCAN_NEXT_INSTANT, 0x402e103c)
                0x402e1040                PROVIDE (CyBLE_cy_m0s8_ble__INIT_INTERVAL, 0x402e1040)
                0x402e1040                PROVIDE (CyBLE_cy_m0s8_ble__INIT_INTERVAL, 0x402e1040)
                0x402e1044                PROVIDE (CyBLE_cy_m0s8_ble__INIT_WINDOW, 0x402e1044)
                0x402e1044                PROVIDE (CyBLE_cy_m0s8_ble__INIT_WINDOW, 0x402e1044)
                0x402e1048                PROVIDE (CyBLE_cy_m0s8_ble__INIT_PARAM, 0x402e1048)
                0x402e1048                PROVIDE (CyBLE_cy_m0s8_ble__INIT_PARAM, 0x402e1048)
                0x402e1050                PROVIDE (CyBLE_cy_m0s8_ble__INIT_INTR, 0x402e1050)
                0x402e1050                PROVIDE (CyBLE_cy_m0s8_ble__INIT_INTR, 0x402e1050)
                0x402e1054                PROVIDE (CyBLE_cy_m0s8_ble__INIT_NEXT_INSTANT, 0x402e1054)
                0x402e1054                PROVIDE (CyBLE_cy_m0s8_ble__INIT_NEXT_INSTANT, 0x402e1054)
                0x402e1058                PROVIDE (CyBLE_cy_m0s8_ble__DEVICE_RAND_ADDR_L, 0x402e1058)
                0x402e1058                PROVIDE (CyBLE_cy_m0s8_ble__DEVICE_RAND_ADDR_L, 0x402e1058)
                0x402e105c                PROVIDE (CyBLE_cy_m0s8_ble__DEVICE_RAND_ADDR_M, 0x402e105c)
                0x402e105c                PROVIDE (CyBLE_cy_m0s8_ble__DEVICE_RAND_ADDR_M, 0x402e105c)
                0x402e1060                PROVIDE (CyBLE_cy_m0s8_ble__DEVICE_RAND_ADDR_H, 0x402e1060)
                0x402e1060                PROVIDE (CyBLE_cy_m0s8_ble__DEVICE_RAND_ADDR_H, 0x402e1060)
                0x402e1068                PROVIDE (CyBLE_cy_m0s8_ble__PEER_ADDR_L, 0x402e1068)
                0x402e1068                PROVIDE (CyBLE_cy_m0s8_ble__PEER_ADDR_L, 0x402e1068)
                0x402e106c                PROVIDE (CyBLE_cy_m0s8_ble__PEER_ADDR_M, 0x402e106c)
                0x402e106c                PROVIDE (CyBLE_cy_m0s8_ble__PEER_ADDR_M, 0x402e106c)
                0x402e1070                PROVIDE (CyBLE_cy_m0s8_ble__PEER_ADDR_H, 0x402e1070)
                0x402e1070                PROVIDE (CyBLE_cy_m0s8_ble__PEER_ADDR_H, 0x402e1070)
                0x402e1078                PROVIDE (CyBLE_cy_m0s8_ble__WL_ADDR_TYPE, 0x402e1078)
                0x402e1078                PROVIDE (CyBLE_cy_m0s8_ble__WL_ADDR_TYPE, 0x402e1078)
                0x402e107c                PROVIDE (CyBLE_cy_m0s8_ble__WL_ENABLE, 0x402e107c)
                0x402e107c                PROVIDE (CyBLE_cy_m0s8_ble__WL_ENABLE, 0x402e107c)
                0x402e1080                PROVIDE (CyBLE_cy_m0s8_ble__TRANSMIT_WINDOW_OFFSET, 0x402e1080)
                0x402e1080                PROVIDE (CyBLE_cy_m0s8_ble__TRANSMIT_WINDOW_OFFSET, 0x402e1080)
                0x402e1084                PROVIDE (CyBLE_cy_m0s8_ble__TRANSMIT_WINDOW_SIZE, 0x402e1084)
                0x402e1084                PROVIDE (CyBLE_cy_m0s8_ble__TRANSMIT_WINDOW_SIZE, 0x402e1084)
                0x402e1088                PROVIDE (CyBLE_cy_m0s8_ble__DATA_CHANNELS_L0, 0x402e1088)
                0x402e1088                PROVIDE (CyBLE_cy_m0s8_ble__DATA_CHANNELS_L0, 0x402e1088)
                0x402e108c                PROVIDE (CyBLE_cy_m0s8_ble__DATA_CHANNELS_M0, 0x402e108c)
                0x402e108c                PROVIDE (CyBLE_cy_m0s8_ble__DATA_CHANNELS_M0, 0x402e108c)
                0x402e1090                PROVIDE (CyBLE_cy_m0s8_ble__DATA_CHANNELS_H0, 0x402e1090)
                0x402e1090                PROVIDE (CyBLE_cy_m0s8_ble__DATA_CHANNELS_H0, 0x402e1090)
                0x402e1098                PROVIDE (CyBLE_cy_m0s8_ble__DATA_CHANNELS_L1, 0x402e1098)
                0x402e1098                PROVIDE (CyBLE_cy_m0s8_ble__DATA_CHANNELS_L1, 0x402e1098)
                0x402e109c                PROVIDE (CyBLE_cy_m0s8_ble__DATA_CHANNELS_M1, 0x402e109c)
                0x402e109c                PROVIDE (CyBLE_cy_m0s8_ble__DATA_CHANNELS_M1, 0x402e109c)
                0x402e10a0                PROVIDE (CyBLE_cy_m0s8_ble__DATA_CHANNELS_H1, 0x402e10a0)
                0x402e10a0                PROVIDE (CyBLE_cy_m0s8_ble__DATA_CHANNELS_H1, 0x402e10a0)
                0x402e10a8                PROVIDE (CyBLE_cy_m0s8_ble__CONN_INTR, 0x402e10a8)
                0x402e10a8                PROVIDE (CyBLE_cy_m0s8_ble__CONN_INTR, 0x402e10a8)
                0x402e10ac                PROVIDE (CyBLE_cy_m0s8_ble__CONN_STATUS, 0x402e10ac)
                0x402e10ac                PROVIDE (CyBLE_cy_m0s8_ble__CONN_STATUS, 0x402e10ac)
                0x402e10b0                PROVIDE (CyBLE_cy_m0s8_ble__CONN_INDEX, 0x402e10b0)