ARM GAS  C:\Users\Nick\AppData\Local\Temp\ccQq1DU0.s 			page 1


   1              		.cpu cortex-m0
   2              		.fpu softvfp
   3              		.eabi_attribute 20, 1
   4              		.eabi_attribute 21, 1
   5              		.eabi_attribute 23, 3
   6              		.eabi_attribute 24, 1
   7              		.eabi_attribute 25, 1
   8              		.eabi_attribute 26, 1
   9              		.eabi_attribute 30, 1
  10              		.eabi_attribute 34, 0
  11              		.eabi_attribute 18, 4
  12              		.code	16
  13              		.file	"Clock_PWM.c"
  14              		.text
  15              	.Ltext0:
  16              		.cfi_sections	.debug_frame
  17              		.section	.text.Clock_PWM_StartEx,"ax",%progbits
  18              		.align	2
  19              		.global	Clock_PWM_StartEx
  20              		.code	16
  21              		.thumb_func
  22              		.type	Clock_PWM_StartEx, %function
  23              	Clock_PWM_StartEx:
  24              	.LFB0:
  25              		.file 1 "Generated_Source\\PSoC4\\Clock_PWM.c"
   1:Generated_Source\PSoC4/Clock_PWM.c **** /*******************************************************************************
   2:Generated_Source\PSoC4/Clock_PWM.c **** * File Name: Clock_PWM.c
   3:Generated_Source\PSoC4/Clock_PWM.c **** * Version 2.20
   4:Generated_Source\PSoC4/Clock_PWM.c **** *
   5:Generated_Source\PSoC4/Clock_PWM.c **** *  Description:
   6:Generated_Source\PSoC4/Clock_PWM.c **** *   Provides system API for the clocking, interrupts and watchdog timer.
   7:Generated_Source\PSoC4/Clock_PWM.c **** *
   8:Generated_Source\PSoC4/Clock_PWM.c **** *  Note:
   9:Generated_Source\PSoC4/Clock_PWM.c **** *   Documentation of the API's in this file is located in the
  10:Generated_Source\PSoC4/Clock_PWM.c **** *   System Reference Guide provided with PSoC Creator.
  11:Generated_Source\PSoC4/Clock_PWM.c **** *
  12:Generated_Source\PSoC4/Clock_PWM.c **** ********************************************************************************
  13:Generated_Source\PSoC4/Clock_PWM.c **** * Copyright 2008-2012, Cypress Semiconductor Corporation.  All rights reserved.
  14:Generated_Source\PSoC4/Clock_PWM.c **** * You may use this file only in accordance with the license, terms, conditions,
  15:Generated_Source\PSoC4/Clock_PWM.c **** * disclaimers, and limitations in the end user license agreement accompanying
  16:Generated_Source\PSoC4/Clock_PWM.c **** * the software package with which this file was provided.
  17:Generated_Source\PSoC4/Clock_PWM.c **** *******************************************************************************/
  18:Generated_Source\PSoC4/Clock_PWM.c **** 
  19:Generated_Source\PSoC4/Clock_PWM.c **** #include <cydevice_trm.h>
  20:Generated_Source\PSoC4/Clock_PWM.c **** #include "Clock_PWM.h"
  21:Generated_Source\PSoC4/Clock_PWM.c **** 
  22:Generated_Source\PSoC4/Clock_PWM.c **** #if defined CYREG_PERI_DIV_CMD
  23:Generated_Source\PSoC4/Clock_PWM.c **** 
  24:Generated_Source\PSoC4/Clock_PWM.c **** /*******************************************************************************
  25:Generated_Source\PSoC4/Clock_PWM.c **** * Function Name: Clock_PWM_StartEx
  26:Generated_Source\PSoC4/Clock_PWM.c **** ********************************************************************************
  27:Generated_Source\PSoC4/Clock_PWM.c **** *
  28:Generated_Source\PSoC4/Clock_PWM.c **** * Summary:
  29:Generated_Source\PSoC4/Clock_PWM.c **** *  Starts the clock, aligned to the specified running clock.
  30:Generated_Source\PSoC4/Clock_PWM.c **** *
  31:Generated_Source\PSoC4/Clock_PWM.c **** * Parameters:
  32:Generated_Source\PSoC4/Clock_PWM.c **** *  alignClkDiv:  The divider to which phase alignment is performed when the
ARM GAS  C:\Users\Nick\AppData\Local\Temp\ccQq1DU0.s 			page 2


  33:Generated_Source\PSoC4/Clock_PWM.c **** *    clock is started.
  34:Generated_Source\PSoC4/Clock_PWM.c **** *
  35:Generated_Source\PSoC4/Clock_PWM.c **** * Returns:
  36:Generated_Source\PSoC4/Clock_PWM.c **** *  None
  37:Generated_Source\PSoC4/Clock_PWM.c **** *
  38:Generated_Source\PSoC4/Clock_PWM.c **** *******************************************************************************/
  39:Generated_Source\PSoC4/Clock_PWM.c **** void Clock_PWM_StartEx(uint32 alignClkDiv)
  40:Generated_Source\PSoC4/Clock_PWM.c **** {
  26              		.loc 1 40 0
  27              		.cfi_startproc
  28              	.LVL0:
  29              	.L2:
  41:Generated_Source\PSoC4/Clock_PWM.c ****     /* Make sure any previous start command has finished. */
  42:Generated_Source\PSoC4/Clock_PWM.c ****     while((Clock_PWM_CMD_REG & Clock_PWM_CMD_ENABLE_MASK) != 0u)
  30              		.loc 1 42 0 discriminator 1
  31 0000 044B     		ldr	r3, .L3
  32 0002 1B68     		ldr	r3, [r3]
  33 0004 002B     		cmp	r3, #0
  34 0006 FBDB     		blt	.L2
  43:Generated_Source\PSoC4/Clock_PWM.c ****     {
  44:Generated_Source\PSoC4/Clock_PWM.c ****     }
  45:Generated_Source\PSoC4/Clock_PWM.c ****     
  46:Generated_Source\PSoC4/Clock_PWM.c ****     /* Specify the target divider and it's alignment divider, and enable. */
  47:Generated_Source\PSoC4/Clock_PWM.c ****     Clock_PWM_CMD_REG =
  48:Generated_Source\PSoC4/Clock_PWM.c ****         ((uint32)Clock_PWM__DIV_ID << Clock_PWM_CMD_DIV_SHIFT)|
  49:Generated_Source\PSoC4/Clock_PWM.c ****         (alignClkDiv << Clock_PWM_CMD_PA_DIV_SHIFT) |
  35              		.loc 1 49 0
  36 0008 0002     		lsl	r0, r0, #8
  37              	.LVL1:
  38 000a 034B     		ldr	r3, .L3+4
  39 000c 1843     		orr	r0, r3
  47:Generated_Source\PSoC4/Clock_PWM.c ****         ((uint32)Clock_PWM__DIV_ID << Clock_PWM_CMD_DIV_SHIFT)|
  40              		.loc 1 47 0
  41 000e 014B     		ldr	r3, .L3
  42 0010 1860     		str	r0, [r3]
  50:Generated_Source\PSoC4/Clock_PWM.c ****         (uint32)Clock_PWM_CMD_ENABLE_MASK;
  51:Generated_Source\PSoC4/Clock_PWM.c **** }
  43              		.loc 1 51 0
  44              		@ sp needed
  45 0012 7047     		bx	lr
  46              	.L4:
  47              		.align	2
  48              	.L3:
  49 0014 00000140 		.word	1073807360
  50 0018 80000080 		.word	-2147483520
  51              		.cfi_endproc
  52              	.LFE0:
  53              		.size	Clock_PWM_StartEx, .-Clock_PWM_StartEx
  54              		.section	.text.Clock_PWM_Stop,"ax",%progbits
  55              		.align	2
  56              		.global	Clock_PWM_Stop
  57              		.code	16
  58              		.thumb_func
  59              		.type	Clock_PWM_Stop, %function
  60              	Clock_PWM_Stop:
  61              	.LFB1:
  52:Generated_Source\PSoC4/Clock_PWM.c **** 
ARM GAS  C:\Users\Nick\AppData\Local\Temp\ccQq1DU0.s 			page 3


  53:Generated_Source\PSoC4/Clock_PWM.c **** #else
  54:Generated_Source\PSoC4/Clock_PWM.c **** 
  55:Generated_Source\PSoC4/Clock_PWM.c **** /*******************************************************************************
  56:Generated_Source\PSoC4/Clock_PWM.c **** * Function Name: Clock_PWM_Start
  57:Generated_Source\PSoC4/Clock_PWM.c **** ********************************************************************************
  58:Generated_Source\PSoC4/Clock_PWM.c **** *
  59:Generated_Source\PSoC4/Clock_PWM.c **** * Summary:
  60:Generated_Source\PSoC4/Clock_PWM.c **** *  Starts the clock.
  61:Generated_Source\PSoC4/Clock_PWM.c **** *
  62:Generated_Source\PSoC4/Clock_PWM.c **** * Parameters:
  63:Generated_Source\PSoC4/Clock_PWM.c **** *  None
  64:Generated_Source\PSoC4/Clock_PWM.c **** *
  65:Generated_Source\PSoC4/Clock_PWM.c **** * Returns:
  66:Generated_Source\PSoC4/Clock_PWM.c **** *  None
  67:Generated_Source\PSoC4/Clock_PWM.c **** *
  68:Generated_Source\PSoC4/Clock_PWM.c **** *******************************************************************************/
  69:Generated_Source\PSoC4/Clock_PWM.c **** 
  70:Generated_Source\PSoC4/Clock_PWM.c **** void Clock_PWM_Start(void)
  71:Generated_Source\PSoC4/Clock_PWM.c **** {
  72:Generated_Source\PSoC4/Clock_PWM.c ****     /* Set the bit to enable the clock. */
  73:Generated_Source\PSoC4/Clock_PWM.c ****     Clock_PWM_ENABLE_REG |= Clock_PWM__ENABLE_MASK;
  74:Generated_Source\PSoC4/Clock_PWM.c **** }
  75:Generated_Source\PSoC4/Clock_PWM.c **** 
  76:Generated_Source\PSoC4/Clock_PWM.c **** #endif /* CYREG_PERI_DIV_CMD */
  77:Generated_Source\PSoC4/Clock_PWM.c **** 
  78:Generated_Source\PSoC4/Clock_PWM.c **** 
  79:Generated_Source\PSoC4/Clock_PWM.c **** /*******************************************************************************
  80:Generated_Source\PSoC4/Clock_PWM.c **** * Function Name: Clock_PWM_Stop
  81:Generated_Source\PSoC4/Clock_PWM.c **** ********************************************************************************
  82:Generated_Source\PSoC4/Clock_PWM.c **** *
  83:Generated_Source\PSoC4/Clock_PWM.c **** * Summary:
  84:Generated_Source\PSoC4/Clock_PWM.c **** *  Stops the clock and returns immediately. This API does not require the
  85:Generated_Source\PSoC4/Clock_PWM.c **** *  source clock to be running but may return before the hardware is actually
  86:Generated_Source\PSoC4/Clock_PWM.c **** *  disabled.
  87:Generated_Source\PSoC4/Clock_PWM.c **** *
  88:Generated_Source\PSoC4/Clock_PWM.c **** * Parameters:
  89:Generated_Source\PSoC4/Clock_PWM.c **** *  None
  90:Generated_Source\PSoC4/Clock_PWM.c **** *
  91:Generated_Source\PSoC4/Clock_PWM.c **** * Returns:
  92:Generated_Source\PSoC4/Clock_PWM.c **** *  None
  93:Generated_Source\PSoC4/Clock_PWM.c **** *
  94:Generated_Source\PSoC4/Clock_PWM.c **** *******************************************************************************/
  95:Generated_Source\PSoC4/Clock_PWM.c **** void Clock_PWM_Stop(void)
  96:Generated_Source\PSoC4/Clock_PWM.c **** {
  62              		.loc 1 96 0
  63              		.cfi_startproc
  64              	.L6:
  97:Generated_Source\PSoC4/Clock_PWM.c **** #if defined CYREG_PERI_DIV_CMD
  98:Generated_Source\PSoC4/Clock_PWM.c **** 
  99:Generated_Source\PSoC4/Clock_PWM.c ****     /* Make sure any previous start command has finished. */
 100:Generated_Source\PSoC4/Clock_PWM.c ****     while((Clock_PWM_CMD_REG & Clock_PWM_CMD_ENABLE_MASK) != 0u)
  65              		.loc 1 100 0 discriminator 1
  66 0000 034B     		ldr	r3, .L7
  67 0002 1B68     		ldr	r3, [r3]
  68 0004 002B     		cmp	r3, #0
  69 0006 FBDB     		blt	.L6
 101:Generated_Source\PSoC4/Clock_PWM.c ****     {
ARM GAS  C:\Users\Nick\AppData\Local\Temp\ccQq1DU0.s 			page 4


 102:Generated_Source\PSoC4/Clock_PWM.c ****     }
 103:Generated_Source\PSoC4/Clock_PWM.c ****     
 104:Generated_Source\PSoC4/Clock_PWM.c ****     /* Specify the target divider and it's alignment divider, and disable. */
 105:Generated_Source\PSoC4/Clock_PWM.c ****     Clock_PWM_CMD_REG =
  70              		.loc 1 105 0
  71 0008 024A     		ldr	r2, .L7+4
  72 000a 014B     		ldr	r3, .L7
  73 000c 1A60     		str	r2, [r3]
 106:Generated_Source\PSoC4/Clock_PWM.c ****         ((uint32)Clock_PWM__DIV_ID << Clock_PWM_CMD_DIV_SHIFT)|
 107:Generated_Source\PSoC4/Clock_PWM.c ****         ((uint32)Clock_PWM_CMD_DISABLE_MASK);
 108:Generated_Source\PSoC4/Clock_PWM.c **** 
 109:Generated_Source\PSoC4/Clock_PWM.c **** #else
 110:Generated_Source\PSoC4/Clock_PWM.c **** 
 111:Generated_Source\PSoC4/Clock_PWM.c ****     /* Clear the bit to disable the clock. */
 112:Generated_Source\PSoC4/Clock_PWM.c ****     Clock_PWM_ENABLE_REG &= (uint32)(~Clock_PWM__ENABLE_MASK);
 113:Generated_Source\PSoC4/Clock_PWM.c ****     
 114:Generated_Source\PSoC4/Clock_PWM.c **** #endif /* CYREG_PERI_DIV_CMD */
 115:Generated_Source\PSoC4/Clock_PWM.c **** }
  74              		.loc 1 115 0
  75              		@ sp needed
  76 000e 7047     		bx	lr
  77              	.L8:
  78              		.align	2
  79              	.L7:
  80 0010 00000140 		.word	1073807360
  81 0014 80000040 		.word	1073741952
  82              		.cfi_endproc
  83              	.LFE1:
  84              		.size	Clock_PWM_Stop, .-Clock_PWM_Stop
  85              		.section	.text.Clock_PWM_SetFractionalDividerRegister,"ax",%progbits
  86              		.align	2
  87              		.global	Clock_PWM_SetFractionalDividerRegister
  88              		.code	16
  89              		.thumb_func
  90              		.type	Clock_PWM_SetFractionalDividerRegister, %function
  91              	Clock_PWM_SetFractionalDividerRegister:
  92              	.LFB2:
 116:Generated_Source\PSoC4/Clock_PWM.c **** 
 117:Generated_Source\PSoC4/Clock_PWM.c **** 
 118:Generated_Source\PSoC4/Clock_PWM.c **** /*******************************************************************************
 119:Generated_Source\PSoC4/Clock_PWM.c **** * Function Name: Clock_PWM_SetFractionalDividerRegister
 120:Generated_Source\PSoC4/Clock_PWM.c **** ********************************************************************************
 121:Generated_Source\PSoC4/Clock_PWM.c **** *
 122:Generated_Source\PSoC4/Clock_PWM.c **** * Summary:
 123:Generated_Source\PSoC4/Clock_PWM.c **** *  Modifies the clock divider and the fractional divider.
 124:Generated_Source\PSoC4/Clock_PWM.c **** *
 125:Generated_Source\PSoC4/Clock_PWM.c **** * Parameters:
 126:Generated_Source\PSoC4/Clock_PWM.c **** *  clkDivider:  Divider register value (0-65535). This value is NOT the
 127:Generated_Source\PSoC4/Clock_PWM.c **** *    divider; the clock hardware divides by clkDivider plus one. For example,
 128:Generated_Source\PSoC4/Clock_PWM.c **** *    to divide the clock by 2, this parameter should be set to 1.
 129:Generated_Source\PSoC4/Clock_PWM.c **** *  fracDivider:  Fractional Divider register value (0-31).
 130:Generated_Source\PSoC4/Clock_PWM.c **** * Returns:
 131:Generated_Source\PSoC4/Clock_PWM.c **** *  None
 132:Generated_Source\PSoC4/Clock_PWM.c **** *
 133:Generated_Source\PSoC4/Clock_PWM.c **** *******************************************************************************/
 134:Generated_Source\PSoC4/Clock_PWM.c **** void Clock_PWM_SetFractionalDividerRegister(uint16 clkDivider, uint8 clkFractional)
 135:Generated_Source\PSoC4/Clock_PWM.c **** {
ARM GAS  C:\Users\Nick\AppData\Local\Temp\ccQq1DU0.s 			page 5


  93              		.loc 1 135 0
  94              		.cfi_startproc
  95              	.LVL2:
  96 0000 10B5     		push	{r4, lr}
  97              		.cfi_def_cfa_offset 8
  98              		.cfi_offset 4, -8
  99              		.cfi_offset 14, -4
 136:Generated_Source\PSoC4/Clock_PWM.c ****     uint32 maskVal;
 137:Generated_Source\PSoC4/Clock_PWM.c ****     uint32 regVal;
 138:Generated_Source\PSoC4/Clock_PWM.c ****     
 139:Generated_Source\PSoC4/Clock_PWM.c **** #if defined (Clock_PWM__FRAC_MASK) || defined (CYREG_PERI_DIV_CMD)
 140:Generated_Source\PSoC4/Clock_PWM.c ****     
 141:Generated_Source\PSoC4/Clock_PWM.c **** 	/* get all but divider bits */
 142:Generated_Source\PSoC4/Clock_PWM.c ****     maskVal = Clock_PWM_DIV_REG & 
 100              		.loc 1 142 0
 101 0002 064A     		ldr	r2, .L10
 102 0004 1368     		ldr	r3, [r2]
 103 0006 0724     		mov	r4, #7
 104 0008 2340     		and	r3, r4
 105              	.LVL3:
 143:Generated_Source\PSoC4/Clock_PWM.c ****                     (uint32)(~(uint32)(Clock_PWM_DIV_INT_MASK | Clock_PWM_DIV_FRAC_MASK)); 
 144:Generated_Source\PSoC4/Clock_PWM.c **** 	/* combine mask and new divider vals into 32-bit value */
 145:Generated_Source\PSoC4/Clock_PWM.c ****     regVal = maskVal |
 146:Generated_Source\PSoC4/Clock_PWM.c ****         ((uint32)((uint32)clkDivider <<  Clock_PWM_DIV_INT_SHIFT) & Clock_PWM_DIV_INT_MASK) |
 106              		.loc 1 146 0
 107 000a 0002     		lsl	r0, r0, #8
 108              	.LVL4:
 145:Generated_Source\PSoC4/Clock_PWM.c ****         ((uint32)((uint32)clkDivider <<  Clock_PWM_DIV_INT_SHIFT) & Clock_PWM_DIV_INT_MASK) |
 109              		.loc 1 145 0
 110 000c 1843     		orr	r0, r3
 147:Generated_Source\PSoC4/Clock_PWM.c ****         ((uint32)((uint32)clkFractional << Clock_PWM_DIV_FRAC_SHIFT) & Clock_PWM_DIV_FRAC_MASK);
 111              		.loc 1 147 0
 112 000e CB00     		lsl	r3, r1, #3
 113              	.LVL5:
 114 0010 FF21     		mov	r1, #255
 115              	.LVL6:
 116 0012 1940     		and	r1, r3
 145:Generated_Source\PSoC4/Clock_PWM.c ****         ((uint32)((uint32)clkDivider <<  Clock_PWM_DIV_INT_SHIFT) & Clock_PWM_DIV_INT_MASK) |
 117              		.loc 1 145 0
 118 0014 0143     		orr	r1, r0
 119              	.LVL7:
 148:Generated_Source\PSoC4/Clock_PWM.c ****     
 149:Generated_Source\PSoC4/Clock_PWM.c **** #else
 150:Generated_Source\PSoC4/Clock_PWM.c ****     /* get all but integer divider bits */
 151:Generated_Source\PSoC4/Clock_PWM.c ****     maskVal = Clock_PWM_DIV_REG & (uint32)(~(uint32)Clock_PWM__DIVIDER_MASK);
 152:Generated_Source\PSoC4/Clock_PWM.c ****     /* combine mask and new divider val into 32-bit value */
 153:Generated_Source\PSoC4/Clock_PWM.c ****     regVal = clkDivider | maskVal;
 154:Generated_Source\PSoC4/Clock_PWM.c ****     
 155:Generated_Source\PSoC4/Clock_PWM.c **** #endif /* Clock_PWM__FRAC_MASK || CYREG_PERI_DIV_CMD */
 156:Generated_Source\PSoC4/Clock_PWM.c **** 
 157:Generated_Source\PSoC4/Clock_PWM.c ****     Clock_PWM_DIV_REG = regVal;
 120              		.loc 1 157 0
 121 0016 1160     		str	r1, [r2]
 158:Generated_Source\PSoC4/Clock_PWM.c **** }
 122              		.loc 1 158 0
 123              		@ sp needed
 124 0018 10BD     		pop	{r4, pc}
ARM GAS  C:\Users\Nick\AppData\Local\Temp\ccQq1DU0.s 			page 6


 125              	.L11:
 126 001a C046     		.align	2
 127              	.L10:
 128 001c 00040140 		.word	1073808384
 129              		.cfi_endproc
 130              	.LFE2:
 131              		.size	Clock_PWM_SetFractionalDividerRegister, .-Clock_PWM_SetFractionalDividerRegister
 132              		.section	.text.Clock_PWM_GetDividerRegister,"ax",%progbits
 133              		.align	2
 134              		.global	Clock_PWM_GetDividerRegister
 135              		.code	16
 136              		.thumb_func
 137              		.type	Clock_PWM_GetDividerRegister, %function
 138              	Clock_PWM_GetDividerRegister:
 139              	.LFB3:
 159:Generated_Source\PSoC4/Clock_PWM.c **** 
 160:Generated_Source\PSoC4/Clock_PWM.c **** 
 161:Generated_Source\PSoC4/Clock_PWM.c **** /*******************************************************************************
 162:Generated_Source\PSoC4/Clock_PWM.c **** * Function Name: Clock_PWM_GetDividerRegister
 163:Generated_Source\PSoC4/Clock_PWM.c **** ********************************************************************************
 164:Generated_Source\PSoC4/Clock_PWM.c **** *
 165:Generated_Source\PSoC4/Clock_PWM.c **** * Summary:
 166:Generated_Source\PSoC4/Clock_PWM.c **** *  Gets the clock divider register value.
 167:Generated_Source\PSoC4/Clock_PWM.c **** *
 168:Generated_Source\PSoC4/Clock_PWM.c **** * Parameters:
 169:Generated_Source\PSoC4/Clock_PWM.c **** *  None
 170:Generated_Source\PSoC4/Clock_PWM.c **** *
 171:Generated_Source\PSoC4/Clock_PWM.c **** * Returns:
 172:Generated_Source\PSoC4/Clock_PWM.c **** *  Divide value of the clock minus 1. For example, if the clock is set to
 173:Generated_Source\PSoC4/Clock_PWM.c **** *  divide by 2, the return value will be 1.
 174:Generated_Source\PSoC4/Clock_PWM.c **** *
 175:Generated_Source\PSoC4/Clock_PWM.c **** *******************************************************************************/
 176:Generated_Source\PSoC4/Clock_PWM.c **** uint16 Clock_PWM_GetDividerRegister(void)
 177:Generated_Source\PSoC4/Clock_PWM.c **** {
 140              		.loc 1 177 0
 141              		.cfi_startproc
 178:Generated_Source\PSoC4/Clock_PWM.c ****     return (uint16)((Clock_PWM_DIV_REG & Clock_PWM_DIV_INT_MASK)
 142              		.loc 1 178 0
 143 0000 024B     		ldr	r3, .L13
 144 0002 1868     		ldr	r0, [r3]
 179:Generated_Source\PSoC4/Clock_PWM.c ****         >> Clock_PWM_DIV_INT_SHIFT);
 145              		.loc 1 179 0
 146 0004 000A     		lsr	r0, r0, #8
 178:Generated_Source\PSoC4/Clock_PWM.c ****     return (uint16)((Clock_PWM_DIV_REG & Clock_PWM_DIV_INT_MASK)
 147              		.loc 1 178 0
 148 0006 80B2     		uxth	r0, r0
 180:Generated_Source\PSoC4/Clock_PWM.c **** }
 149              		.loc 1 180 0
 150              		@ sp needed
 151 0008 7047     		bx	lr
 152              	.L14:
 153 000a C046     		.align	2
 154              	.L13:
 155 000c 00040140 		.word	1073808384
 156              		.cfi_endproc
 157              	.LFE3:
 158              		.size	Clock_PWM_GetDividerRegister, .-Clock_PWM_GetDividerRegister
ARM GAS  C:\Users\Nick\AppData\Local\Temp\ccQq1DU0.s 			page 7


 159              		.section	.text.Clock_PWM_GetFractionalDividerRegister,"ax",%progbits
 160              		.align	2
 161              		.global	Clock_PWM_GetFractionalDividerRegister
 162              		.code	16
 163              		.thumb_func
 164              		.type	Clock_PWM_GetFractionalDividerRegister, %function
 165              	Clock_PWM_GetFractionalDividerRegister:
 166              	.LFB4:
 181:Generated_Source\PSoC4/Clock_PWM.c **** 
 182:Generated_Source\PSoC4/Clock_PWM.c **** 
 183:Generated_Source\PSoC4/Clock_PWM.c **** /*******************************************************************************
 184:Generated_Source\PSoC4/Clock_PWM.c **** * Function Name: Clock_PWM_GetFractionalDividerRegister
 185:Generated_Source\PSoC4/Clock_PWM.c **** ********************************************************************************
 186:Generated_Source\PSoC4/Clock_PWM.c **** *
 187:Generated_Source\PSoC4/Clock_PWM.c **** * Summary:
 188:Generated_Source\PSoC4/Clock_PWM.c **** *  Gets the clock fractional divider register value.
 189:Generated_Source\PSoC4/Clock_PWM.c **** *
 190:Generated_Source\PSoC4/Clock_PWM.c **** * Parameters:
 191:Generated_Source\PSoC4/Clock_PWM.c **** *  None
 192:Generated_Source\PSoC4/Clock_PWM.c **** *
 193:Generated_Source\PSoC4/Clock_PWM.c **** * Returns:
 194:Generated_Source\PSoC4/Clock_PWM.c **** *  Fractional Divide value of the clock
 195:Generated_Source\PSoC4/Clock_PWM.c **** *  0 if the fractional divider is not in use.
 196:Generated_Source\PSoC4/Clock_PWM.c **** *
 197:Generated_Source\PSoC4/Clock_PWM.c **** *******************************************************************************/
 198:Generated_Source\PSoC4/Clock_PWM.c **** uint8 Clock_PWM_GetFractionalDividerRegister(void)
 199:Generated_Source\PSoC4/Clock_PWM.c **** {
 167              		.loc 1 199 0
 168              		.cfi_startproc
 200:Generated_Source\PSoC4/Clock_PWM.c **** #if defined (Clock_PWM__FRAC_MASK)
 201:Generated_Source\PSoC4/Clock_PWM.c ****     /* return fractional divider bits */
 202:Generated_Source\PSoC4/Clock_PWM.c ****     return (uint8)((Clock_PWM_DIV_REG & Clock_PWM_DIV_FRAC_MASK)
 169              		.loc 1 202 0
 170 0000 024B     		ldr	r3, .L16
 171 0002 1868     		ldr	r0, [r3]
 172 0004 0006     		lsl	r0, r0, #24
 173 0006 C00E     		lsr	r0, r0, #27
 203:Generated_Source\PSoC4/Clock_PWM.c ****         >> Clock_PWM_DIV_FRAC_SHIFT);
 204:Generated_Source\PSoC4/Clock_PWM.c **** #else
 205:Generated_Source\PSoC4/Clock_PWM.c ****     return 0u;
 206:Generated_Source\PSoC4/Clock_PWM.c **** #endif /* Clock_PWM__FRAC_MASK */
 207:Generated_Source\PSoC4/Clock_PWM.c **** }
 174              		.loc 1 207 0
 175              		@ sp needed
 176 0008 7047     		bx	lr
 177              	.L17:
 178 000a C046     		.align	2
 179              	.L16:
 180 000c 00040140 		.word	1073808384
 181              		.cfi_endproc
 182              	.LFE4:
 183              		.size	Clock_PWM_GetFractionalDividerRegister, .-Clock_PWM_GetFractionalDividerRegister
 184              		.text
 185              	.Letext0:
 186              		.file 2 "Generated_Source\\PSoC4/cytypes.h"
 187              		.section	.debug_info,"",%progbits
 188              	.Ldebug_info0:
ARM GAS  C:\Users\Nick\AppData\Local\Temp\ccQq1DU0.s 			page 8


 189 0000 5F010000 		.4byte	0x15f
 190 0004 0400     		.2byte	0x4
 191 0006 00000000 		.4byte	.Ldebug_abbrev0
 192 000a 04       		.byte	0x4
 193 000b 01       		.uleb128 0x1
 194 000c 97010000 		.4byte	.LASF25
 195 0010 01       		.byte	0x1
 196 0011 60000000 		.4byte	.LASF26
 197 0015 FB000000 		.4byte	.LASF27
 198 0019 00000000 		.4byte	.Ldebug_ranges0+0
 199 001d 00000000 		.4byte	0
 200 0021 00000000 		.4byte	.Ldebug_line0
 201 0025 02       		.uleb128 0x2
 202 0026 01       		.byte	0x1
 203 0027 06       		.byte	0x6
 204 0028 65020000 		.4byte	.LASF0
 205 002c 02       		.uleb128 0x2
 206 002d 01       		.byte	0x1
 207 002e 08       		.byte	0x8
 208 002f 23000000 		.4byte	.LASF1
 209 0033 02       		.uleb128 0x2
 210 0034 02       		.byte	0x2
 211 0035 05       		.byte	0x5
 212 0036 25020000 		.4byte	.LASF2
 213 003a 02       		.uleb128 0x2
 214 003b 02       		.byte	0x2
 215 003c 07       		.byte	0x7
 216 003d 83000000 		.4byte	.LASF3
 217 0041 02       		.uleb128 0x2
 218 0042 04       		.byte	0x4
 219 0043 05       		.byte	0x5
 220 0044 5C020000 		.4byte	.LASF4
 221 0048 02       		.uleb128 0x2
 222 0049 04       		.byte	0x4
 223 004a 07       		.byte	0x7
 224 004b 4E000000 		.4byte	.LASF5
 225 004f 02       		.uleb128 0x2
 226 0050 08       		.byte	0x8
 227 0051 05       		.byte	0x5
 228 0052 84010000 		.4byte	.LASF6
 229 0056 02       		.uleb128 0x2
 230 0057 08       		.byte	0x8
 231 0058 07       		.byte	0x7
 232 0059 E4000000 		.4byte	.LASF7
 233 005d 03       		.uleb128 0x3
 234 005e 04       		.byte	0x4
 235 005f 05       		.byte	0x5
 236 0060 696E7400 		.ascii	"int\000"
 237 0064 02       		.uleb128 0x2
 238 0065 04       		.byte	0x4
 239 0066 07       		.byte	0x7
 240 0067 D7000000 		.4byte	.LASF8
 241 006b 04       		.uleb128 0x4
 242 006c 2F020000 		.4byte	.LASF9
 243 0070 02       		.byte	0x2
 244 0071 C2       		.byte	0xc2
 245 0072 2C000000 		.4byte	0x2c
ARM GAS  C:\Users\Nick\AppData\Local\Temp\ccQq1DU0.s 			page 9


 246 0076 04       		.uleb128 0x4
 247 0077 C9000000 		.4byte	.LASF10
 248 007b 02       		.byte	0x2
 249 007c C3       		.byte	0xc3
 250 007d 3A000000 		.4byte	0x3a
 251 0081 04       		.uleb128 0x4
 252 0082 D0000000 		.4byte	.LASF11
 253 0086 02       		.byte	0x2
 254 0087 C4       		.byte	0xc4
 255 0088 48000000 		.4byte	0x48
 256 008c 02       		.uleb128 0x2
 257 008d 04       		.byte	0x4
 258 008e 04       		.byte	0x4
 259 008f 1D000000 		.4byte	.LASF12
 260 0093 02       		.uleb128 0x2
 261 0094 08       		.byte	0x8
 262 0095 04       		.byte	0x4
 263 0096 A1000000 		.4byte	.LASF13
 264 009a 02       		.uleb128 0x2
 265 009b 01       		.byte	0x1
 266 009c 08       		.byte	0x8
 267 009d 92010000 		.4byte	.LASF14
 268 00a1 05       		.uleb128 0x5
 269 00a2 00000000 		.4byte	.LASF15
 270 00a6 02       		.byte	0x2
 271 00a7 6E01     		.2byte	0x16e
 272 00a9 AD000000 		.4byte	0xad
 273 00ad 06       		.uleb128 0x6
 274 00ae 81000000 		.4byte	0x81
 275 00b2 07       		.uleb128 0x7
 276 00b3 4B010000 		.4byte	.LASF16
 277 00b7 01       		.byte	0x1
 278 00b8 27       		.byte	0x27
 279 00b9 00000000 		.4byte	.LFB0
 280 00bd 1C000000 		.4byte	.LFE0-.LFB0
 281 00c1 01       		.uleb128 0x1
 282 00c2 9C       		.byte	0x9c
 283 00c3 D7000000 		.4byte	0xd7
 284 00c7 08       		.uleb128 0x8
 285 00c8 AF000000 		.4byte	.LASF18
 286 00cc 01       		.byte	0x1
 287 00cd 27       		.byte	0x27
 288 00ce 81000000 		.4byte	0x81
 289 00d2 00000000 		.4byte	.LLST0
 290 00d6 00       		.byte	0
 291 00d7 09       		.uleb128 0x9
 292 00d8 06000000 		.4byte	.LASF28
 293 00dc 01       		.byte	0x1
 294 00dd 5F       		.byte	0x5f
 295 00de 00000000 		.4byte	.LFB1
 296 00e2 18000000 		.4byte	.LFE1-.LFB1
 297 00e6 01       		.uleb128 0x1
 298 00e7 9C       		.byte	0x9c
 299 00e8 07       		.uleb128 0x7
 300 00e9 35020000 		.4byte	.LASF17
 301 00ed 01       		.byte	0x1
 302 00ee 86       		.byte	0x86
ARM GAS  C:\Users\Nick\AppData\Local\Temp\ccQq1DU0.s 			page 10


 303 00ef 00000000 		.4byte	.LFB2
 304 00f3 20000000 		.4byte	.LFE2-.LFB2
 305 00f7 01       		.uleb128 0x1
 306 00f8 9C       		.byte	0x9c
 307 00f9 38010000 		.4byte	0x138
 308 00fd 08       		.uleb128 0x8
 309 00fe 96000000 		.4byte	.LASF19
 310 0102 01       		.byte	0x1
 311 0103 86       		.byte	0x86
 312 0104 76000000 		.4byte	0x76
 313 0108 21000000 		.4byte	.LLST1
 314 010c 08       		.uleb128 0x8
 315 010d BB000000 		.4byte	.LASF20
 316 0111 01       		.byte	0x1
 317 0112 86       		.byte	0x86
 318 0113 6B000000 		.4byte	0x6b
 319 0117 42000000 		.4byte	.LLST2
 320 011b 0A       		.uleb128 0xa
 321 011c 15000000 		.4byte	.LASF21
 322 0120 01       		.byte	0x1
 323 0121 88       		.byte	0x88
 324 0122 81000000 		.4byte	0x81
 325 0126 63000000 		.4byte	.LLST3
 326 012a 0B       		.uleb128 0xb
 327 012b A8000000 		.4byte	.LASF22
 328 012f 01       		.byte	0x1
 329 0130 89       		.byte	0x89
 330 0131 81000000 		.4byte	0x81
 331 0135 01       		.uleb128 0x1
 332 0136 51       		.byte	0x51
 333 0137 00       		.byte	0
 334 0138 0C       		.uleb128 0xc
 335 0139 31000000 		.4byte	.LASF23
 336 013d 01       		.byte	0x1
 337 013e B0       		.byte	0xb0
 338 013f 76000000 		.4byte	0x76
 339 0143 00000000 		.4byte	.LFB3
 340 0147 10000000 		.4byte	.LFE3-.LFB3
 341 014b 01       		.uleb128 0x1
 342 014c 9C       		.byte	0x9c
 343 014d 0C       		.uleb128 0xc
 344 014e 5D010000 		.4byte	.LASF24
 345 0152 01       		.byte	0x1
 346 0153 C6       		.byte	0xc6
 347 0154 6B000000 		.4byte	0x6b
 348 0158 00000000 		.4byte	.LFB4
 349 015c 10000000 		.4byte	.LFE4-.LFB4
 350 0160 01       		.uleb128 0x1
 351 0161 9C       		.byte	0x9c
 352 0162 00       		.byte	0
 353              		.section	.debug_abbrev,"",%progbits
 354              	.Ldebug_abbrev0:
 355 0000 01       		.uleb128 0x1
 356 0001 11       		.uleb128 0x11
 357 0002 01       		.byte	0x1
 358 0003 25       		.uleb128 0x25
 359 0004 0E       		.uleb128 0xe
ARM GAS  C:\Users\Nick\AppData\Local\Temp\ccQq1DU0.s 			page 11


 360 0005 13       		.uleb128 0x13
 361 0006 0B       		.uleb128 0xb
 362 0007 03       		.uleb128 0x3
 363 0008 0E       		.uleb128 0xe
 364 0009 1B       		.uleb128 0x1b
 365 000a 0E       		.uleb128 0xe
 366 000b 55       		.uleb128 0x55
 367 000c 17       		.uleb128 0x17
 368 000d 11       		.uleb128 0x11
 369 000e 01       		.uleb128 0x1
 370 000f 10       		.uleb128 0x10
 371 0010 17       		.uleb128 0x17
 372 0011 00       		.byte	0
 373 0012 00       		.byte	0
 374 0013 02       		.uleb128 0x2
 375 0014 24       		.uleb128 0x24
 376 0015 00       		.byte	0
 377 0016 0B       		.uleb128 0xb
 378 0017 0B       		.uleb128 0xb
 379 0018 3E       		.uleb128 0x3e
 380 0019 0B       		.uleb128 0xb
 381 001a 03       		.uleb128 0x3
 382 001b 0E       		.uleb128 0xe
 383 001c 00       		.byte	0
 384 001d 00       		.byte	0
 385 001e 03       		.uleb128 0x3
 386 001f 24       		.uleb128 0x24
 387 0020 00       		.byte	0
 388 0021 0B       		.uleb128 0xb
 389 0022 0B       		.uleb128 0xb
 390 0023 3E       		.uleb128 0x3e
 391 0024 0B       		.uleb128 0xb
 392 0025 03       		.uleb128 0x3
 393 0026 08       		.uleb128 0x8
 394 0027 00       		.byte	0
 395 0028 00       		.byte	0
 396 0029 04       		.uleb128 0x4
 397 002a 16       		.uleb128 0x16
 398 002b 00       		.byte	0
 399 002c 03       		.uleb128 0x3
 400 002d 0E       		.uleb128 0xe
 401 002e 3A       		.uleb128 0x3a
 402 002f 0B       		.uleb128 0xb
 403 0030 3B       		.uleb128 0x3b
 404 0031 0B       		.uleb128 0xb
 405 0032 49       		.uleb128 0x49
 406 0033 13       		.uleb128 0x13
 407 0034 00       		.byte	0
 408 0035 00       		.byte	0
 409 0036 05       		.uleb128 0x5
 410 0037 16       		.uleb128 0x16
 411 0038 00       		.byte	0
 412 0039 03       		.uleb128 0x3
 413 003a 0E       		.uleb128 0xe
 414 003b 3A       		.uleb128 0x3a
 415 003c 0B       		.uleb128 0xb
 416 003d 3B       		.uleb128 0x3b
ARM GAS  C:\Users\Nick\AppData\Local\Temp\ccQq1DU0.s 			page 12


 417 003e 05       		.uleb128 0x5
 418 003f 49       		.uleb128 0x49
 419 0040 13       		.uleb128 0x13
 420 0041 00       		.byte	0
 421 0042 00       		.byte	0
 422 0043 06       		.uleb128 0x6
 423 0044 35       		.uleb128 0x35
 424 0045 00       		.byte	0
 425 0046 49       		.uleb128 0x49
 426 0047 13       		.uleb128 0x13
 427 0048 00       		.byte	0
 428 0049 00       		.byte	0
 429 004a 07       		.uleb128 0x7
 430 004b 2E       		.uleb128 0x2e
 431 004c 01       		.byte	0x1
 432 004d 3F       		.uleb128 0x3f
 433 004e 19       		.uleb128 0x19
 434 004f 03       		.uleb128 0x3
 435 0050 0E       		.uleb128 0xe
 436 0051 3A       		.uleb128 0x3a
 437 0052 0B       		.uleb128 0xb
 438 0053 3B       		.uleb128 0x3b
 439 0054 0B       		.uleb128 0xb
 440 0055 27       		.uleb128 0x27
 441 0056 19       		.uleb128 0x19
 442 0057 11       		.uleb128 0x11
 443 0058 01       		.uleb128 0x1
 444 0059 12       		.uleb128 0x12
 445 005a 06       		.uleb128 0x6
 446 005b 40       		.uleb128 0x40
 447 005c 18       		.uleb128 0x18
 448 005d 9742     		.uleb128 0x2117
 449 005f 19       		.uleb128 0x19
 450 0060 01       		.uleb128 0x1
 451 0061 13       		.uleb128 0x13
 452 0062 00       		.byte	0
 453 0063 00       		.byte	0
 454 0064 08       		.uleb128 0x8
 455 0065 05       		.uleb128 0x5
 456 0066 00       		.byte	0
 457 0067 03       		.uleb128 0x3
 458 0068 0E       		.uleb128 0xe
 459 0069 3A       		.uleb128 0x3a
 460 006a 0B       		.uleb128 0xb
 461 006b 3B       		.uleb128 0x3b
 462 006c 0B       		.uleb128 0xb
 463 006d 49       		.uleb128 0x49
 464 006e 13       		.uleb128 0x13
 465 006f 02       		.uleb128 0x2
 466 0070 17       		.uleb128 0x17
 467 0071 00       		.byte	0
 468 0072 00       		.byte	0
 469 0073 09       		.uleb128 0x9
 470 0074 2E       		.uleb128 0x2e
 471 0075 00       		.byte	0
 472 0076 3F       		.uleb128 0x3f
 473 0077 19       		.uleb128 0x19
ARM GAS  C:\Users\Nick\AppData\Local\Temp\ccQq1DU0.s 			page 13


 474 0078 03       		.uleb128 0x3
 475 0079 0E       		.uleb128 0xe
 476 007a 3A       		.uleb128 0x3a
 477 007b 0B       		.uleb128 0xb
 478 007c 3B       		.uleb128 0x3b
 479 007d 0B       		.uleb128 0xb
 480 007e 27       		.uleb128 0x27
 481 007f 19       		.uleb128 0x19
 482 0080 11       		.uleb128 0x11
 483 0081 01       		.uleb128 0x1
 484 0082 12       		.uleb128 0x12
 485 0083 06       		.uleb128 0x6
 486 0084 40       		.uleb128 0x40
 487 0085 18       		.uleb128 0x18
 488 0086 9742     		.uleb128 0x2117
 489 0088 19       		.uleb128 0x19
 490 0089 00       		.byte	0
 491 008a 00       		.byte	0
 492 008b 0A       		.uleb128 0xa
 493 008c 34       		.uleb128 0x34
 494 008d 00       		.byte	0
 495 008e 03       		.uleb128 0x3
 496 008f 0E       		.uleb128 0xe
 497 0090 3A       		.uleb128 0x3a
 498 0091 0B       		.uleb128 0xb
 499 0092 3B       		.uleb128 0x3b
 500 0093 0B       		.uleb128 0xb
 501 0094 49       		.uleb128 0x49
 502 0095 13       		.uleb128 0x13
 503 0096 02       		.uleb128 0x2
 504 0097 17       		.uleb128 0x17
 505 0098 00       		.byte	0
 506 0099 00       		.byte	0
 507 009a 0B       		.uleb128 0xb
 508 009b 34       		.uleb128 0x34
 509 009c 00       		.byte	0
 510 009d 03       		.uleb128 0x3
 511 009e 0E       		.uleb128 0xe
 512 009f 3A       		.uleb128 0x3a
 513 00a0 0B       		.uleb128 0xb
 514 00a1 3B       		.uleb128 0x3b
 515 00a2 0B       		.uleb128 0xb
 516 00a3 49       		.uleb128 0x49
 517 00a4 13       		.uleb128 0x13
 518 00a5 02       		.uleb128 0x2
 519 00a6 18       		.uleb128 0x18
 520 00a7 00       		.byte	0
 521 00a8 00       		.byte	0
 522 00a9 0C       		.uleb128 0xc
 523 00aa 2E       		.uleb128 0x2e
 524 00ab 00       		.byte	0
 525 00ac 3F       		.uleb128 0x3f
 526 00ad 19       		.uleb128 0x19
 527 00ae 03       		.uleb128 0x3
 528 00af 0E       		.uleb128 0xe
 529 00b0 3A       		.uleb128 0x3a
 530 00b1 0B       		.uleb128 0xb
ARM GAS  C:\Users\Nick\AppData\Local\Temp\ccQq1DU0.s 			page 14


 531 00b2 3B       		.uleb128 0x3b
 532 00b3 0B       		.uleb128 0xb
 533 00b4 27       		.uleb128 0x27
 534 00b5 19       		.uleb128 0x19
 535 00b6 49       		.uleb128 0x49
 536 00b7 13       		.uleb128 0x13
 537 00b8 11       		.uleb128 0x11
 538 00b9 01       		.uleb128 0x1
 539 00ba 12       		.uleb128 0x12
 540 00bb 06       		.uleb128 0x6
 541 00bc 40       		.uleb128 0x40
 542 00bd 18       		.uleb128 0x18
 543 00be 9742     		.uleb128 0x2117
 544 00c0 19       		.uleb128 0x19
 545 00c1 00       		.byte	0
 546 00c2 00       		.byte	0
 547 00c3 00       		.byte	0
 548              		.section	.debug_loc,"",%progbits
 549              	.Ldebug_loc0:
 550              	.LLST0:
 551 0000 00000000 		.4byte	.LVL0
 552 0004 0A000000 		.4byte	.LVL1
 553 0008 0100     		.2byte	0x1
 554 000a 50       		.byte	0x50
 555 000b 0A000000 		.4byte	.LVL1
 556 000f 1C000000 		.4byte	.LFE0
 557 0013 0400     		.2byte	0x4
 558 0015 F3       		.byte	0xf3
 559 0016 01       		.uleb128 0x1
 560 0017 50       		.byte	0x50
 561 0018 9F       		.byte	0x9f
 562 0019 00000000 		.4byte	0
 563 001d 00000000 		.4byte	0
 564              	.LLST1:
 565 0021 00000000 		.4byte	.LVL2
 566 0025 0C000000 		.4byte	.LVL4
 567 0029 0100     		.2byte	0x1
 568 002b 50       		.byte	0x50
 569 002c 0C000000 		.4byte	.LVL4
 570 0030 20000000 		.4byte	.LFE2
 571 0034 0400     		.2byte	0x4
 572 0036 F3       		.byte	0xf3
 573 0037 01       		.uleb128 0x1
 574 0038 50       		.byte	0x50
 575 0039 9F       		.byte	0x9f
 576 003a 00000000 		.4byte	0
 577 003e 00000000 		.4byte	0
 578              	.LLST2:
 579 0042 00000000 		.4byte	.LVL2
 580 0046 12000000 		.4byte	.LVL6
 581 004a 0100     		.2byte	0x1
 582 004c 51       		.byte	0x51
 583 004d 12000000 		.4byte	.LVL6
 584 0051 20000000 		.4byte	.LFE2
 585 0055 0400     		.2byte	0x4
 586 0057 F3       		.byte	0xf3
 587 0058 01       		.uleb128 0x1
ARM GAS  C:\Users\Nick\AppData\Local\Temp\ccQq1DU0.s 			page 15


 588 0059 51       		.byte	0x51
 589 005a 9F       		.byte	0x9f
 590 005b 00000000 		.4byte	0
 591 005f 00000000 		.4byte	0
 592              	.LLST3:
 593 0063 0A000000 		.4byte	.LVL3
 594 0067 10000000 		.4byte	.LVL5
 595 006b 0100     		.2byte	0x1
 596 006d 53       		.byte	0x53
 597 006e 00000000 		.4byte	0
 598 0072 00000000 		.4byte	0
 599              		.section	.debug_aranges,"",%progbits
 600 0000 3C000000 		.4byte	0x3c
 601 0004 0200     		.2byte	0x2
 602 0006 00000000 		.4byte	.Ldebug_info0
 603 000a 04       		.byte	0x4
 604 000b 00       		.byte	0
 605 000c 0000     		.2byte	0
 606 000e 0000     		.2byte	0
 607 0010 00000000 		.4byte	.LFB0
 608 0014 1C000000 		.4byte	.LFE0-.LFB0
 609 0018 00000000 		.4byte	.LFB1
 610 001c 18000000 		.4byte	.LFE1-.LFB1
 611 0020 00000000 		.4byte	.LFB2
 612 0024 20000000 		.4byte	.LFE2-.LFB2
 613 0028 00000000 		.4byte	.LFB3
 614 002c 10000000 		.4byte	.LFE3-.LFB3
 615 0030 00000000 		.4byte	.LFB4
 616 0034 10000000 		.4byte	.LFE4-.LFB4
 617 0038 00000000 		.4byte	0
 618 003c 00000000 		.4byte	0
 619              		.section	.debug_ranges,"",%progbits
 620              	.Ldebug_ranges0:
 621 0000 00000000 		.4byte	.LFB0
 622 0004 1C000000 		.4byte	.LFE0
 623 0008 00000000 		.4byte	.LFB1
 624 000c 18000000 		.4byte	.LFE1
 625 0010 00000000 		.4byte	.LFB2
 626 0014 20000000 		.4byte	.LFE2
 627 0018 00000000 		.4byte	.LFB3
 628 001c 10000000 		.4byte	.LFE3
 629 0020 00000000 		.4byte	.LFB4
 630 0024 10000000 		.4byte	.LFE4
 631 0028 00000000 		.4byte	0
 632 002c 00000000 		.4byte	0
 633              		.section	.debug_line,"",%progbits
 634              	.Ldebug_line0:
 635 0000 BB000000 		.section	.debug_str,"MS",%progbits,1
 635      02004600 
 635      00000201 
 635      FB0E0D00 
 635      01010101 
 636              	.LASF15:
 637 0000 72656733 		.ascii	"reg32\000"
 637      3200
 638              	.LASF28:
 639 0006 436C6F63 		.ascii	"Clock_PWM_Stop\000"
ARM GAS  C:\Users\Nick\AppData\Local\Temp\ccQq1DU0.s 			page 16


 639      6B5F5057 
 639      4D5F5374 
 639      6F7000
 640              	.LASF21:
 641 0015 6D61736B 		.ascii	"maskVal\000"
 641      56616C00 
 642              	.LASF12:
 643 001d 666C6F61 		.ascii	"float\000"
 643      7400
 644              	.LASF1:
 645 0023 756E7369 		.ascii	"unsigned char\000"
 645      676E6564 
 645      20636861 
 645      7200
 646              	.LASF23:
 647 0031 436C6F63 		.ascii	"Clock_PWM_GetDividerRegister\000"
 647      6B5F5057 
 647      4D5F4765 
 647      74446976 
 647      69646572 
 648              	.LASF5:
 649 004e 6C6F6E67 		.ascii	"long unsigned int\000"
 649      20756E73 
 649      69676E65 
 649      6420696E 
 649      7400
 650              	.LASF26:
 651 0060 47656E65 		.ascii	"Generated_Source\\PSoC4\\Clock_PWM.c\000"
 651      72617465 
 651      645F536F 
 651      75726365 
 651      5C50536F 
 652              	.LASF3:
 653 0083 73686F72 		.ascii	"short unsigned int\000"
 653      7420756E 
 653      7369676E 
 653      65642069 
 653      6E7400
 654              	.LASF19:
 655 0096 636C6B44 		.ascii	"clkDivider\000"
 655      69766964 
 655      657200
 656              	.LASF13:
 657 00a1 646F7562 		.ascii	"double\000"
 657      6C6500
 658              	.LASF22:
 659 00a8 72656756 		.ascii	"regVal\000"
 659      616C00
 660              	.LASF18:
 661 00af 616C6967 		.ascii	"alignClkDiv\000"
 661      6E436C6B 
 661      44697600 
 662              	.LASF20:
 663 00bb 636C6B46 		.ascii	"clkFractional\000"
 663      72616374 
 663      696F6E61 
 663      6C00
ARM GAS  C:\Users\Nick\AppData\Local\Temp\ccQq1DU0.s 			page 17


 664              	.LASF10:
 665 00c9 75696E74 		.ascii	"uint16\000"
 665      313600
 666              	.LASF11:
 667 00d0 75696E74 		.ascii	"uint32\000"
 667      333200
 668              	.LASF8:
 669 00d7 756E7369 		.ascii	"unsigned int\000"
 669      676E6564 
 669      20696E74 
 669      00
 670              	.LASF7:
 671 00e4 6C6F6E67 		.ascii	"long long unsigned int\000"
 671      206C6F6E 
 671      6720756E 
 671      7369676E 
 671      65642069 
 672              	.LASF27:
 673 00fb 433A5C55 		.ascii	"C:\\Users\\Nick\\Documents\\PSoC Creator\\capsensel"
 673      73657273 
 673      5C4E6963 
 673      6B5C446F 
 673      63756D65 
 674 0129 6564315C 		.ascii	"ed1\\capsenseled\\capsenseled.cydsn\000"
 674      63617073 
 674      656E7365 
 674      6C65645C 
 674      63617073 
 675              	.LASF16:
 676 014b 436C6F63 		.ascii	"Clock_PWM_StartEx\000"
 676      6B5F5057 
 676      4D5F5374 
 676      61727445 
 676      7800
 677              	.LASF24:
 678 015d 436C6F63 		.ascii	"Clock_PWM_GetFractionalDividerRegister\000"
 678      6B5F5057 
 678      4D5F4765 
 678      74467261 
 678      6374696F 
 679              	.LASF6:
 680 0184 6C6F6E67 		.ascii	"long long int\000"
 680      206C6F6E 
 680      6720696E 
 680      7400
 681              	.LASF14:
 682 0192 63686172 		.ascii	"char\000"
 682      00
 683              	.LASF25:
 684 0197 474E5520 		.ascii	"GNU C 4.9.3 20150303 (release) [ARM/embedded-4_9-br"
 684      4320342E 
 684      392E3320 
 684      32303135 
 684      30333033 
 685 01ca 616E6368 		.ascii	"anch revision 221220] -mcpu=cortex-m0 -mthumb -g -O"
 685      20726576 
 685      6973696F 
ARM GAS  C:\Users\Nick\AppData\Local\Temp\ccQq1DU0.s 			page 18


 685      6E203232 
 685      31323230 
 686 01fd 67202D66 		.ascii	"g -ffunction-sections -ffat-lto-objects\000"
 686      66756E63 
 686      74696F6E 
 686      2D736563 
 686      74696F6E 
 687              	.LASF2:
 688 0225 73686F72 		.ascii	"short int\000"
 688      7420696E 
 688      7400
 689              	.LASF9:
 690 022f 75696E74 		.ascii	"uint8\000"
 690      3800
 691              	.LASF17:
 692 0235 436C6F63 		.ascii	"Clock_PWM_SetFractionalDividerRegister\000"
 692      6B5F5057 
 692      4D5F5365 
 692      74467261 
 692      6374696F 
 693              	.LASF4:
 694 025c 6C6F6E67 		.ascii	"long int\000"
 694      20696E74 
 694      00
 695              	.LASF0:
 696 0265 7369676E 		.ascii	"signed char\000"
 696      65642063 
 696      68617200 
 697              		.ident	"GCC: (GNU Tools for ARM Embedded Processors) 4.9.3 20150303 (release) [ARM/embedded-4_9-br
